Archive member included because of file (symbol)

c:/program files (x86)/gnu tools arm embedded/4.9 2015q3/bin/../lib/gcc/arm-none-eabi/4.9.3/armv7e-m/fpu\libgcc.a(_aeabi_ldivmod.o)
                              ./synergy/ssp/src/driver/r_sci_uart/r_sci_uart.o (__aeabi_ldivmod)
c:/program files (x86)/gnu tools arm embedded/4.9 2015q3/bin/../lib/gcc/arm-none-eabi/4.9.3/armv7e-m/fpu\libgcc.a(bpabi.o)
                              c:/program files (x86)/gnu tools arm embedded/4.9 2015q3/bin/../lib/gcc/arm-none-eabi/4.9.3/armv7e-m/fpu\libgcc.a(_aeabi_ldivmod.o) (__gnu_ldivmod_helper)
c:/program files (x86)/gnu tools arm embedded/4.9 2015q3/bin/../lib/gcc/arm-none-eabi/4.9.3/armv7e-m/fpu\libgcc.a(_dvmd_tls.o)
                              c:/program files (x86)/gnu tools arm embedded/4.9 2015q3/bin/../lib/gcc/arm-none-eabi/4.9.3/armv7e-m/fpu\libgcc.a(_aeabi_ldivmod.o) (__aeabi_ldiv0)
c:/program files (x86)/gnu tools arm embedded/4.9 2015q3/bin/../lib/gcc/arm-none-eabi/4.9.3/armv7e-m/fpu\libgcc.a(_divdi3.o)
                              c:/program files (x86)/gnu tools arm embedded/4.9 2015q3/bin/../lib/gcc/arm-none-eabi/4.9.3/armv7e-m/fpu\libgcc.a(bpabi.o) (__divdi3)
c:/program files (x86)/gnu tools arm embedded/4.9 2015q3/bin/../lib/gcc/arm-none-eabi/4.9.3/armv7e-m/fpu\libgcc.a(_udivdi3.o)
                              c:/program files (x86)/gnu tools arm embedded/4.9 2015q3/bin/../lib/gcc/arm-none-eabi/4.9.3/armv7e-m/fpu\libgcc.a(bpabi.o) (__udivdi3)
c:/program files (x86)/gnu tools arm embedded/4.9 2015q3/bin/../lib/gcc/arm-none-eabi/4.9.3/../../../../arm-none-eabi/lib/armv7e-m/fpu\libg_nano.a(lib_a-errno.o)
                              ./synergy/ssp/src/bsp/mcu/all/bsp_sbrk.o (__errno)
c:/program files (x86)/gnu tools arm embedded/4.9 2015q3/bin/../lib/gcc/arm-none-eabi/4.9.3/../../../../arm-none-eabi/lib/armv7e-m/fpu\libg_nano.a(lib_a-exit.o)
                              c:/program files (x86)/gnu tools arm embedded/4.9 2015q3/bin/../lib/gcc/arm-none-eabi/4.9.3/../../../../arm-none-eabi/lib/armv7e-m/fpu/rdimon-crt0.o (exit)
c:/program files (x86)/gnu tools arm embedded/4.9 2015q3/bin/../lib/gcc/arm-none-eabi/4.9.3/../../../../arm-none-eabi/lib/armv7e-m/fpu\libg_nano.a(lib_a-impure.o)
                              c:/program files (x86)/gnu tools arm embedded/4.9 2015q3/bin/../lib/gcc/arm-none-eabi/4.9.3/../../../../arm-none-eabi/lib/armv7e-m/fpu\libg_nano.a(lib_a-exit.o) (_global_impure_ptr)
c:/program files (x86)/gnu tools arm embedded/4.9 2015q3/bin/../lib/gcc/arm-none-eabi/4.9.3/../../../../arm-none-eabi/lib/armv7e-m/fpu\libg_nano.a(lib_a-init.o)
                              c:/program files (x86)/gnu tools arm embedded/4.9 2015q3/bin/../lib/gcc/arm-none-eabi/4.9.3/../../../../arm-none-eabi/lib/armv7e-m/fpu/rdimon-crt0.o (__libc_init_array)
c:/program files (x86)/gnu tools arm embedded/4.9 2015q3/bin/../lib/gcc/arm-none-eabi/4.9.3/../../../../arm-none-eabi/lib/armv7e-m/fpu\libg_nano.a(lib_a-memset.o)
                              c:/program files (x86)/gnu tools arm embedded/4.9 2015q3/bin/../lib/gcc/arm-none-eabi/4.9.3/../../../../arm-none-eabi/lib/armv7e-m/fpu/rdimon-crt0.o (memset)
c:/program files (x86)/gnu tools arm embedded/4.9 2015q3/bin/../lib/gcc/arm-none-eabi/4.9.3/../../../../arm-none-eabi/lib/armv7e-m/fpu\librdimon_nano.a(rdimon-syscalls.o)
                              c:/program files (x86)/gnu tools arm embedded/4.9 2015q3/bin/../lib/gcc/arm-none-eabi/4.9.3/../../../../arm-none-eabi/lib/armv7e-m/fpu/rdimon-crt0.o (initialise_monitor_handles)
c:/program files (x86)/gnu tools arm embedded/4.9 2015q3/bin/../lib/gcc/arm-none-eabi/4.9.3/../../../../arm-none-eabi/lib/armv7e-m/fpu\librdimon_nano.a(rdimon-_exit.o)
                              c:/program files (x86)/gnu tools arm embedded/4.9 2015q3/bin/../lib/gcc/arm-none-eabi/4.9.3/../../../../arm-none-eabi/lib/armv7e-m/fpu\libg_nano.a(lib_a-exit.o) (_exit)
c:/program files (x86)/gnu tools arm embedded/4.9 2015q3/bin/../lib/gcc/arm-none-eabi/4.9.3/../../../../arm-none-eabi/lib/armv7e-m/fpu\librdimon_nano.a(rdimon-_kill.o)
                              c:/program files (x86)/gnu tools arm embedded/4.9 2015q3/bin/../lib/gcc/arm-none-eabi/4.9.3/../../../../arm-none-eabi/lib/armv7e-m/fpu\librdimon_nano.a(rdimon-_exit.o) (_kill)
c:/program files (x86)/gnu tools arm embedded/4.9 2015q3/bin/../lib/gcc/arm-none-eabi/4.9.3/../../../../arm-none-eabi/lib/armv7e-m/fpu\libc_nano.a(lib_a-findfp.o)
                              c:/program files (x86)/gnu tools arm embedded/4.9 2015q3/bin/../lib/gcc/arm-none-eabi/4.9.3/../../../../arm-none-eabi/lib/armv7e-m/fpu\librdimon_nano.a(rdimon-syscalls.o) (__sinit)
c:/program files (x86)/gnu tools arm embedded/4.9 2015q3/bin/../lib/gcc/arm-none-eabi/4.9.3/../../../../arm-none-eabi/lib/armv7e-m/fpu\libc_nano.a(lib_a-fwalk.o)
[...]
Memory Configuration

Name             Origin             Length             Attributes
FLASH            0x00000000         0x00400000         xr
RAM              0x1ffe0000         0x000a0000         xrw
DATA_FLASH       0x40100000         0x00010000         xr
QSPI_FLASH       0x60000000         0x04000000         xr
SDRAM            0x90000000         0x02000000         xrw
*default*        0x00000000         0xffffffff

Linker script and memory map

LOAD c:/program files (x86)/gnu tools arm embedded/4.9 2015q3/bin/../lib/gcc/arm-none-eabi/4.9.3/armv7e-m/fpu/crti.o
LOAD c:/program files (x86)/gnu tools arm embedded/4.9 2015q3/bin/../lib/gcc/arm-none-eabi/4.9.3/armv7e-m/fpu/crtbegin.o
LOAD c:/program files (x86)/gnu tools arm embedded/4.9 2015q3/bin/../lib/gcc/arm-none-eabi/4.9.3/../../../../arm-none-eabi/lib/armv7e-m/fpu/rdimon-crt0.o
START GROUP
LOAD ./synergy/ssp/src/driver/r_sci_uart/r_sci_uart.o
LOAD ./synergy/ssp/src/driver/r_ioport/r_ioport.o
LOAD ./synergy/ssp/src/driver/r_fmi/r_fmi.o
LOAD ./synergy/ssp/src/driver/r_elc/r_elc.o
LOAD ./synergy/ssp/src/driver/r_dtc/r_dtc.o
LOAD ./synergy/ssp/src/driver/r_cgc/hw/hw_cgc.o
LOAD ./synergy/ssp/src/driver/r_cgc/r_cgc.o
LOAD ./synergy/ssp/src/bsp/mcu/s7g2/bsp_cache.o
LOAD ./synergy/ssp/src/bsp/mcu/s7g2/bsp_clocks.o
LOAD ./synergy/ssp/src/bsp/mcu/s7g2/bsp_feature.o
LOAD ./synergy/ssp/src/bsp/mcu/s7g2/bsp_fmi_R7FS7G27H3A01CFC.o
LOAD ./synergy/ssp/src/bsp/mcu/s7g2/bsp_group_irq.o
LOAD ./synergy/ssp/src/bsp/mcu/s7g2/bsp_hw_locks.o
LOAD ./synergy/ssp/src/bsp/mcu/s7g2/bsp_module_stop.o
LOAD ./synergy/ssp/src/bsp/mcu/s7g2/bsp_rom_registers.o
LOAD ./synergy/ssp/src/bsp/mcu/all/bsp_common.o
LOAD ./synergy/ssp/src/bsp/mcu/all/bsp_common_leds.o
LOAD ./synergy/ssp/src/bsp/mcu/all/bsp_delay.o
LOAD ./synergy/ssp/src/bsp/mcu/all/bsp_irq.o
LOAD ./synergy/ssp/src/bsp/mcu/all/bsp_locking.o
LOAD ./synergy/ssp/src/bsp/mcu/all/bsp_register_protection.o
LOAD ./synergy/ssp/src/bsp/mcu/all/bsp_sbrk.o
LOAD ./synergy/ssp/src/bsp/cmsis/Device/RENESAS/S7G2/Source/startup_S7G2.o
LOAD ./synergy/ssp/src/bsp/cmsis/Device/RENESAS/S7G2/Source/system_S7G2.o
LOAD ./synergy/board/s7g2_sk/bsp_init.o
LOAD ./synergy/board/s7g2_sk/bsp_leds.o
LOAD ./synergy/board/s7g2_sk/bsp_qspi.o
LOAD ./src/synergy_gen/common_data.o
LOAD ./src/synergy_gen/hal_data.o
LOAD ./src/synergy_gen/main.o
LOAD ./src/synergy_gen/pin_data.o
LOAD ./src/hal_entry.o
LOAD C:\Users\Cesario\e2_studio\workspace\UART\synergy\ssp\src\bsp\cmsis\DSP_Lib\cm4_gcc\libDSP_Lib.a
END GROUP
START GROUP
LOAD c:/program files (x86)/gnu tools arm embedded/4.9 2015q3/bin/../lib/gcc/arm-none-eabi/4.9.3/armv7e-m/fpu\libgcc.a
LOAD c:/program files (x86)/gnu tools arm embedded/4.9 2015q3/bin/../lib/gcc/arm-none-eabi/4.9.3/../../../../arm-none-eabi/lib/armv7e-m/fpu\libg_nano.a
LOAD c:/program files (x86)/gnu tools arm embedded/4.9 2015q3/bin/../lib/gcc/arm-none-eabi/4.9.3/../../../../arm-none-eabi/lib/armv7e-m/fpu\libc_nano.a
END GROUP
START GROUP
LOAD c:/program files (x86)/gnu tools arm embedded/4.9 2015q3/bin/../lib/gcc/arm-none-eabi/4.9.3/armv7e-m/fpu\libgcc.a
LOAD c:/program files (x86)/gnu tools arm embedded/4.9 2015q3/bin/../lib/gcc/arm-none-eabi/4.9.3/../../../../arm-none-eabi/lib/armv7e-m/fpu\libc_nano.a
LOAD c:/program files (x86)/gnu tools arm embedded/4.9 2015q3/bin/../lib/gcc/arm-none-eabi/4.9.3/../../../../arm-none-eabi/lib/armv7e-m/fpu\librdimon_nano.a
END GROUP
START GROUP
LOAD c:/program files (x86)/gnu tools arm embedded/4.9 2015q3/bin/../lib/gcc/arm-none-eabi/4.9.3/armv7e-m/fpu\libgcc.a
LOAD c:/program files (x86)/gnu tools arm embedded/4.9 2015q3/bin/../lib/gcc/arm-none-eabi/4.9.3/../../../../arm-none-eabi/lib/armv7e-m/fpu\libc_nano.a
LOAD c:/program files (x86)/gnu tools arm embedded/4.9 2015q3/bin/../lib/gcc/arm-none-eabi/4.9.3/../../../../arm-none-eabi/lib/armv7e-m/fpu\librdimon_nano.a
END GROUP
LOAD c:/program files (x86)/gnu tools arm embedded/4.9 2015q3/bin/../lib/gcc/arm-none-eabi/4.9.3/armv7e-m/fpu/crtend.o
LOAD c:/program files (x86)/gnu tools arm embedded/4.9 2015q3/bin/../lib/gcc/arm-none-eabi/4.9.3/armv7e-m/fpu/crtn.o
START GROUP
LOAD c:/program files (x86)/gnu tools arm embedded/4.9 2015q3/bin/../lib/gcc/arm-none-eabi/4.9.3/armv7e-m/fpu\libgcc.a
LOAD c:/program files (x86)/gnu tools arm embedded/4.9 2015q3/bin/../lib/gcc/arm-none-eabi/4.9.3/../../../../arm-none-eabi/lib/armv7e-m/fpu\libc.a
LOAD c:/program files (x86)/gnu tools arm embedded/4.9 2015q3/bin/../lib/gcc/arm-none-eabi/4.9.3/../../../../arm-none-eabi/lib/armv7e-m/fpu\libm.a
LOAD c:/program files (x86)/gnu tools arm embedded/4.9 2015q3/bin/../lib/gcc/arm-none-eabi/4.9.3/../../../../arm-none-eabi/lib/armv7e-m/fpu\libnosys.a
END GROUP

.text           0x00000000     0x56c0
                0x00000000                __ROM_Start = .
 *(.vectors)
 .vectors       0x00000000       0x40 ./synergy/ssp/src/bsp/cmsis/Device/RENESAS/S7G2/Source/startup_S7G2.o
                0x00000000                __Vectors
 *(SORT(.vector.*))
 .vector.SCI_3_RXI
                0x00000040        0x4 ./src/synergy_gen/hal_data.o
                0x00000040                g_vector_SCI_3_RXI
 .vector.SCI_3_TEI
                0x00000044        0x4 ./src/synergy_gen/hal_data.o
                0x00000044                g_vector_SCI_3_TEI
 .vector.SCI_3_TXI
                0x00000048        0x4 ./src/synergy_gen/hal_data.o
                0x00000048                g_vector_SCI_3_TXI
                0x0000004c                __Vectors_End = .
                0x0000004c                __end__ = .
                0x00000400                . = (__ROM_Start + 0x400)
 *fill*         0x0000004c      0x3b4 ff
 *(.rom_registers*)
 .rom_registers
                0x00000400       0x3c ./synergy/ssp/src/bsp/mcu/s7g2/bsp_rom_registers.o
                0x00000500                . = (__ROM_Start + 0x500)
 *fill*         0x0000043c       0xc4 ff
                0x00000500                __Vector_Info_Start = .
 *(SORT(.vector_info.*))
 .vector_info.SCI_3_RXI
                0x00000500        0x8 ./src/synergy_gen/hal_data.o
                0x00000500                g_vector_info_SCI_3_RXI
 .vector_info.SCI_3_TEI
                0x00000508        0x8 ./src/synergy_gen/hal_data.o
                0x00000508                g_vector_info_SCI_3_TEI
 .vector_info.SCI_3_TXI
                0x00000510        0x8 ./src/synergy_gen/hal_data.o
                0x00000510                g_vector_info_SCI_3_TXI
                0x00000518                __Vector_Info_End = .
                0x00000518                __Lock_Lookup_Start = .
 *(SORT(.hw_lock_lookup.*))
 .hw_lock_lookup.ADC_0U_0U
                0x00000518        0x4 ./synergy/ssp/src/bsp/mcu/s7g2/bsp_hw_locks.o
                0x00000518                g_lock_lookup_ADC_0U_0U
 .hw_lock_lookup.ADC_0U_1U
                0x0000051c        0x4 ./synergy/ssp/src/bsp/mcu/s7g2/bsp_hw_locks.o
                0x0000051c                g_lock_lookup_ADC_0U_1U
 .hw_lock_lookup.AGT_0U_0U
                0x00000520        0x4 ./synergy/ssp/src/bsp/mcu/s7g2/bsp_hw_locks.o
                0x00000520                g_lock_lookup_AGT_0U_0U
 .hw_lock_lookup.AGT_0U_1U
                0x00000524        0x4 ./synergy/ssp/src/bsp/mcu/s7g2/bsp_hw_locks.o
                0x00000524                g_lock_lookup_AGT_0U_1U
 .hw_lock_lookup.BSC_0U_1U
                0x00000528        0x4 ./synergy/ssp/src/bsp/mcu/s7g2/bsp_hw_locks.o
                0x00000528                g_lock_lookup_BSC_0U_1U
 .hw_lock_lookup.CAC_0U_0U
                0x0000052c        0x4 ./synergy/ssp/src/bsp/mcu/s7g2/bsp_hw_locks.o
                0x0000052c                g_lock_lookup_CAC_0U_0U
 .hw_lock_lookup.CAN_0U_0U
                0x00000530        0x4 ./synergy/ssp/src/bsp/mcu/s7g2/bsp_hw_locks.o
                0x00000530                g_lock_lookup_CAN_0U_0U
 .hw_lock_lookup.CAN_0U_1U
                0x00000534        0x4 ./synergy/ssp/src/bsp/mcu/s7g2/bsp_hw_locks.o
                0x00000534                g_lock_lookup_CAN_0U_1U
 .hw_lock_lookup.COMP_HS_0U_0U
                0x00000538        0x4 ./synergy/ssp/src/bsp/mcu/s7g2/bsp_hw_locks.o
                0x00000538                g_lock_lookup_COMP_HS_0U_0U
 .hw_lock_lookup.COMP_HS_0U_1U
                0x0000053c        0x4 ./synergy/ssp/src/bsp/mcu/s7g2/bsp_hw_locks.o
                0x0000053c                g_lock_lookup_COMP_HS_0U_1U
 .hw_lock_lookup.COMP_HS_0U_2U
                0x00000540        0x4 ./synergy/ssp/src/bsp/mcu/s7g2/bsp_hw_locks.o
                0x00000540                g_lock_lookup_COMP_HS_0U_2U
 .hw_lock_lookup.COMP_HS_0U_3U
                0x00000544        0x4 ./synergy/ssp/src/bsp/mcu/s7g2/bsp_hw_locks.o
                0x00000544                g_lock_lookup_COMP_HS_0U_3U
 .hw_lock_lookup.COMP_HS_0U_4U
                0x00000548        0x4 ./synergy/ssp/src/bsp/mcu/s7g2/bsp_hw_locks.o
                0x00000548                g_lock_lookup_COMP_HS_0U_4U
 .hw_lock_lookup.COMP_HS_0U_5U
                0x0000054c        0x4 ./synergy/ssp/src/bsp/mcu/s7g2/bsp_hw_locks.o
                0x0000054c                g_lock_lookup_COMP_HS_0U_5U
 .hw_lock_lookup.CRC_0U_0U
                0x00000550        0x4 ./synergy/ssp/src/bsp/mcu/s7g2/bsp_hw_locks.o
                0x00000550                g_lock_lookup_CRC_0U_0U
 .hw_lock_lookup.CTSU_0U_0U
                0x00000554        0x4 ./synergy/ssp/src/bsp/mcu/s7g2/bsp_hw_locks.o
                0x00000554                g_lock_lookup_CTSU_0U_0U
 .hw_lock_lookup.DAAD_0U_0U
                0x00000558        0x4 ./synergy/ssp/src/bsp/mcu/s7g2/bsp_hw_locks.o
                0x00000558                g_lock_lookup_DAAD_0U_0U
 .hw_lock_lookup.DAC_0U_0U
                0x0000055c        0x4 ./synergy/ssp/src/bsp/mcu/s7g2/bsp_hw_locks.o
                0x0000055c                g_lock_lookup_DAC_0U_0U
 .hw_lock_lookup.DAC_0U_1U
                0x00000560        0x4 ./synergy/ssp/src/bsp/mcu/s7g2/bsp_hw_locks.o
                0x00000560                g_lock_lookup_DAC_0U_1U
 .hw_lock_lookup.DMAC_0U_0U
                0x00000564        0x4 ./synergy/ssp/src/bsp/mcu/s7g2/bsp_hw_locks.o
                0x00000564                g_lock_lookup_DMAC_0U_0U
 .hw_lock_lookup.DMAC_0U_1U
                0x00000568        0x4 ./synergy/ssp/src/bsp/mcu/s7g2/bsp_hw_locks.o
                0x00000568                g_lock_lookup_DMAC_0U_1U
 .hw_lock_lookup.DMAC_0U_2U
                0x0000056c        0x4 ./synergy/ssp/src/bsp/mcu/s7g2/bsp_hw_locks.o
                0x0000056c                g_lock_lookup_DMAC_0U_2U
 .hw_lock_lookup.DMAC_0U_3U
                0x00000570        0x4 ./synergy/ssp/src/bsp/mcu/s7g2/bsp_hw_locks.o
                0x00000570                g_lock_lookup_DMAC_0U_3U
 .hw_lock_lookup.DMAC_0U_4U
                0x00000574        0x4 ./synergy/ssp/src/bsp/mcu/s7g2/bsp_hw_locks.o
                0x00000574                g_lock_lookup_DMAC_0U_4U
 .hw_lock_lookup.DMAC_0U_5U
                0x00000578        0x4 ./synergy/ssp/src/bsp/mcu/s7g2/bsp_hw_locks.o
                0x00000578                g_lock_lookup_DMAC_0U_5U
 .hw_lock_lookup.DMAC_0U_6U
                0x0000057c        0x4 ./synergy/ssp/src/bsp/mcu/s7g2/bsp_hw_locks.o
                0x0000057c                g_lock_lookup_DMAC_0U_6U
 .hw_lock_lookup.DMAC_0U_7U
                0x00000580        0x4 ./synergy/ssp/src/bsp/mcu/s7g2/bsp_hw_locks.o
                0x00000580                g_lock_lookup_DMAC_0U_7U
 .hw_lock_lookup.DOC_0U_0U
                0x00000584        0x4 ./synergy/ssp/src/bsp/mcu/s7g2/bsp_hw_locks.o
                0x00000584                g_lock_lookup_DOC_0U_0U
 .hw_lock_lookup.DRW_0U_0U
                0x00000588        0x4 ./synergy/ssp/src/bsp/mcu/s7g2/bsp_hw_locks.o
                0x00000588                g_lock_lookup_DRW_0U_0U
 .hw_lock_lookup.DTC_0U_0U
                0x0000058c        0x4 ./synergy/ssp/src/bsp/mcu/s7g2/bsp_hw_locks.o
                0x0000058c                g_lock_lookup_DTC_0U_0U
 .hw_lock_lookup.ELC_0U_0U
                0x00000590        0x4 ./synergy/ssp/src/bsp/mcu/s7g2/bsp_hw_locks.o
                0x00000590                g_lock_lookup_ELC_0U_0U
 .hw_lock_lookup.EPTPC_0U_0U
                0x00000594        0x4 ./synergy/ssp/src/bsp/mcu/s7g2/bsp_hw_locks.o
                0x00000594                g_lock_lookup_EPTPC_0U_0U
 .hw_lock_lookup.ETHER_0U_0U
                0x00000598        0x4 ./synergy/ssp/src/bsp/mcu/s7g2/bsp_hw_locks.o
                0x00000598                g_lock_lookup_ETHER_0U_0U
 .hw_lock_lookup.ETHER_0U_1U
                0x0000059c        0x4 ./synergy/ssp/src/bsp/mcu/s7g2/bsp_hw_locks.o
                0x0000059c                g_lock_lookup_ETHER_0U_1U
 .hw_lock_lookup.FCU_0U_0U
                0x000005a0        0x4 ./synergy/ssp/src/bsp/mcu/s7g2/bsp_hw_locks.o
                0x000005a0                g_lock_lookup_FCU_0U_0U
 .hw_lock_lookup.GLCDC_0U_0U
                0x000005a4        0x4 ./synergy/ssp/src/bsp/mcu/s7g2/bsp_hw_locks.o
                0x000005a4                g_lock_lookup_GLCDC_0U_0U
 .hw_lock_lookup.GPT_0U_0U
                0x000005a8        0x4 ./synergy/ssp/src/bsp/mcu/s7g2/bsp_hw_locks.o
                0x000005a8                g_lock_lookup_GPT_0U_0U
 .hw_lock_lookup.GPT_0U_10U
                0x000005ac        0x4 ./synergy/ssp/src/bsp/mcu/s7g2/bsp_hw_locks.o
                0x000005ac                g_lock_lookup_GPT_0U_10U
 .hw_lock_lookup.GPT_0U_11U
                0x000005b0        0x4 ./synergy/ssp/src/bsp/mcu/s7g2/bsp_hw_locks.o
                0x000005b0                g_lock_lookup_GPT_0U_11U
 .hw_lock_lookup.GPT_0U_12U
                0x000005b4        0x4 ./synergy/ssp/src/bsp/mcu/s7g2/bsp_hw_locks.o
                0x000005b4                g_lock_lookup_GPT_0U_12U
 .hw_lock_lookup.GPT_0U_13U
                0x000005b8        0x4 ./synergy/ssp/src/bsp/mcu/s7g2/bsp_hw_locks.o
                0x000005b8                g_lock_lookup_GPT_0U_13U
 .hw_lock_lookup.GPT_0U_1U
                0x000005bc        0x4 ./synergy/ssp/src/bsp/mcu/s7g2/bsp_hw_locks.o
                0x000005bc                g_lock_lookup_GPT_0U_1U
 .hw_lock_lookup.GPT_0U_2U
                0x000005c0        0x4 ./synergy/ssp/src/bsp/mcu/s7g2/bsp_hw_locks.o
                0x000005c0                g_lock_lookup_GPT_0U_2U
 .hw_lock_lookup.GPT_0U_3U
                0x000005c4        0x4 ./synergy/ssp/src/bsp/mcu/s7g2/bsp_hw_locks.o
                0x000005c4                g_lock_lookup_GPT_0U_3U
 .hw_lock_lookup.GPT_0U_4U
                0x000005c8        0x4 ./synergy/ssp/src/bsp/mcu/s7g2/bsp_hw_locks.o
                0x000005c8                g_lock_lookup_GPT_0U_4U
 .hw_lock_lookup.GPT_0U_5U
                0x000005cc        0x4 ./synergy/ssp/src/bsp/mcu/s7g2/bsp_hw_locks.o
                0x000005cc                g_lock_lookup_GPT_0U_5U
 .hw_lock_lookup.GPT_0U_6U
                0x000005d0        0x4 ./synergy/ssp/src/bsp/mcu/s7g2/bsp_hw_locks.o
                0x000005d0                g_lock_lookup_GPT_0U_6U
 .hw_lock_lookup.GPT_0U_7U
                0x000005d4        0x4 ./synergy/ssp/src/bsp/mcu/s7g2/bsp_hw_locks.o
                0x000005d4                g_lock_lookup_GPT_0U_7U
 .hw_lock_lookup.GPT_0U_8U
                0x000005d8        0x4 ./synergy/ssp/src/bsp/mcu/s7g2/bsp_hw_locks.o
                0x000005d8                g_lock_lookup_GPT_0U_8U
 .hw_lock_lookup.GPT_0U_9U
                0x000005dc        0x4 ./synergy/ssp/src/bsp/mcu/s7g2/bsp_hw_locks.o
                0x000005dc                g_lock_lookup_GPT_0U_9U
 .hw_lock_lookup.ICU_0U_0U
                0x000005e0        0x4 ./synergy/ssp/src/bsp/mcu/s7g2/bsp_hw_locks.o
                0x000005e0                g_lock_lookup_ICU_0U_0U
 .hw_lock_lookup.ICU_0U_10U
                0x000005e4        0x4 ./synergy/ssp/src/bsp/mcu/s7g2/bsp_hw_locks.o
                0x000005e4                g_lock_lookup_ICU_0U_10U
 .hw_lock_lookup.ICU_0U_11U
                0x000005e8        0x4 ./synergy/ssp/src/bsp/mcu/s7g2/bsp_hw_locks.o
                0x000005e8                g_lock_lookup_ICU_0U_11U
 .hw_lock_lookup.ICU_0U_12U
                0x000005ec        0x4 ./synergy/ssp/src/bsp/mcu/s7g2/bsp_hw_locks.o
                0x000005ec                g_lock_lookup_ICU_0U_12U
 .hw_lock_lookup.ICU_0U_13U
                0x000005f0        0x4 ./synergy/ssp/src/bsp/mcu/s7g2/bsp_hw_locks.o
                0x000005f0                g_lock_lookup_ICU_0U_13U
 .hw_lock_lookup.ICU_0U_14U
                0x000005f4        0x4 ./synergy/ssp/src/bsp/mcu/s7g2/bsp_hw_locks.o
                0x000005f4                g_lock_lookup_ICU_0U_14U
 .hw_lock_lookup.ICU_0U_15U
                0x000005f8        0x4 ./synergy/ssp/src/bsp/mcu/s7g2/bsp_hw_locks.o
                0x000005f8                g_lock_lookup_ICU_0U_15U
 .hw_lock_lookup.ICU_0U_1U
                0x000005fc        0x4 ./synergy/ssp/src/bsp/mcu/s7g2/bsp_hw_locks.o
                0x000005fc                g_lock_lookup_ICU_0U_1U
 .hw_lock_lookup.ICU_0U_2U
                0x00000600        0x4 ./synergy/ssp/src/bsp/mcu/s7g2/bsp_hw_locks.o
                0x00000600                g_lock_lookup_ICU_0U_2U
 .hw_lock_lookup.ICU_0U_3U
                0x00000604        0x4 ./synergy/ssp/src/bsp/mcu/s7g2/bsp_hw_locks.o
                0x00000604                g_lock_lookup_ICU_0U_3U
 .hw_lock_lookup.ICU_0U_4U
                0x00000608        0x4 ./synergy/ssp/src/bsp/mcu/s7g2/bsp_hw_locks.o
                0x00000608                g_lock_lookup_ICU_0U_4U
 .hw_lock_lookup.ICU_0U_5U
                0x0000060c        0x4 ./synergy/ssp/src/bsp/mcu/s7g2/bsp_hw_locks.o
                0x0000060c                g_lock_lookup_ICU_0U_5U
 .hw_lock_lookup.ICU_0U_6U
                0x00000610        0x4 ./synergy/ssp/src/bsp/mcu/s7g2/bsp_hw_locks.o
                0x00000610                g_lock_lookup_ICU_0U_6U
 .hw_lock_lookup.ICU_0U_7U
                0x00000614        0x4 ./synergy/ssp/src/bsp/mcu/s7g2/bsp_hw_locks.o
                0x00000614                g_lock_lookup_ICU_0U_7U
 .hw_lock_lookup.ICU_0U_8U
                0x00000618        0x4 ./synergy/ssp/src/bsp/mcu/s7g2/bsp_hw_locks.o
                0x00000618                g_lock_lookup_ICU_0U_8U
 .hw_lock_lookup.ICU_0U_9U
                0x0000061c        0x4 ./synergy/ssp/src/bsp/mcu/s7g2/bsp_hw_locks.o
                0x0000061c                g_lock_lookup_ICU_0U_9U
 .hw_lock_lookup.IIC_0U_0U
                0x00000620        0x4 ./synergy/ssp/src/bsp/mcu/s7g2/bsp_hw_locks.o
                0x00000620                g_lock_lookup_IIC_0U_0U
 .hw_lock_lookup.IIC_0U_1U
                0x00000624        0x4 ./synergy/ssp/src/bsp/mcu/s7g2/bsp_hw_locks.o
                0x00000624                g_lock_lookup_IIC_0U_1U
 .hw_lock_lookup.IIC_0U_2U
                0x00000628        0x4 ./synergy/ssp/src/bsp/mcu/s7g2/bsp_hw_locks.o
                0x00000628                g_lock_lookup_IIC_0U_2U
 .hw_lock_lookup.IRDA_0U_0U
                0x0000062c        0x4 ./synergy/ssp/src/bsp/mcu/s7g2/bsp_hw_locks.o
                0x0000062c                g_lock_lookup_IRDA_0U_0U
 .hw_lock_lookup.IWDT_0U_0U
                0x00000630        0x4 ./synergy/ssp/src/bsp/mcu/s7g2/bsp_hw_locks.o
                0x00000630                g_lock_lookup_IWDT_0U_0U
 .hw_lock_lookup.JPEG_0U_0U
                0x00000634        0x4 ./synergy/ssp/src/bsp/mcu/s7g2/bsp_hw_locks.o
                0x00000634                g_lock_lookup_JPEG_0U_0U
 .hw_lock_lookup.KEY_0U_0U
                0x00000638        0x4 ./synergy/ssp/src/bsp/mcu/s7g2/bsp_hw_locks.o
                0x00000638                g_lock_lookup_KEY_0U_0U
 .hw_lock_lookup.LPM_1U_0U
                0x0000063c        0x4 ./synergy/ssp/src/bsp/mcu/s7g2/bsp_hw_locks.o
                0x0000063c                g_lock_lookup_LPM_1U_0U
 .hw_lock_lookup.LVD_0U_0U
                0x00000640        0x4 ./synergy/ssp/src/bsp/mcu/s7g2/bsp_hw_locks.o
                0x00000640                g_lock_lookup_LVD_0U_0U
 .hw_lock_lookup.LVD_0U_1U
                0x00000644        0x4 ./synergy/ssp/src/bsp/mcu/s7g2/bsp_hw_locks.o
                0x00000644                g_lock_lookup_LVD_0U_1U
 .hw_lock_lookup.MMF_0U_0U
                0x00000648        0x4 ./synergy/ssp/src/bsp/mcu/s7g2/bsp_hw_locks.o
                0x00000648                g_lock_lookup_MMF_0U_0U
 .hw_lock_lookup.MPU_0U_0U
                0x0000064c        0x4 ./synergy/ssp/src/bsp/mcu/s7g2/bsp_hw_locks.o
                0x0000064c                g_lock_lookup_MPU_0U_0U
 .hw_lock_lookup.OPS_0U_0U
                0x00000650        0x4 ./synergy/ssp/src/bsp/mcu/s7g2/bsp_hw_locks.o
                0x00000650                g_lock_lookup_OPS_0U_0U
 .hw_lock_lookup.PDC_0U_0U
                0x00000654        0x4 ./synergy/ssp/src/bsp/mcu/s7g2/bsp_hw_locks.o
                0x00000654                g_lock_lookup_PDC_0U_0U
 .hw_lock_lookup.POEG_0U_0U
                0x00000658        0x4 ./synergy/ssp/src/bsp/mcu/s7g2/bsp_hw_locks.o
                0x00000658                g_lock_lookup_POEG_0U_0U
 .hw_lock_lookup.POEG_0U_1U
                0x0000065c        0x4 ./synergy/ssp/src/bsp/mcu/s7g2/bsp_hw_locks.o
                0x0000065c                g_lock_lookup_POEG_0U_1U
 .hw_lock_lookup.POEG_0U_2U
                0x00000660        0x4 ./synergy/ssp/src/bsp/mcu/s7g2/bsp_hw_locks.o
                0x00000660                g_lock_lookup_POEG_0U_2U
 .hw_lock_lookup.POEG_0U_3U
                0x00000664        0x4 ./synergy/ssp/src/bsp/mcu/s7g2/bsp_hw_locks.o
                0x00000664                g_lock_lookup_POEG_0U_3U
 .hw_lock_lookup.QSPI_0U_0U
                0x00000668        0x4 ./synergy/ssp/src/bsp/mcu/s7g2/bsp_hw_locks.o
                0x00000668                g_lock_lookup_QSPI_0U_0U
 .hw_lock_lookup.RTC_0U_0U
                0x0000066c        0x4 ./synergy/ssp/src/bsp/mcu/s7g2/bsp_hw_locks.o
                0x0000066c                g_lock_lookup_RTC_0U_0U
 .hw_lock_lookup.SCE_0U_0U
                0x00000670        0x4 ./synergy/ssp/src/bsp/mcu/s7g2/bsp_hw_locks.o
                0x00000670                g_lock_lookup_SCE_0U_0U
 .hw_lock_lookup.SCI_0U_0U
                0x00000674        0x4 ./synergy/ssp/src/bsp/mcu/s7g2/bsp_hw_locks.o
                0x00000674                g_lock_lookup_SCI_0U_0U
 .hw_lock_lookup.SCI_0U_1U
                0x00000678        0x4 ./synergy/ssp/src/bsp/mcu/s7g2/bsp_hw_locks.o
                0x00000678                g_lock_lookup_SCI_0U_1U
 .hw_lock_lookup.SCI_0U_2U
                0x0000067c        0x4 ./synergy/ssp/src/bsp/mcu/s7g2/bsp_hw_locks.o
                0x0000067c                g_lock_lookup_SCI_0U_2U
 .hw_lock_lookup.SCI_0U_3U
                0x00000680        0x4 ./synergy/ssp/src/bsp/mcu/s7g2/bsp_hw_locks.o
                0x00000680                g_lock_lookup_SCI_0U_3U
 .hw_lock_lookup.SCI_0U_4U
                0x00000684        0x4 ./synergy/ssp/src/bsp/mcu/s7g2/bsp_hw_locks.o
                0x00000684                g_lock_lookup_SCI_0U_4U
 .hw_lock_lookup.SCI_0U_5U
                0x00000688        0x4 ./synergy/ssp/src/bsp/mcu/s7g2/bsp_hw_locks.o
                0x00000688                g_lock_lookup_SCI_0U_5U
 .hw_lock_lookup.SCI_0U_6U
                0x0000068c        0x4 ./synergy/ssp/src/bsp/mcu/s7g2/bsp_hw_locks.o
                0x0000068c                g_lock_lookup_SCI_0U_6U
 .hw_lock_lookup.SCI_0U_7U
                0x00000690        0x4 ./synergy/ssp/src/bsp/mcu/s7g2/bsp_hw_locks.o
                0x00000690                g_lock_lookup_SCI_0U_7U
 .hw_lock_lookup.SCI_0U_8U
                0x00000694        0x4 ./synergy/ssp/src/bsp/mcu/s7g2/bsp_hw_locks.o
                0x00000694                g_lock_lookup_SCI_0U_8U
 .hw_lock_lookup.SCI_0U_9U
                0x00000698        0x4 ./synergy/ssp/src/bsp/mcu/s7g2/bsp_hw_locks.o
                0x00000698                g_lock_lookup_SCI_0U_9U
 .hw_lock_lookup.SDHIMMC_0U_0U
                0x0000069c        0x4 ./synergy/ssp/src/bsp/mcu/s7g2/bsp_hw_locks.o
                0x0000069c                g_lock_lookup_SDHIMMC_0U_0U
 .hw_lock_lookup.SDHIMMC_0U_1U
                0x000006a0        0x4 ./synergy/ssp/src/bsp/mcu/s7g2/bsp_hw_locks.o
                0x000006a0                g_lock_lookup_SDHIMMC_0U_1U
 .hw_lock_lookup.SPI_0U_0U
                0x000006a4        0x4 ./synergy/ssp/src/bsp/mcu/s7g2/bsp_hw_locks.o
                0x000006a4                g_lock_lookup_SPI_0U_0U
 .hw_lock_lookup.SPI_0U_1U
                0x000006a8        0x4 ./synergy/ssp/src/bsp/mcu/s7g2/bsp_hw_locks.o
                0x000006a8                g_lock_lookup_SPI_0U_1U
 .hw_lock_lookup.SRC_0U_0U
                0x000006ac        0x4 ./synergy/ssp/src/bsp/mcu/s7g2/bsp_hw_locks.o
                0x000006ac                g_lock_lookup_SRC_0U_0U
 .hw_lock_lookup.SSI_0U_0U
                0x000006b0        0x4 ./synergy/ssp/src/bsp/mcu/s7g2/bsp_hw_locks.o
                0x000006b0                g_lock_lookup_SSI_0U_0U
 .hw_lock_lookup.SSI_0U_1U
                0x000006b4        0x4 ./synergy/ssp/src/bsp/mcu/s7g2/bsp_hw_locks.o
                0x000006b4                g_lock_lookup_SSI_0U_1U
 .hw_lock_lookup.TSN_0U_0U
                0x000006b8        0x4 ./synergy/ssp/src/bsp/mcu/s7g2/bsp_hw_locks.o
                0x000006b8                g_lock_lookup_TSN_0U_0U
 .hw_lock_lookup.USB_0U_0U
                0x000006bc        0x4 ./synergy/ssp/src/bsp/mcu/s7g2/bsp_hw_locks.o
                0x000006bc                g_lock_lookup_USB_0U_0U
 .hw_lock_lookup.USB_1U_0U
                0x000006c0        0x4 ./synergy/ssp/src/bsp/mcu/s7g2/bsp_hw_locks.o
                0x000006c0                g_lock_lookup_USB_1U_0U
 .hw_lock_lookup.WDT_0U_0U
                0x000006c4        0x4 ./synergy/ssp/src/bsp/mcu/s7g2/bsp_hw_locks.o
                0x000006c4                g_lock_lookup_WDT_0U_0U
                0x000006c8                __Lock_Lookup_End = .
 *(.text*)
 .text          0x000006c8       0x5c c:/program files (x86)/gnu tools arm embedded/4.9 2015q3/bin/../lib/gcc/arm-none-eabi/4.9.3/armv7e-m/fpu/crtbegin.o
 .text.R_SCI_UartVersionGet
                0x00000724       0x18 ./synergy/ssp/src/driver/r_sci_uart/r_sci_uart.o
                0x00000724                R_SCI_UartVersionGet
 .text.r_sci_irq_cfg
                0x0000073c       0x94 ./synergy/ssp/src/driver/r_sci_uart/r_sci_uart.o
 .text.R_SCI_UartInfoGet
                0x000007d0       0x80 ./synergy/ssp/src/driver/r_sci_uart/r_sci_uart.o
                0x000007d0                R_SCI_UartInfoGet
 .text.r_sci_read_write_param_check
                0x00000850       0x3c ./synergy/ssp/src/driver/r_sci_uart/r_sci_uart.o
 .text.R_SCI_UartRead
                0x0000088c       0x54 ./synergy/ssp/src/driver/r_sci_uart/r_sci_uart.o
                0x0000088c                R_SCI_UartRead
 .text.r_sci_uart_transfer_configure.isra.3
                0x000008e0       0x88 ./synergy/ssp/src/driver/r_sci_uart/r_sci_uart.o
 .text.r_sci_uart_transfer_close.isra.6
                0x00000968       0x24 ./synergy/ssp/src/driver/r_sci_uart/r_sci_uart.o
 .text.r_sci_uart_baud_calculate.part.8
                0x0000098c      0x110 ./synergy/ssp/src/driver/r_sci_uart/r_sci_uart.o
 .text.R_SCI_UartOpen
                0x00000a9c      0x524 ./synergy/ssp/src/driver/r_sci_uart/r_sci_uart.o
                0x00000a9c                R_SCI_UartOpen
 .text.R_SCI_UartClose
                0x00000fc0       0xcc ./synergy/ssp/src/driver/r_sci_uart/r_sci_uart.o
                0x00000fc0                R_SCI_UartClose
 .text.r_sci_uart_write_no_transfer.part.13
                0x0000108c       0x58 ./synergy/ssp/src/driver/r_sci_uart/r_sci_uart.o
 .text.R_SCI_UartWrite
                0x000010e4       0xcc ./synergy/ssp/src/driver/r_sci_uart/r_sci_uart.o
                0x000010e4                R_SCI_UartWrite
 .text.R_SCI_UartBaudSet
                0x000011b0       0xe8 ./synergy/ssp/src/driver/r_sci_uart/r_sci_uart.o
                0x000011b0                R_SCI_UartBaudSet
 .text.r_sci_uart_rxi_read_no_transfer
                0x00001298       0x78 ./synergy/ssp/src/driver/r_sci_uart/r_sci_uart.o
                0x00001298                r_sci_uart_rxi_read_no_transfer
 .text.sci_uart_txi_isr
                0x00001310       0xf0 ./synergy/ssp/src/driver/r_sci_uart/r_sci_uart.o
                0x00001310                sci_uart_txi_isr
 .text.sci_uart_rxi_isr
                0x00001400       0x58 ./synergy/ssp/src/driver/r_sci_uart/r_sci_uart.o
                0x00001400                sci_uart_rxi_isr
 .text.sci_uart_tei_isr
                0x00001458       0x6c ./synergy/ssp/src/driver/r_sci_uart/r_sci_uart.o
                0x00001458                sci_uart_tei_isr
 .text.R_IOPORT_PinRead
                0x000014c4       0x48 ./synergy/ssp/src/driver/r_ioport/r_ioport.o
                0x000014c4                R_IOPORT_PinRead
 .text.R_IOPORT_PortRead
                0x0000150c       0x28 ./synergy/ssp/src/driver/r_ioport/r_ioport.o
                0x0000150c                R_IOPORT_PortRead
 .text.R_IOPORT_PortEventInputRead
                0x00001534       0x28 ./synergy/ssp/src/driver/r_ioport/r_ioport.o
                0x00001534                R_IOPORT_PortEventInputRead
 .text.R_IOPORT_PinEventInputRead
                0x0000155c       0x58 ./synergy/ssp/src/driver/r_ioport/r_ioport.o
                0x0000155c                R_IOPORT_PinEventInputRead
 .text.R_IOPORT_PortEventOutputWrite
                0x000015b4       0x38 ./synergy/ssp/src/driver/r_ioport/r_ioport.o
                0x000015b4                R_IOPORT_PortEventOutputWrite
 .text.R_IOPORT_PinEventOutputWrite
                0x000015ec       0x54 ./synergy/ssp/src/driver/r_ioport/r_ioport.o
                0x000015ec                R_IOPORT_PinEventOutputWrite
 .text.R_IOPORT_VersionGet
                0x00001640       0x18 ./synergy/ssp/src/driver/r_ioport/r_ioport.o
                0x00001640                R_IOPORT_VersionGet
 .text.R_IOPORT_PinDirectionSet
                0x00001658       0xcc ./synergy/ssp/src/driver/r_ioport/r_ioport.o
                0x00001658                R_IOPORT_PinDirectionSet
 .text.R_IOPORT_PortWrite
                0x00001724       0x38 ./synergy/ssp/src/driver/r_ioport/r_ioport.o
                0x00001724                R_IOPORT_PortWrite
 .text.R_IOPORT_PortDirectionSet
                0x0000175c       0x40 ./synergy/ssp/src/driver/r_ioport/r_ioport.o
                0x0000175c                R_IOPORT_PortDirectionSet
 .text.bsp_vbatt_init.isra.4
                0x0000179c       0x8c ./synergy/ssp/src/driver/r_ioport/r_ioport.o
 .text.R_IOPORT_EthernetModeCfg
                0x00001828       0x58 ./synergy/ssp/src/driver/r_ioport/r_ioport.o
                0x00001828                R_IOPORT_EthernetModeCfg
 .text.R_IOPORT_PinsCfg
                0x00001880       0xe0 ./synergy/ssp/src/driver/r_ioport/r_ioport.o
                0x00001880                R_IOPORT_PinsCfg
 .text.R_IOPORT_Init
                0x00001960       0x78 ./synergy/ssp/src/driver/r_ioport/r_ioport.o
                0x00001960                R_IOPORT_Init
 .text.R_IOPORT_PinCfg
                0x000019d8       0xd0 ./synergy/ssp/src/driver/r_ioport/r_ioport.o
                0x000019d8                R_IOPORT_PinCfg
 .text.R_IOPORT_PinWrite
                0x00001aa8       0xcc ./synergy/ssp/src/driver/r_ioport/r_ioport.o
                0x00001aa8                R_IOPORT_PinWrite
 .text.R_FMI_ProductInfoGet
                0x00001b74       0x28 ./synergy/ssp/src/driver/r_fmi/r_fmi.o
 .text.R_FMI_UniqueIdGet
                0x00001b9c       0x30 ./synergy/ssp/src/driver/r_fmi/r_fmi.o
 .text.R_FMI_EventInfoGet
                0x00001bcc       0x6c ./synergy/ssp/src/driver/r_fmi/r_fmi.o
 .text.R_FMI_VersionGet
                0x00001c38       0x14 ./synergy/ssp/src/driver/r_fmi/r_fmi.o
 .text.R_FMI_Init
                0x00001c4c       0xbc ./synergy/ssp/src/driver/r_fmi/r_fmi.o
 .text.R_FMI_FeatureGet
                0x00001d08      0x244 ./synergy/ssp/src/driver/r_fmi/r_fmi.o
 .text.R_ELC_LinkSet
                0x00001f4c       0x14 ./synergy/ssp/src/driver/r_elc/r_elc.o
                0x00001f4c                R_ELC_LinkSet
 .text.R_ELC_LinkBreak
                0x00001f60       0x14 ./synergy/ssp/src/driver/r_elc/r_elc.o
                0x00001f60                R_ELC_LinkBreak
 .text.R_ELC_Enable
                0x00001f74       0x14 ./synergy/ssp/src/driver/r_elc/r_elc.o
                0x00001f74                R_ELC_Enable
 .text.R_ELC_Disable
                0x00001f88       0x14 ./synergy/ssp/src/driver/r_elc/r_elc.o
                0x00001f88                R_ELC_Disable
 .text.R_ELC_VersionGet
                0x00001f9c       0x14 ./synergy/ssp/src/driver/r_elc/r_elc.o
                0x00001f9c                R_ELC_VersionGet
 .text.R_ELC_SoftwareEventGenerate
                0x00001fb0       0x30 ./synergy/ssp/src/driver/r_elc/r_elc.o
                0x00001fb0                R_ELC_SoftwareEventGenerate
 .text.R_ELC_Init
                0x00001fe0       0x80 ./synergy/ssp/src/driver/r_elc/r_elc.o
                0x00001fe0                R_ELC_Init
 .text.R_DTC_Start
                0x00002060        0x4 ./synergy/ssp/src/driver/r_dtc/r_dtc.o
                0x00002060                R_DTC_Start
 .text.R_DTC_Stop
                0x00002064        0x4 ./synergy/ssp/src/driver/r_dtc/r_dtc.o
                0x00002064                R_DTC_Stop
 .text.R_DTC_Disable
                0x00002068       0x34 ./synergy/ssp/src/driver/r_dtc/r_dtc.o
                0x00002068                R_DTC_Disable
 .text.R_DTC_VersionGet
                0x0000209c       0x14 ./synergy/ssp/src/driver/r_dtc/r_dtc.o
                0x0000209c                R_DTC_VersionGet
 .text.R_DTC_InfoGet
                0x000020b0       0x78 ./synergy/ssp/src/driver/r_dtc/r_dtc.o
                0x000020b0                R_DTC_InfoGet
 .text.R_DTC_Close
                0x00002128       0x58 ./synergy/ssp/src/driver/r_dtc/r_dtc.o
                0x00002128                R_DTC_Close
 .text.R_DTC_Enable
                0x00002180       0x84 ./synergy/ssp/src/driver/r_dtc/r_dtc.o
                0x00002180                R_DTC_Enable
 .text.R_DTC_BlockReset
                0x00002204       0xd0 ./synergy/ssp/src/driver/r_dtc/r_dtc.o
                0x00002204                R_DTC_BlockReset
 .text.R_DTC_Open
                0x000022d4      0x180 ./synergy/ssp/src/driver/r_dtc/r_dtc.o
                0x000022d4                R_DTC_Open
 .text.R_DTC_Reset
                0x00002454       0xcc ./synergy/ssp/src/driver/r_dtc/r_dtc.o
                0x00002454                R_DTC_Reset
 .text.HW_CGC_Init
                0x00002520       0x34 ./synergy/ssp/src/driver/r_cgc/hw/hw_cgc.o
                0x00002520                HW_CGC_Init
 .text.HW_CGC_InitPLLFreq
                0x00002554       0xf4 ./synergy/ssp/src/driver/r_cgc/hw/hw_cgc.o
                0x00002554                HW_CGC_InitPLLFreq
 .text.HW_CGC_MainClockDriveSet
                0x00002648       0x3c ./synergy/ssp/src/driver/r_cgc/hw/hw_cgc.o
                0x00002648                HW_CGC_MainClockDriveSet
 .text.HW_CGC_SubClockDriveSet
                0x00002684       0x3c ./synergy/ssp/src/driver/r_cgc/hw/hw_cgc.o
                0x00002684                HW_CGC_SubClockDriveSet
 .text.HW_CGC_ClockStart
                0x000026c0       0xa0 ./synergy/ssp/src/driver/r_cgc/hw/hw_cgc.o
                0x000026c0                HW_CGC_ClockStart
 .text.HW_CGC_ClockStop
                0x00002760       0xa0 ./synergy/ssp/src/driver/r_cgc/hw/hw_cgc.o
                0x00002760                HW_CGC_ClockStop
 .text.HW_CGC_ClockCheck
                0x00002800       0x2c ./synergy/ssp/src/driver/r_cgc/hw/hw_cgc.o
                0x00002800                HW_CGC_ClockCheck
 .text.HW_CGC_ClockRunStateGet
                0x0000282c       0x68 ./synergy/ssp/src/driver/r_cgc/hw/hw_cgc.o
                0x0000282c                HW_CGC_ClockRunStateGet
 .text.HW_CGC_DelayCycles
                0x00002894        0x8 ./synergy/ssp/src/driver/r_cgc/hw/hw_cgc.o
                0x00002894                HW_CGC_DelayCycles
 .text.HW_CGC_MainOscSourceSet
                0x0000289c       0x2c ./synergy/ssp/src/driver/r_cgc/hw/hw_cgc.o
                0x0000289c                HW_CGC_MainOscSourceSet
 .text.HW_CGC_ClockWaitSet
                0x000028c8       0x28 ./synergy/ssp/src/driver/r_cgc/hw/hw_cgc.o
                0x000028c8                HW_CGC_ClockWaitSet
 .text.HW_CGC_ClockSourceValidCheck
                0x000028f0       0x28 ./synergy/ssp/src/driver/r_cgc/hw/hw_cgc.o
                0x000028f0                HW_CGC_ClockSourceValidCheck
 .text.HW_CGC_SystemClockValidCheck
                0x00002918        0xc ./synergy/ssp/src/driver/r_cgc/hw/hw_cgc.o
                0x00002918                HW_CGC_SystemClockValidCheck
 .text.HW_CGC_ClockSourceGet
                0x00002924        0xc ./synergy/ssp/src/driver/r_cgc/hw/hw_cgc.o
                0x00002924                HW_CGC_ClockSourceGet
 .text.HW_CGC_ClockSourceSet
                0x00002930       0x28 ./synergy/ssp/src/driver/r_cgc/hw/hw_cgc.o
                0x00002930                HW_CGC_ClockSourceSet
 .text.HW_CGC_PLLClockSourceGet
                0x00002958       0x24 ./synergy/ssp/src/driver/r_cgc/hw/hw_cgc.o
                0x00002958                HW_CGC_PLLClockSourceGet
 .text.HW_CGC_PLLClockSourceSet
                0x0000297c       0x28 ./synergy/ssp/src/driver/r_cgc/hw/hw_cgc.o
                0x0000297c                HW_CGC_PLLClockSourceSet
 .text.HW_CGC_PLLMultiplierSet
                0x000029a4       0x90 ./synergy/ssp/src/driver/r_cgc/hw/hw_cgc.o
                0x000029a4                HW_CGC_PLLMultiplierSet
 .text.HW_CGC_PLLDividerSet
                0x00002a34       0x88 ./synergy/ssp/src/driver/r_cgc/hw/hw_cgc.o
                0x00002a34                HW_CGC_PLLDividerSet
 .text.HW_CGC_SystemDividersSet
                0x00002abc       0x70 ./synergy/ssp/src/driver/r_cgc/hw/hw_cgc.o
                0x00002abc                HW_CGC_SystemDividersSet
 .text.HW_CGC_SystemDividersGet
                0x00002b2c       0x3c ./synergy/ssp/src/driver/r_cgc/hw/hw_cgc.o
                0x00002b2c                HW_CGC_SystemDividersGet
 .text.HW_CGC_ClockCfgValidCheck
                0x00002b68       0x58 ./synergy/ssp/src/driver/r_cgc/hw/hw_cgc.o
                0x00002b68                HW_CGC_ClockCfgValidCheck
 .text.HW_CGC_ClockDividerGet
                0x00002bc0       0x4c ./synergy/ssp/src/driver/r_cgc/hw/hw_cgc.o
                0x00002bc0                HW_CGC_ClockDividerGet
 .text.HW_CGC_ClockHzGet
                0x00002c0c       0x20 ./synergy/ssp/src/driver/r_cgc/hw/hw_cgc.o
                0x00002c0c                HW_CGC_ClockHzGet
 .text.HW_CGC_ClockHzCalculate
                0x00002c2c       0x10 ./synergy/ssp/src/driver/r_cgc/hw/hw_cgc.o
                0x00002c2c                HW_CGC_ClockHzCalculate
 .text.HW_CGC_OperatingModeSet
                0x00002c3c       0xb0 ./synergy/ssp/src/driver/r_cgc/hw/hw_cgc.o
                0x00002c3c                HW_CGC_OperatingModeSet
 .text.HW_CGC_OperatingModeGet
                0x00002cec       0x14 ./synergy/ssp/src/driver/r_cgc/hw/hw_cgc.o
                0x00002cec                HW_CGC_OperatingModeGet
 .text.HW_CGC_OscStopDetectEnable
                0x00002d00       0x2c ./synergy/ssp/src/driver/r_cgc/hw/hw_cgc.o
                0x00002d00                HW_CGC_OscStopDetectEnable
 .text.HW_CGC_OscStopDetectDisable
                0x00002d2c       0x2c ./synergy/ssp/src/driver/r_cgc/hw/hw_cgc.o
                0x00002d2c                HW_CGC_OscStopDetectDisable
 .text.HW_CGC_OscStopDetectEnabledGet
                0x00002d58        0x8 ./synergy/ssp/src/driver/r_cgc/hw/hw_cgc.o
                0x00002d58                HW_CGC_OscStopDetectEnabledGet
 .text.HW_CGC_OscStopDetectGet
                0x00002d60        0xc ./synergy/ssp/src/driver/r_cgc/hw/hw_cgc.o
                0x00002d60                HW_CGC_OscStopDetectGet
 .text.HW_CGC_OscStopStatusClear
                0x00002d6c       0x30 ./synergy/ssp/src/driver/r_cgc/hw/hw_cgc.o
                0x00002d6c                HW_CGC_OscStopStatusClear
 .text.HW_CGC_BusClockOutCfg
                0x00002d9c       0x28 ./synergy/ssp/src/driver/r_cgc/hw/hw_cgc.o
                0x00002d9c                HW_CGC_BusClockOutCfg
 .text.HW_CGC_BusClockOutEnable
                0x00002dc4       0x20 ./synergy/ssp/src/driver/r_cgc/hw/hw_cgc.o
                0x00002dc4                HW_CGC_BusClockOutEnable
 .text.HW_CGC_BusClockOutDisable
                0x00002de4       0x20 ./synergy/ssp/src/driver/r_cgc/hw/hw_cgc.o
                0x00002de4                HW_CGC_BusClockOutDisable
 .text.HW_CGC_ClockOutCfg
                0x00002e04       0x4c ./synergy/ssp/src/driver/r_cgc/hw/hw_cgc.o
                0x00002e04                HW_CGC_ClockOutCfg
 .text.HW_CGC_ClockOutEnable
                0x00002e50       0x20 ./synergy/ssp/src/driver/r_cgc/hw/hw_cgc.o
                0x00002e50                HW_CGC_ClockOutEnable
 .text.HW_CGC_ClockOutDisable
                0x00002e70       0x20 ./synergy/ssp/src/driver/r_cgc/hw/hw_cgc.o
                0x00002e70                HW_CGC_ClockOutDisable
 .text.HW_CGC_SDRAMClockOutEnable
                0x00002e90       0x20 ./synergy/ssp/src/driver/r_cgc/hw/hw_cgc.o
                0x00002e90                HW_CGC_SDRAMClockOutEnable
 .text.HW_CGC_SDRAMClockOutDisable
                0x00002eb0       0x20 ./synergy/ssp/src/driver/r_cgc/hw/hw_cgc.o
                0x00002eb0                HW_CGC_SDRAMClockOutDisable
 .text.HW_CGC_USBClockCfg
                0x00002ed0       0x2c ./synergy/ssp/src/driver/r_cgc/hw/hw_cgc.o
                0x00002ed0                HW_CGC_USBClockCfg
 .text.HW_CGC_SystickUpdate
                0x00002efc       0x48 ./synergy/ssp/src/driver/r_cgc/hw/hw_cgc.o
                0x00002efc                HW_CGC_SystickUpdate
 .text.HW_CGC_LCDClockCfg
                0x00002f44       0x14 ./synergy/ssp/src/driver/r_cgc/hw/hw_cgc.o
                0x00002f44                HW_CGC_LCDClockCfg
 .text.HW_CGC_LCDClockCfgGet
                0x00002f58        0xc ./synergy/ssp/src/driver/r_cgc/hw/hw_cgc.o
                0x00002f58                HW_CGC_LCDClockCfgGet
 .text.HW_CGC_LCDClockEnable
                0x00002f64       0x10 ./synergy/ssp/src/driver/r_cgc/hw/hw_cgc.o
                0x00002f64                HW_CGC_LCDClockEnable
 .text.HW_CGC_LCDClockDisable
                0x00002f74       0x10 ./synergy/ssp/src/driver/r_cgc/hw/hw_cgc.o
                0x00002f74                HW_CGC_LCDClockDisable
 .text.HW_CGC_LCDClockIsEnabled
                0x00002f84        0x8 ./synergy/ssp/src/driver/r_cgc/hw/hw_cgc.o
                0x00002f84                HW_CGC_LCDClockIsEnabled
 .text.HW_CGC_HocoWaitControlSet
                0x00002f8c       0x28 ./synergy/ssp/src/driver/r_cgc/hw/hw_cgc.o
                0x00002f8c                HW_CGC_HocoWaitControlSet
 .text.R_CGC_VersionGet
                0x00002fb4       0x10 ./synergy/ssp/src/driver/r_cgc/r_cgc.o
                0x00002fb4                R_CGC_VersionGet
 .text.R_CGC_Init
                0x00002fc4       0xb4 ./synergy/ssp/src/driver/r_cgc/r_cgc.o
                0x00002fc4                R_CGC_Init
 .text.R_CGC_SystemClockGet
                0x00003078       0x28 ./synergy/ssp/src/driver/r_cgc/r_cgc.o
                0x00003078                R_CGC_SystemClockGet
 .text.R_CGC_OscStopDetect
                0x000030a0       0xe0 ./synergy/ssp/src/driver/r_cgc/r_cgc.o
                0x000030a0                R_CGC_OscStopDetect
 .text.R_CGC_OscStopStatusClear
                0x00003180       0x50 ./synergy/ssp/src/driver/r_cgc/r_cgc.o
                0x00003180                R_CGC_OscStopStatusClear
 .text.R_CGC_BusClockOutCfg
                0x000031d0       0x14 ./synergy/ssp/src/driver/r_cgc/r_cgc.o
                0x000031d0                R_CGC_BusClockOutCfg
 .text.R_CGC_BusClockOutEnable
                0x000031e4       0x14 ./synergy/ssp/src/driver/r_cgc/r_cgc.o
                0x000031e4                R_CGC_BusClockOutEnable
 .text.R_CGC_BusClockOutDisable
                0x000031f8       0x14 ./synergy/ssp/src/driver/r_cgc/r_cgc.o
                0x000031f8                R_CGC_BusClockOutDisable
 .text.R_CGC_ClockOutCfg
                0x0000320c       0x18 ./synergy/ssp/src/driver/r_cgc/r_cgc.o
                0x0000320c                R_CGC_ClockOutCfg
 .text.R_CGC_ClockOutEnable
                0x00003224       0x14 ./synergy/ssp/src/driver/r_cgc/r_cgc.o
                0x00003224                R_CGC_ClockOutEnable
 .text.R_CGC_ClockOutDisable
                0x00003238       0x14 ./synergy/ssp/src/driver/r_cgc/r_cgc.o
                0x00003238                R_CGC_ClockOutDisable
 .text.R_CGC_ClockCheck
                0x0000324c       0x70 ./synergy/ssp/src/driver/r_cgc/r_cgc.o
                0x0000324c                R_CGC_ClockCheck
 .text.r_cgc_stabilization_wait
                0x000032bc       0x30 ./synergy/ssp/src/driver/r_cgc/r_cgc.o
 .text.R_CGC_ClockStart
                0x000032ec      0x18c ./synergy/ssp/src/driver/r_cgc/r_cgc.o
                0x000032ec                R_CGC_ClockStart
 .text.R_CGC_ClockStop
                0x00003478       0xc8 ./synergy/ssp/src/driver/r_cgc/r_cgc.o
                0x00003478                R_CGC_ClockStop
 .text.r_cgc_clock_start_stop
                0x00003540       0x30 ./synergy/ssp/src/driver/r_cgc/r_cgc.o
 .text.R_CGC_SystemClockSet
                0x00003570      0x1b8 ./synergy/ssp/src/driver/r_cgc/r_cgc.o
                0x00003570                R_CGC_SystemClockSet
 .text.R_CGC_ClocksCfg
                0x00003728      0x16c ./synergy/ssp/src/driver/r_cgc/r_cgc.o
                0x00003728                R_CGC_ClocksCfg
 .text.R_CGC_SystemClockFreqGet
                0x00003894       0x34 ./synergy/ssp/src/driver/r_cgc/r_cgc.o
                0x00003894                R_CGC_SystemClockFreqGet
 .text.R_CGC_LCDClockEnable
                0x000038c8       0x50 ./synergy/ssp/src/driver/r_cgc/r_cgc.o
                0x000038c8                R_CGC_LCDClockEnable
 .text.R_CGC_LCDClockDisable
                0x00003918       0x50 ./synergy/ssp/src/driver/r_cgc/r_cgc.o
                0x00003918                R_CGC_LCDClockDisable
 .text.R_CGC_LCDClockCfg
                0x00003968       0x80 ./synergy/ssp/src/driver/r_cgc/r_cgc.o
                0x00003968                R_CGC_LCDClockCfg
 .text.R_CGC_SDRAMClockOutEnable
                0x000039e8       0x1c ./synergy/ssp/src/driver/r_cgc/r_cgc.o
                0x000039e8                R_CGC_SDRAMClockOutEnable
 .text.R_CGC_SDRAMClockOutDisable
                0x00003a04       0x1c ./synergy/ssp/src/driver/r_cgc/r_cgc.o
                0x00003a04                R_CGC_SDRAMClockOutDisable
 .text.R_CGC_USBClockCfg
                0x00003a20       0x20 ./synergy/ssp/src/driver/r_cgc/r_cgc.o
                0x00003a20                R_CGC_USBClockCfg
 .text.R_CGC_SystickUpdate
                0x00003a40       0x50 ./synergy/ssp/src/driver/r_cgc/r_cgc.o
                0x00003a40                R_CGC_SystickUpdate
 .text.R_BSP_CacheOff
                0x00003a90       0x28 ./synergy/ssp/src/bsp/mcu/s7g2/bsp_cache.o
                0x00003a90                R_BSP_CacheOff
 .text.R_BSP_CacheSet
                0x00003ab8       0x48 ./synergy/ssp/src/bsp/mcu/s7g2/bsp_cache.o
                0x00003ab8                R_BSP_CacheSet
 .text.bsp_clock_init
                0x00003b00       0x90 ./synergy/ssp/src/bsp/mcu/s7g2/bsp_clocks.o
                0x00003b00                bsp_clock_init
 .text.bsp_cpu_clock_get
                0x00003b90       0x20 ./synergy/ssp/src/bsp/mcu/s7g2/bsp_clocks.o
                0x00003b90                bsp_cpu_clock_get
 .text.bsp_clock_set_callback
                0x00003bb0      0x104 ./synergy/ssp/src/bsp/mcu/s7g2/bsp_clocks.o
                0x00003bb0                bsp_clock_set_callback
 .text.R_BSP_FeatureSciGet
                0x00003cb4        0x8 ./synergy/ssp/src/bsp/mcu/s7g2/bsp_feature.o
                0x00003cb4                R_BSP_FeatureSciGet
 .text.R_BSP_FeatureIoportGet
                0x00003cbc        0xc ./synergy/ssp/src/bsp/mcu/s7g2/bsp_feature.o
                0x00003cbc                R_BSP_FeatureIoportGet
 .text.R_BSP_FeatureCgcGet
                0x00003cc8        0xc ./synergy/ssp/src/bsp/mcu/s7g2/bsp_feature.o
                0x00003cc8                R_BSP_FeatureCgcGet
 .text.bsp_group_interrupt_open
                0x00003cd4       0x18 ./synergy/ssp/src/bsp/mcu/s7g2/bsp_group_irq.o
                0x00003cd4                bsp_group_interrupt_open
 .text.R_BSP_GroupIrqWrite
                0x00003cec       0x10 ./synergy/ssp/src/bsp/mcu/s7g2/bsp_group_irq.o
                0x00003cec                R_BSP_GroupIrqWrite
 .text.NMI_Handler
                0x00003cfc      0x1f4 ./synergy/ssp/src/bsp/mcu/s7g2/bsp_group_irq.o
                0x00003cfc                NMI_Handler
 .text.r_bsp_module_start_stop
                0x00003ef0       0xb4 ./synergy/ssp/src/bsp/mcu/s7g2/bsp_module_stop.o
 .text.R_BSP_ModuleStop
                0x00003fa4        0x8 ./synergy/ssp/src/bsp/mcu/s7g2/bsp_module_stop.o
                0x00003fa4                R_BSP_ModuleStop
 .text.R_BSP_ModuleStart
                0x00003fac        0x8 ./synergy/ssp/src/bsp/mcu/s7g2/bsp_module_stop.o
                0x00003fac                R_BSP_ModuleStart
 .text.R_BSP_LedsGet
                0x00003fb4       0x20 ./synergy/ssp/src/bsp/mcu/all/bsp_common_leds.o
                0x00003fb4                R_BSP_LedsGet
 .text.software_delay_loop
                0x00003fd4        0xc ./synergy/ssp/src/bsp/mcu/all/bsp_delay.o
 .text.R_BSP_SoftwareDelay
                0x00003fe0       0x58 ./synergy/ssp/src/bsp/mcu/all/bsp_delay.o
                0x00003fe0                R_BSP_SoftwareDelay
 .text.R_BSP_IrqStatusClear
                0x00004038       0x18 ./synergy/ssp/src/bsp/mcu/all/bsp_irq.o
                0x00004038                R_BSP_IrqStatusClear
 .text.bsp_irq_cfg
                0x00004050       0x40 ./synergy/ssp/src/bsp/mcu/all/bsp_irq.o
                0x00004050                bsp_irq_cfg
 .text.R_BSP_HardwareLock
                0x00004090       0x68 ./synergy/ssp/src/bsp/mcu/all/bsp_locking.o
                0x00004090                R_BSP_HardwareLock
 .text.R_BSP_HardwareUnlock
                0x000040f8       0x4c ./synergy/ssp/src/bsp/mcu/all/bsp_locking.o
                0x000040f8                R_BSP_HardwareUnlock
 .text.bsp_init_hardware_locks
                0x00004144       0x44 ./synergy/ssp/src/bsp/mcu/all/bsp_locking.o
                0x00004144                bsp_init_hardware_locks
 .text.R_BSP_RegisterProtectEnable
                0x00004188       0x60 ./synergy/ssp/src/bsp/mcu/all/bsp_register_protection.o
                0x00004188                R_BSP_RegisterProtectEnable
 .text.R_BSP_RegisterProtectDisable
                0x000041e8       0x50 ./synergy/ssp/src/bsp/mcu/all/bsp_register_protection.o
                0x000041e8                R_BSP_RegisterProtectDisable
 .text.bsp_register_protect_open
                0x00004238       0x10 ./synergy/ssp/src/bsp/mcu/all/bsp_register_protection.o
                0x00004238                bsp_register_protect_open
 .text.Default_Handler
                0x00004248        0x4 ./synergy/ssp/src/bsp/cmsis/Device/RENESAS/S7G2/Source/startup_S7G2.o
                0x00004248                DebugMon_Handler
                0x00004248                HardFault_Handler
                0x00004248                SysTick_Handler
                0x00004248                PendSV_Handler
                0x00004248                UsageFault_Handler
                0x00004248                Default_Handler
                0x00004248                MemManage_Handler
                0x00004248                SVC_Handler
                0x00004248                BusFault_Handler
 .text.Reset_Handler
                0x0000424c        0xc ./synergy/ssp/src/bsp/cmsis/Device/RENESAS/S7G2/Source/startup_S7G2.o
                0x0000424c                Reset_Handler
 .text.R_BSP_WarmStart
                0x00004258        0x4 ./synergy/ssp/src/bsp/cmsis/Device/RENESAS/S7G2/Source/system_S7G2.o
                0x00004258                R_BSP_WarmStart
 .text.SystemInit
                0x0000425c       0xe0 ./synergy/ssp/src/bsp/cmsis/Device/RENESAS/S7G2/Source/system_S7G2.o
                0x0000425c                SystemInit
 .text.bsp_init
                0x0000433c        0x4 ./synergy/board/s7g2_sk/bsp_init.o
                0x0000433c                bsp_init
 .text.bsp_qspi_xip_mode
                0x00004340       0x88 ./synergy/board/s7g2_sk/bsp_qspi.o
 .text.bsp_qspi_init
                0x000043c8      0x148 ./synergy/board/s7g2_sk/bsp_qspi.o
                0x000043c8                bsp_qspi_init
 .text.startup.main
                0x00004510        0xc ./src/synergy_gen/main.o
                0x00004510                main
 .text.hal_entry
                0x0000451c       0x88 ./src/hal_entry.o
                0x0000451c                hal_entry
 .text          0x000045a4       0x38 c:/program files (x86)/gnu tools arm embedded/4.9 2015q3/bin/../lib/gcc/arm-none-eabi/4.9.3/armv7e-m/fpu\libgcc.a(_aeabi_ldivmod.o)
                0x000045a4                __aeabi_ldivmod
 .text          0x000045dc       0x60 c:/program files (x86)/gnu tools arm embedded/4.9 2015q3/bin/../lib/gcc/arm-none-eabi/4.9.3/armv7e-m/fpu\libgcc.a(bpabi.o)
                0x000045dc                __gnu_ldivmod_helper
                0x0000460c                __gnu_uldivmod_helper
 .text          0x0000463c        0x4 c:/program files (x86)/gnu tools arm embedded/4.9 2015q3/bin/../lib/gcc/arm-none-eabi/4.9.3/armv7e-m/fpu\libgcc.a(_dvmd_tls.o)
                0x0000463c                __aeabi_idiv0
                0x0000463c                __aeabi_ldiv0
 .text          0x00004640      0x29c c:/program files (x86)/gnu tools arm embedded/4.9 2015q3/bin/../lib/gcc/arm-none-eabi/4.9.3/armv7e-m/fpu\libgcc.a(_divdi3.o)
                0x00004640                __divdi3
 .text          0x000048dc      0x26c c:/program files (x86)/gnu tools arm embedded/4.9 2015q3/bin/../lib/gcc/arm-none-eabi/4.9.3/armv7e-m/fpu\libgcc.a(_udivdi3.o)
                0x000048dc                __udivdi3
 .text.memset   0x00004b48       0x10 c:/program files (x86)/gnu tools arm embedded/4.9 2015q3/bin/../lib/gcc/arm-none-eabi/4.9.3/../../../../arm-none-eabi/lib/armv7e-m/fpu\libg_nano.a(lib_a-memset.o)
                0x00004b48                memset
 *(.version)
 .version       0x00004b58       0x60 ./synergy/ssp/src/bsp/mcu/all/bsp_common.o
 *(.init)
 .init          0x00004bb8        0x4 c:/program files (x86)/gnu tools arm embedded/4.9 2015q3/bin/../lib/gcc/arm-none-eabi/4.9.3/armv7e-m/fpu/crti.o
                0x00004bb8                _init
 .init          0x00004bbc        0x8 c:/program files (x86)/gnu tools arm embedded/4.9 2015q3/bin/../lib/gcc/arm-none-eabi/4.9.3/armv7e-m/fpu/crtn.o
 *(.fini)
 .fini          0x00004bc4        0x4 c:/program files (x86)/gnu tools arm embedded/4.9 2015q3/bin/../lib/gcc/arm-none-eabi/4.9.3/armv7e-m/fpu/crti.o
                0x00004bc4                _fini
 .fini          0x00004bc8        0x8 c:/program files (x86)/gnu tools arm embedded/4.9 2015q3/bin/../lib/gcc/arm-none-eabi/4.9.3/armv7e-m/fpu/crtn.o
 *crtbegin.o(.ctors)
 *crtbegin?.o(.ctors)
 *(EXCLUDE_FILE(*crtend.o *crtend?.o) .ctors)
 *(SORT(.ctors.*))
 *(.ctors)
 *crtbegin.o(.dtors)
 *crtbegin?.o(.dtors)
 *(EXCLUDE_FILE(*crtend.o *crtend?.o) .dtors)
 *(SORT(.dtors.*))
 *(.dtors)
 *(.rodata*)
 .rodata.async_baud
                0x00004bd0       0x4e ./synergy/ssp/src/driver/r_sci_uart/r_sci_uart.o
 *fill*         0x00004c1e        0x2 ff
 .rodata.g_sci_uart_fifo_depth
                0x00004c20        0x4 ./synergy/ssp/src/driver/r_sci_uart/r_sci_uart.o
 .rodata.g_uart_on_sci
                0x00004c24       0x1c ./synergy/ssp/src/driver/r_sci_uart/r_sci_uart.o
                0x00004c24                g_uart_on_sci
 .rodata.g_ioport_on_ioport
                0x00004c40       0x3c ./synergy/ssp/src/driver/r_ioport/r_ioport.o
                0x00004c40                g_ioport_on_ioport
 .rodata.g_vbatt_pins_input
                0x00004c7c        0x6 ./synergy/ssp/src/driver/r_ioport/r_ioport.o
 *fill*         0x00004c82        0x2 ff
 .rodata.bit_count_mask
                0x00004c84        0x8 ./synergy/ssp/src/driver/r_fmi/r_fmi.o
 .rodata.bit_count
                0x00004c8c       0x80 ./synergy/ssp/src/driver/r_fmi/r_fmi.o
 .rodata.g_fmi_on_fmi
                0x00004d0c       0x18 ./synergy/ssp/src/driver/r_fmi/r_fmi.o
                0x00004d0c                g_fmi_on_fmi
 .rodata.g_fmi_version
                0x00004d24        0x4 ./synergy/ssp/src/driver/r_fmi/r_fmi.o
 .rodata.g_elc_on_elc
                0x00004d28       0x1c ./synergy/ssp/src/driver/r_elc/r_elc.o
                0x00004d28                g_elc_on_elc
 .rodata.s_elc_version
                0x00004d44        0x4 ./synergy/ssp/src/driver/r_elc/r_elc.o
 .rodata.g_transfer_on_dtc
                0x00004d48       0x28 ./synergy/ssp/src/driver/r_dtc/r_dtc.o
                0x00004d48                g_transfer_on_dtc
 .rodata.g_dtc_version
                0x00004d70        0x4 ./synergy/ssp/src/driver/r_dtc/r_dtc.o
 .rodata.g_pllccr2_div_value
                0x00004d74        0x6 ./synergy/ssp/src/driver/r_cgc/hw/hw_cgc.o
 *fill*         0x00004d7a        0x2 ff
 .rodata.g_pllccr_div_value
                0x00004d7c        0x6 ./synergy/ssp/src/driver/r_cgc/hw/hw_cgc.o
 *fill*         0x00004d82        0x2 ff
 .rodata.g_pllccr_div_setting
                0x00004d84        0x6 ./synergy/ssp/src/driver/r_cgc/hw/hw_cgc.o
 *fill*         0x00004d8a        0x2 ff
 .rodata.g_pllccr2_div_setting
                0x00004d8c        0x8 ./synergy/ssp/src/driver/r_cgc/hw/hw_cgc.o
 .rodata.g_cgc_on_cgc
                0x00004d94       0x60 ./synergy/ssp/src/driver/r_cgc/r_cgc.o
                0x00004d94                g_cgc_on_cgc
 .rodata.g_lcd_clock_settings
                0x00004df4        0x6 ./synergy/ssp/src/driver/r_cgc/r_cgc.o
 *fill*         0x00004dfa        0x2 ff
 .rodata.g_cgc_version
                0x00004dfc        0x4 ./synergy/ssp/src/driver/r_cgc/r_cgc.o
 .rodata.g_cgc_feature
                0x00004e00       0x2c ./synergy/ssp/src/bsp/mcu/s7g2/bsp_feature.o
 .rodata.g_fmi_data
                0x00004e2c      0x400 ./synergy/ssp/src/bsp/mcu/s7g2/bsp_fmi_R7FS7G27H3A01CFC.o
                0x00004e2c                g_fmi_data
 .rodata.gp_mstp
                0x0000522c       0x10 ./synergy/ssp/src/bsp/mcu/s7g2/bsp_module_stop.o
 .rodata.g_bsp_module_stop
                0x0000523c       0x46 ./synergy/ssp/src/bsp/mcu/s7g2/bsp_module_stop.o
 *fill*         0x00005282        0x2 ff
 .rodata.gp_vector_information
                0x00005284        0x4 ./synergy/ssp/src/bsp/mcu/all/bsp_irq.o
                0x00005284                gp_vector_information
 .rodata.g_prcr_masks
                0x00005288        0x6 ./synergy/ssp/src/bsp/mcu/all/bsp_register_protection.o
 *fill*         0x0000528e        0x2 ff
 .rodata.g_elc_cfg
                0x00005290        0xc ./synergy/ssp/src/bsp/cmsis/Device/RENESAS/S7G2/Source/system_S7G2.o
 .rodata.g_bsp_leds
                0x0000529c        0x8 ./synergy/board/s7g2_sk/bsp_leds.o
                0x0000529c                g_bsp_leds
 .rodata.g_bsp_prv_leds
                0x000052a4        0x6 ./synergy/board/s7g2_sk/bsp_leds.o
 *fill*         0x000052aa        0x2 ff
 .rodata.g_ioport
                0x000052ac        0x8 ./src/synergy_gen/common_data.o
                0x000052ac                g_ioport
 .rodata.g_transfer0
                0x000052b4        0xc ./src/synergy_gen/hal_data.o
                0x000052b4                g_transfer0
 .rodata.g_uart3_cfg
                0x000052c0       0x24 ./src/synergy_gen/hal_data.o
                0x000052c0                g_uart3_cfg
 .rodata.g_uart3_cfg_extend
                0x000052e4       0x10 ./src/synergy_gen/hal_data.o
                0x000052e4                g_uart3_cfg_extend
 .rodata.g_transfer0_cfg
                0x000052f4       0x14 ./src/synergy_gen/hal_data.o
                0x000052f4                g_transfer0_cfg
 .rodata.g_uart3
                0x00005308        0xc ./src/synergy_gen/hal_data.o
                0x00005308                g_uart3
 .rodata.g_transfer1_cfg
                0x00005314       0x14 ./src/synergy_gen/hal_data.o
                0x00005314                g_transfer1_cfg
 .rodata.g_transfer1
                0x00005328        0xc ./src/synergy_gen/hal_data.o
                0x00005328                g_transfer1
 .rodata.g_bsp_pin_cfg
                0x00005334        0x8 ./src/synergy_gen/pin_data.o
                0x00005334                g_bsp_pin_cfg
 .rodata.g_bsp_pin_cfg_data
                0x0000533c      0x380 ./src/synergy_gen/pin_data.o
                0x0000533c                g_bsp_pin_cfg_data
                0x000056bc                __usb_dev_descriptor_start_fs = .
 *(.usb_device_desc_fs*)
                0x000056bc                __usb_cfg_descriptor_start_fs = .
 *(.usb_config_desc_fs*)
                0x000056bc                __usb_interface_descriptor_start_fs = .
 *(.usb_interface_desc_fs*)
                0x000056bc                __usb_descriptor_end_fs = .
                0x000056bc                __usb_dev_descriptor_start_hs = .
 *(.usb_device_desc_hs*)
                0x000056bc                __usb_cfg_descriptor_start_hs = .
 *(.usb_config_desc_hs*)
                0x000056bc                __usb_interface_descriptor_start_hs = .
 *(.usb_interface_desc_hs*)
                0x000056bc                __usb_descriptor_end_hs = .
 *(.eh_frame*)
 .eh_frame      0x000056bc        0x0 c:/program files (x86)/gnu tools arm embedded/4.9 2015q3/bin/../lib/gcc/arm-none-eabi/4.9.3/armv7e-m/fpu/crtbegin.o
 .eh_frame      0x000056bc        0x4 c:/program files (x86)/gnu tools arm embedded/4.9 2015q3/bin/../lib/gcc/arm-none-eabi/4.9.3/armv7e-m/fpu/crtend.o
                0x000056c0                __ROM_End = .
                0x0000004c                __Vectors_Size = (__Vectors_End - __Vectors)
                0x00000018                __Vector_Info_Size = (__Vector_Info_End - __Vector_Info_Start)
                0x000001b0                __Lock_Lookup_Size = (__Lock_Lookup_End - __Lock_Lookup_Start)

.glue_7         0x000056c0        0x0
 .glue_7        0x00000000        0x0 linker stubs

.glue_7t        0x000056c0        0x0
 .glue_7t       0x00000000        0x0 linker stubs

.vfp11_veneer   0x000056c0        0x0
 .vfp11_veneer  0x00000000        0x0 linker stubs

.v4_bx          0x000056c0        0x0
 .v4_bx         0x00000000        0x0 linker stubs

.iplt           0x000056c0        0x0
 .iplt          0x00000000        0x0 c:/program files (x86)/gnu tools arm embedded/4.9 2015q3/bin/../lib/gcc/arm-none-eabi/4.9.3/armv7e-m/fpu/crtbegin.o

.ARM.extab
 *(.ARM.extab* .gnu.linkonce.armextab.*)
                0x000056c0                __exidx_start = .

.ARM.exidx      0x000056c0        0x8
 *(.ARM.exidx* .gnu.linkonce.armexidx.*)
 .ARM.exidx     0x000056c0        0x8 c:/program files (x86)/gnu tools arm embedded/4.9 2015q3/bin/../lib/gcc/arm-none-eabi/4.9.3/armv7e-m/fpu\libgcc.a(_divdi3.o)
 .ARM.exidx     0x000056c8        0x0 c:/program files (x86)/gnu tools arm embedded/4.9 2015q3/bin/../lib/gcc/arm-none-eabi/4.9.3/armv7e-m/fpu\libgcc.a(_udivdi3.o)
                                  0x8 (size before relaxing)
                0x000056c8                __exidx_end = .
                0x000056c8                __etext = .

.rel.dyn        0x000056c8        0x0
 .rel.iplt      0x00000000        0x0 c:/program files (x86)/gnu tools arm embedded/4.9 2015q3/bin/../lib/gcc/arm-none-eabi/4.9.3/armv7e-m/fpu/crtbegin.o

.ssp_dtc_vector_table
                0x1ffe0000      0x1c0
                0x1ffe0000                . = ORIGIN (RAM)
 *(.ssp_dtc_vector_table)
 .ssp_dtc_vector_table
                0x1ffe0000      0x1c0 ./synergy/ssp/src/driver/r_dtc/r_dtc.o

.data           0x1ffe01c0       0x9c load address 0x000056c8
                0x1ffe01c0                __data_start__ = .
 *(vtable)
 *(.data.*)
 .data.g_transfer1_info
                0x1ffe01c0       0x10 ./src/synergy_gen/hal_data.o
                0x1ffe01c0                g_transfer1_info
 .data.g_transfer0_info
                0x1ffe01d0       0x10 ./src/synergy_gen/hal_data.o
                0x1ffe01d0                g_transfer0_info
 .data.dato     0x1ffe01e0        0x1 ./src/hal_entry.o
                0x1ffe01e0                dato
                0x1ffe01e4                . = ALIGN (0x4)
 *fill*         0x1ffe01e1        0x3 
                0x1ffe01e4                PROVIDE (__preinit_array_start, .)
 *(.preinit_array)
                0x1ffe01e4                PROVIDE (__preinit_array_end, .)
                0x1ffe01e4                . = ALIGN (0x4)
                0x1ffe01e4                PROVIDE (__init_array_start, .)
 *(SORT(.init_array.*))
 *(.init_array)
 .init_array    0x1ffe01e4        0x4 c:/program files (x86)/gnu tools arm embedded/4.9 2015q3/bin/../lib/gcc/arm-none-eabi/4.9.3/armv7e-m/fpu/crtbegin.o
                0x1ffe01e8                PROVIDE (__init_array_end, .)
                0x1ffe01e8                . = ALIGN (0x4)
                0x1ffe01e8                PROVIDE (__fini_array_start, .)
 *(SORT(.fini_array.*))
 *(.fini_array)
 .fini_array    0x1ffe01e8        0x4 c:/program files (x86)/gnu tools arm embedded/4.9 2015q3/bin/../lib/gcc/arm-none-eabi/4.9.3/armv7e-m/fpu/crtbegin.o
                0x1ffe01ec                PROVIDE (__fini_array_end, .)
 *(.jcr*)
 .jcr           0x1ffe01ec        0x0 c:/program files (x86)/gnu tools arm embedded/4.9 2015q3/bin/../lib/gcc/arm-none-eabi/4.9.3/armv7e-m/fpu/crtbegin.o
 .jcr           0x1ffe01ec        0x4 c:/program files (x86)/gnu tools arm embedded/4.9 2015q3/bin/../lib/gcc/arm-none-eabi/4.9.3/armv7e-m/fpu/crtend.o
                0x1ffe01f0                . = ALIGN (0x4)
                0x1ffe01f0                __Code_In_RAM_Start = .
 *(.code_in_ram*)
                0x1ffe01f0                __Code_In_RAM_End = .
                0x1ffe01f0                __Lock_Start = .
 *(SORT(.hw_lock*))
 .hw_lock.ADC_0U_0U
                0x1ffe01f0        0x1 ./synergy/ssp/src/bsp/mcu/s7g2/bsp_hw_locks.o
                0x1ffe01f0                g_hw_lock_ADC_0U_0U
 .hw_lock.ADC_0U_1U
                0x1ffe01f1        0x1 ./synergy/ssp/src/bsp/mcu/s7g2/bsp_hw_locks.o
                0x1ffe01f1                g_hw_lock_ADC_0U_1U
 .hw_lock.AGT_0U_0U
                0x1ffe01f2        0x1 ./synergy/ssp/src/bsp/mcu/s7g2/bsp_hw_locks.o
                0x1ffe01f2                g_hw_lock_AGT_0U_0U
 .hw_lock.AGT_0U_1U
                0x1ffe01f3        0x1 ./synergy/ssp/src/bsp/mcu/s7g2/bsp_hw_locks.o
                0x1ffe01f3                g_hw_lock_AGT_0U_1U
 .hw_lock.BSC_0U_1U
                0x1ffe01f4        0x1 ./synergy/ssp/src/bsp/mcu/s7g2/bsp_hw_locks.o
                0x1ffe01f4                g_hw_lock_BSC_0U_1U
 .hw_lock.CAC_0U_0U
                0x1ffe01f5        0x1 ./synergy/ssp/src/bsp/mcu/s7g2/bsp_hw_locks.o
                0x1ffe01f5                g_hw_lock_CAC_0U_0U
 .hw_lock.CAN_0U_0U
                0x1ffe01f6        0x1 ./synergy/ssp/src/bsp/mcu/s7g2/bsp_hw_locks.o
                0x1ffe01f6                g_hw_lock_CAN_0U_0U
 .hw_lock.CAN_0U_1U
                0x1ffe01f7        0x1 ./synergy/ssp/src/bsp/mcu/s7g2/bsp_hw_locks.o
                0x1ffe01f7                g_hw_lock_CAN_0U_1U
 .hw_lock.COMP_HS_0U_0U
                0x1ffe01f8        0x1 ./synergy/ssp/src/bsp/mcu/s7g2/bsp_hw_locks.o
                0x1ffe01f8                g_hw_lock_COMP_HS_0U_0U
 .hw_lock.COMP_HS_0U_1U
                0x1ffe01f9        0x1 ./synergy/ssp/src/bsp/mcu/s7g2/bsp_hw_locks.o
                0x1ffe01f9                g_hw_lock_COMP_HS_0U_1U
 .hw_lock.COMP_HS_0U_2U
                0x1ffe01fa        0x1 ./synergy/ssp/src/bsp/mcu/s7g2/bsp_hw_locks.o
                0x1ffe01fa                g_hw_lock_COMP_HS_0U_2U
 .hw_lock.COMP_HS_0U_3U
                0x1ffe01fb        0x1 ./synergy/ssp/src/bsp/mcu/s7g2/bsp_hw_locks.o
                0x1ffe01fb                g_hw_lock_COMP_HS_0U_3U
 .hw_lock.COMP_HS_0U_4U
                0x1ffe01fc        0x1 ./synergy/ssp/src/bsp/mcu/s7g2/bsp_hw_locks.o
                0x1ffe01fc                g_hw_lock_COMP_HS_0U_4U
 .hw_lock.COMP_HS_0U_5U
                0x1ffe01fd        0x1 ./synergy/ssp/src/bsp/mcu/s7g2/bsp_hw_locks.o
                0x1ffe01fd                g_hw_lock_COMP_HS_0U_5U
 .hw_lock.CRC_0U_0U
                0x1ffe01fe        0x1 ./synergy/ssp/src/bsp/mcu/s7g2/bsp_hw_locks.o
                0x1ffe01fe                g_hw_lock_CRC_0U_0U
 .hw_lock.CTSU_0U_0U
                0x1ffe01ff        0x1 ./synergy/ssp/src/bsp/mcu/s7g2/bsp_hw_locks.o
                0x1ffe01ff                g_hw_lock_CTSU_0U_0U
 .hw_lock.DAAD_0U_0U
                0x1ffe0200        0x1 ./synergy/ssp/src/bsp/mcu/s7g2/bsp_hw_locks.o
                0x1ffe0200                g_hw_lock_DAAD_0U_0U
 .hw_lock.DAC_0U_0U
                0x1ffe0201        0x1 ./synergy/ssp/src/bsp/mcu/s7g2/bsp_hw_locks.o
                0x1ffe0201                g_hw_lock_DAC_0U_0U
 .hw_lock.DAC_0U_1U
                0x1ffe0202        0x1 ./synergy/ssp/src/bsp/mcu/s7g2/bsp_hw_locks.o
                0x1ffe0202                g_hw_lock_DAC_0U_1U
 .hw_lock.DMAC_0U_0U
                0x1ffe0203        0x1 ./synergy/ssp/src/bsp/mcu/s7g2/bsp_hw_locks.o
                0x1ffe0203                g_hw_lock_DMAC_0U_0U
 .hw_lock.DMAC_0U_1U
                0x1ffe0204        0x1 ./synergy/ssp/src/bsp/mcu/s7g2/bsp_hw_locks.o
                0x1ffe0204                g_hw_lock_DMAC_0U_1U
 .hw_lock.DMAC_0U_2U
                0x1ffe0205        0x1 ./synergy/ssp/src/bsp/mcu/s7g2/bsp_hw_locks.o
                0x1ffe0205                g_hw_lock_DMAC_0U_2U
 .hw_lock.DMAC_0U_3U
                0x1ffe0206        0x1 ./synergy/ssp/src/bsp/mcu/s7g2/bsp_hw_locks.o
                0x1ffe0206                g_hw_lock_DMAC_0U_3U
 .hw_lock.DMAC_0U_4U
                0x1ffe0207        0x1 ./synergy/ssp/src/bsp/mcu/s7g2/bsp_hw_locks.o
                0x1ffe0207                g_hw_lock_DMAC_0U_4U
 .hw_lock.DMAC_0U_5U
                0x1ffe0208        0x1 ./synergy/ssp/src/bsp/mcu/s7g2/bsp_hw_locks.o
                0x1ffe0208                g_hw_lock_DMAC_0U_5U
 .hw_lock.DMAC_0U_6U
                0x1ffe0209        0x1 ./synergy/ssp/src/bsp/mcu/s7g2/bsp_hw_locks.o
                0x1ffe0209                g_hw_lock_DMAC_0U_6U
 .hw_lock.DMAC_0U_7U
                0x1ffe020a        0x1 ./synergy/ssp/src/bsp/mcu/s7g2/bsp_hw_locks.o
                0x1ffe020a                g_hw_lock_DMAC_0U_7U
 .hw_lock.DOC_0U_0U
                0x1ffe020b        0x1 ./synergy/ssp/src/bsp/mcu/s7g2/bsp_hw_locks.o
                0x1ffe020b                g_hw_lock_DOC_0U_0U
 .hw_lock.DRW_0U_0U
                0x1ffe020c        0x1 ./synergy/ssp/src/bsp/mcu/s7g2/bsp_hw_locks.o
                0x1ffe020c                g_hw_lock_DRW_0U_0U
 .hw_lock.DTC_0U_0U
                0x1ffe020d        0x1 ./synergy/ssp/src/bsp/mcu/s7g2/bsp_hw_locks.o
                0x1ffe020d                g_hw_lock_DTC_0U_0U
 .hw_lock.ELC_0U_0U
                0x1ffe020e        0x1 ./synergy/ssp/src/bsp/mcu/s7g2/bsp_hw_locks.o
                0x1ffe020e                g_hw_lock_ELC_0U_0U
 .hw_lock.EPTPC_0U_0U
                0x1ffe020f        0x1 ./synergy/ssp/src/bsp/mcu/s7g2/bsp_hw_locks.o
                0x1ffe020f                g_hw_lock_EPTPC_0U_0U
 .hw_lock.ETHER_0U_0U
                0x1ffe0210        0x1 ./synergy/ssp/src/bsp/mcu/s7g2/bsp_hw_locks.o
                0x1ffe0210                g_hw_lock_ETHER_0U_0U
 .hw_lock.ETHER_0U_1U
                0x1ffe0211        0x1 ./synergy/ssp/src/bsp/mcu/s7g2/bsp_hw_locks.o
                0x1ffe0211                g_hw_lock_ETHER_0U_1U
 .hw_lock.FCU_0U_0U
                0x1ffe0212        0x1 ./synergy/ssp/src/bsp/mcu/s7g2/bsp_hw_locks.o
                0x1ffe0212                g_hw_lock_FCU_0U_0U
 .hw_lock.GLCDC_0U_0U
                0x1ffe0213        0x1 ./synergy/ssp/src/bsp/mcu/s7g2/bsp_hw_locks.o
                0x1ffe0213                g_hw_lock_GLCDC_0U_0U
 .hw_lock.GPT_0U_0U
                0x1ffe0214        0x1 ./synergy/ssp/src/bsp/mcu/s7g2/bsp_hw_locks.o
                0x1ffe0214                g_hw_lock_GPT_0U_0U
 .hw_lock.GPT_0U_10U
                0x1ffe0215        0x1 ./synergy/ssp/src/bsp/mcu/s7g2/bsp_hw_locks.o
                0x1ffe0215                g_hw_lock_GPT_0U_10U
 .hw_lock.GPT_0U_11U
                0x1ffe0216        0x1 ./synergy/ssp/src/bsp/mcu/s7g2/bsp_hw_locks.o
                0x1ffe0216                g_hw_lock_GPT_0U_11U
 .hw_lock.GPT_0U_12U
                0x1ffe0217        0x1 ./synergy/ssp/src/bsp/mcu/s7g2/bsp_hw_locks.o
                0x1ffe0217                g_hw_lock_GPT_0U_12U
 .hw_lock.GPT_0U_13U
                0x1ffe0218        0x1 ./synergy/ssp/src/bsp/mcu/s7g2/bsp_hw_locks.o
                0x1ffe0218                g_hw_lock_GPT_0U_13U
 .hw_lock.GPT_0U_1U
                0x1ffe0219        0x1 ./synergy/ssp/src/bsp/mcu/s7g2/bsp_hw_locks.o
                0x1ffe0219                g_hw_lock_GPT_0U_1U
 .hw_lock.GPT_0U_2U
                0x1ffe021a        0x1 ./synergy/ssp/src/bsp/mcu/s7g2/bsp_hw_locks.o
                0x1ffe021a                g_hw_lock_GPT_0U_2U
 .hw_lock.GPT_0U_3U
                0x1ffe021b        0x1 ./synergy/ssp/src/bsp/mcu/s7g2/bsp_hw_locks.o
                0x1ffe021b                g_hw_lock_GPT_0U_3U
 .hw_lock.GPT_0U_4U
                0x1ffe021c        0x1 ./synergy/ssp/src/bsp/mcu/s7g2/bsp_hw_locks.o
                0x1ffe021c                g_hw_lock_GPT_0U_4U
 .hw_lock.GPT_0U_5U
                0x1ffe021d        0x1 ./synergy/ssp/src/bsp/mcu/s7g2/bsp_hw_locks.o
                0x1ffe021d                g_hw_lock_GPT_0U_5U
 .hw_lock.GPT_0U_6U
                0x1ffe021e        0x1 ./synergy/ssp/src/bsp/mcu/s7g2/bsp_hw_locks.o
                0x1ffe021e                g_hw_lock_GPT_0U_6U
 .hw_lock.GPT_0U_7U
                0x1ffe021f        0x1 ./synergy/ssp/src/bsp/mcu/s7g2/bsp_hw_locks.o
                0x1ffe021f                g_hw_lock_GPT_0U_7U
 .hw_lock.GPT_0U_8U
                0x1ffe0220        0x1 ./synergy/ssp/src/bsp/mcu/s7g2/bsp_hw_locks.o
                0x1ffe0220                g_hw_lock_GPT_0U_8U
 .hw_lock.GPT_0U_9U
                0x1ffe0221        0x1 ./synergy/ssp/src/bsp/mcu/s7g2/bsp_hw_locks.o
                0x1ffe0221                g_hw_lock_GPT_0U_9U
 .hw_lock.ICU_0U_0U
                0x1ffe0222        0x1 ./synergy/ssp/src/bsp/mcu/s7g2/bsp_hw_locks.o
                0x1ffe0222                g_hw_lock_ICU_0U_0U
 .hw_lock.ICU_0U_10U
                0x1ffe0223        0x1 ./synergy/ssp/src/bsp/mcu/s7g2/bsp_hw_locks.o
                0x1ffe0223                g_hw_lock_ICU_0U_10U
 .hw_lock.ICU_0U_11U
                0x1ffe0224        0x1 ./synergy/ssp/src/bsp/mcu/s7g2/bsp_hw_locks.o
                0x1ffe0224                g_hw_lock_ICU_0U_11U
 .hw_lock.ICU_0U_12U
                0x1ffe0225        0x1 ./synergy/ssp/src/bsp/mcu/s7g2/bsp_hw_locks.o
                0x1ffe0225                g_hw_lock_ICU_0U_12U
 .hw_lock.ICU_0U_13U
                0x1ffe0226        0x1 ./synergy/ssp/src/bsp/mcu/s7g2/bsp_hw_locks.o
                0x1ffe0226                g_hw_lock_ICU_0U_13U
 .hw_lock.ICU_0U_14U
                0x1ffe0227        0x1 ./synergy/ssp/src/bsp/mcu/s7g2/bsp_hw_locks.o
                0x1ffe0227                g_hw_lock_ICU_0U_14U
 .hw_lock.ICU_0U_15U
                0x1ffe0228        0x1 ./synergy/ssp/src/bsp/mcu/s7g2/bsp_hw_locks.o
                0x1ffe0228                g_hw_lock_ICU_0U_15U
 .hw_lock.ICU_0U_1U
                0x1ffe0229        0x1 ./synergy/ssp/src/bsp/mcu/s7g2/bsp_hw_locks.o
                0x1ffe0229                g_hw_lock_ICU_0U_1U
 .hw_lock.ICU_0U_2U
                0x1ffe022a        0x1 ./synergy/ssp/src/bsp/mcu/s7g2/bsp_hw_locks.o
                0x1ffe022a                g_hw_lock_ICU_0U_2U
 .hw_lock.ICU_0U_3U
                0x1ffe022b        0x1 ./synergy/ssp/src/bsp/mcu/s7g2/bsp_hw_locks.o
                0x1ffe022b                g_hw_lock_ICU_0U_3U
 .hw_lock.ICU_0U_4U
                0x1ffe022c        0x1 ./synergy/ssp/src/bsp/mcu/s7g2/bsp_hw_locks.o
                0x1ffe022c                g_hw_lock_ICU_0U_4U
 .hw_lock.ICU_0U_5U
                0x1ffe022d        0x1 ./synergy/ssp/src/bsp/mcu/s7g2/bsp_hw_locks.o
                0x1ffe022d                g_hw_lock_ICU_0U_5U
 .hw_lock.ICU_0U_6U
                0x1ffe022e        0x1 ./synergy/ssp/src/bsp/mcu/s7g2/bsp_hw_locks.o
                0x1ffe022e                g_hw_lock_ICU_0U_6U
 .hw_lock.ICU_0U_7U
                0x1ffe022f        0x1 ./synergy/ssp/src/bsp/mcu/s7g2/bsp_hw_locks.o
                0x1ffe022f                g_hw_lock_ICU_0U_7U
 .hw_lock.ICU_0U_8U
                0x1ffe0230        0x1 ./synergy/ssp/src/bsp/mcu/s7g2/bsp_hw_locks.o
                0x1ffe0230                g_hw_lock_ICU_0U_8U
 .hw_lock.ICU_0U_9U
                0x1ffe0231        0x1 ./synergy/ssp/src/bsp/mcu/s7g2/bsp_hw_locks.o
                0x1ffe0231                g_hw_lock_ICU_0U_9U
 .hw_lock.IIC_0U_0U
                0x1ffe0232        0x1 ./synergy/ssp/src/bsp/mcu/s7g2/bsp_hw_locks.o
                0x1ffe0232                g_hw_lock_IIC_0U_0U
 .hw_lock.IIC_0U_1U
                0x1ffe0233        0x1 ./synergy/ssp/src/bsp/mcu/s7g2/bsp_hw_locks.o
                0x1ffe0233                g_hw_lock_IIC_0U_1U
 .hw_lock.IIC_0U_2U
                0x1ffe0234        0x1 ./synergy/ssp/src/bsp/mcu/s7g2/bsp_hw_locks.o
                0x1ffe0234                g_hw_lock_IIC_0U_2U
 .hw_lock.IRDA_0U_0U
                0x1ffe0235        0x1 ./synergy/ssp/src/bsp/mcu/s7g2/bsp_hw_locks.o
                0x1ffe0235                g_hw_lock_IRDA_0U_0U
 .hw_lock.IWDT_0U_0U
                0x1ffe0236        0x1 ./synergy/ssp/src/bsp/mcu/s7g2/bsp_hw_locks.o
                0x1ffe0236                g_hw_lock_IWDT_0U_0U
 .hw_lock.JPEG_0U_0U
                0x1ffe0237        0x1 ./synergy/ssp/src/bsp/mcu/s7g2/bsp_hw_locks.o
                0x1ffe0237                g_hw_lock_JPEG_0U_0U
 .hw_lock.KEY_0U_0U
                0x1ffe0238        0x1 ./synergy/ssp/src/bsp/mcu/s7g2/bsp_hw_locks.o
                0x1ffe0238                g_hw_lock_KEY_0U_0U
 .hw_lock.LPM_1U_0U
                0x1ffe0239        0x1 ./synergy/ssp/src/bsp/mcu/s7g2/bsp_hw_locks.o
                0x1ffe0239                g_hw_lock_LPM_1U_0U
 .hw_lock.LVD_0U_0U
                0x1ffe023a        0x1 ./synergy/ssp/src/bsp/mcu/s7g2/bsp_hw_locks.o
                0x1ffe023a                g_hw_lock_LVD_0U_0U
 .hw_lock.LVD_0U_1U
                0x1ffe023b        0x1 ./synergy/ssp/src/bsp/mcu/s7g2/bsp_hw_locks.o
                0x1ffe023b                g_hw_lock_LVD_0U_1U
 .hw_lock.MMF_0U_0U
                0x1ffe023c        0x1 ./synergy/ssp/src/bsp/mcu/s7g2/bsp_hw_locks.o
                0x1ffe023c                g_hw_lock_MMF_0U_0U
 .hw_lock.MPU_0U_0U
                0x1ffe023d        0x1 ./synergy/ssp/src/bsp/mcu/s7g2/bsp_hw_locks.o
                0x1ffe023d                g_hw_lock_MPU_0U_0U
 .hw_lock.OPS_0U_0U
                0x1ffe023e        0x1 ./synergy/ssp/src/bsp/mcu/s7g2/bsp_hw_locks.o
                0x1ffe023e                g_hw_lock_OPS_0U_0U
 .hw_lock.PDC_0U_0U
                0x1ffe023f        0x1 ./synergy/ssp/src/bsp/mcu/s7g2/bsp_hw_locks.o
                0x1ffe023f                g_hw_lock_PDC_0U_0U
 .hw_lock.POEG_0U_0U
                0x1ffe0240        0x1 ./synergy/ssp/src/bsp/mcu/s7g2/bsp_hw_locks.o
                0x1ffe0240                g_hw_lock_POEG_0U_0U
 .hw_lock.POEG_0U_1U
                0x1ffe0241        0x1 ./synergy/ssp/src/bsp/mcu/s7g2/bsp_hw_locks.o
                0x1ffe0241                g_hw_lock_POEG_0U_1U
 .hw_lock.POEG_0U_2U
                0x1ffe0242        0x1 ./synergy/ssp/src/bsp/mcu/s7g2/bsp_hw_locks.o
                0x1ffe0242                g_hw_lock_POEG_0U_2U
 .hw_lock.POEG_0U_3U
                0x1ffe0243        0x1 ./synergy/ssp/src/bsp/mcu/s7g2/bsp_hw_locks.o
                0x1ffe0243                g_hw_lock_POEG_0U_3U
 .hw_lock.QSPI_0U_0U
                0x1ffe0244        0x1 ./synergy/ssp/src/bsp/mcu/s7g2/bsp_hw_locks.o
                0x1ffe0244                g_hw_lock_QSPI_0U_0U
 .hw_lock.RTC_0U_0U
                0x1ffe0245        0x1 ./synergy/ssp/src/bsp/mcu/s7g2/bsp_hw_locks.o
                0x1ffe0245                g_hw_lock_RTC_0U_0U
 .hw_lock.SCE_0U_0U
                0x1ffe0246        0x1 ./synergy/ssp/src/bsp/mcu/s7g2/bsp_hw_locks.o
                0x1ffe0246                g_hw_lock_SCE_0U_0U
 .hw_lock.SCI_0U_0U
                0x1ffe0247        0x1 ./synergy/ssp/src/bsp/mcu/s7g2/bsp_hw_locks.o
                0x1ffe0247                g_hw_lock_SCI_0U_0U
 .hw_lock.SCI_0U_1U
                0x1ffe0248        0x1 ./synergy/ssp/src/bsp/mcu/s7g2/bsp_hw_locks.o
                0x1ffe0248                g_hw_lock_SCI_0U_1U
 .hw_lock.SCI_0U_2U
                0x1ffe0249        0x1 ./synergy/ssp/src/bsp/mcu/s7g2/bsp_hw_locks.o
                0x1ffe0249                g_hw_lock_SCI_0U_2U
 .hw_lock.SCI_0U_3U
                0x1ffe024a        0x1 ./synergy/ssp/src/bsp/mcu/s7g2/bsp_hw_locks.o
                0x1ffe024a                g_hw_lock_SCI_0U_3U
 .hw_lock.SCI_0U_4U
                0x1ffe024b        0x1 ./synergy/ssp/src/bsp/mcu/s7g2/bsp_hw_locks.o
                0x1ffe024b                g_hw_lock_SCI_0U_4U
 .hw_lock.SCI_0U_5U
                0x1ffe024c        0x1 ./synergy/ssp/src/bsp/mcu/s7g2/bsp_hw_locks.o
                0x1ffe024c                g_hw_lock_SCI_0U_5U
 .hw_lock.SCI_0U_6U
                0x1ffe024d        0x1 ./synergy/ssp/src/bsp/mcu/s7g2/bsp_hw_locks.o
                0x1ffe024d                g_hw_lock_SCI_0U_6U
 .hw_lock.SCI_0U_7U
                0x1ffe024e        0x1 ./synergy/ssp/src/bsp/mcu/s7g2/bsp_hw_locks.o
                0x1ffe024e                g_hw_lock_SCI_0U_7U
 .hw_lock.SCI_0U_8U
                0x1ffe024f        0x1 ./synergy/ssp/src/bsp/mcu/s7g2/bsp_hw_locks.o
                0x1ffe024f                g_hw_lock_SCI_0U_8U
 .hw_lock.SCI_0U_9U
                0x1ffe0250        0x1 ./synergy/ssp/src/bsp/mcu/s7g2/bsp_hw_locks.o
                0x1ffe0250                g_hw_lock_SCI_0U_9U
 .hw_lock.SDHIMMC_0U_0U
                0x1ffe0251        0x1 ./synergy/ssp/src/bsp/mcu/s7g2/bsp_hw_locks.o
                0x1ffe0251                g_hw_lock_SDHIMMC_0U_0U
 .hw_lock.SDHIMMC_0U_1U
                0x1ffe0252        0x1 ./synergy/ssp/src/bsp/mcu/s7g2/bsp_hw_locks.o
                0x1ffe0252                g_hw_lock_SDHIMMC_0U_1U
 .hw_lock.SPI_0U_0U
                0x1ffe0253        0x1 ./synergy/ssp/src/bsp/mcu/s7g2/bsp_hw_locks.o
                0x1ffe0253                g_hw_lock_SPI_0U_0U
 .hw_lock.SPI_0U_1U
                0x1ffe0254        0x1 ./synergy/ssp/src/bsp/mcu/s7g2/bsp_hw_locks.o
                0x1ffe0254                g_hw_lock_SPI_0U_1U
 .hw_lock.SRC_0U_0U
                0x1ffe0255        0x1 ./synergy/ssp/src/bsp/mcu/s7g2/bsp_hw_locks.o
                0x1ffe0255                g_hw_lock_SRC_0U_0U
 .hw_lock.SSI_0U_0U
                0x1ffe0256        0x1 ./synergy/ssp/src/bsp/mcu/s7g2/bsp_hw_locks.o
                0x1ffe0256                g_hw_lock_SSI_0U_0U
 .hw_lock.SSI_0U_1U
                0x1ffe0257        0x1 ./synergy/ssp/src/bsp/mcu/s7g2/bsp_hw_locks.o
                0x1ffe0257                g_hw_lock_SSI_0U_1U
 .hw_lock.TSN_0U_0U
                0x1ffe0258        0x1 ./synergy/ssp/src/bsp/mcu/s7g2/bsp_hw_locks.o
                0x1ffe0258                g_hw_lock_TSN_0U_0U
 .hw_lock.USB_0U_0U
                0x1ffe0259        0x1 ./synergy/ssp/src/bsp/mcu/s7g2/bsp_hw_locks.o
                0x1ffe0259                g_hw_lock_USB_0U_0U
 .hw_lock.USB_1U_0U
                0x1ffe025a        0x1 ./synergy/ssp/src/bsp/mcu/s7g2/bsp_hw_locks.o
                0x1ffe025a                g_hw_lock_USB_1U_0U
 .hw_lock.WDT_0U_0U
                0x1ffe025b        0x1 ./synergy/ssp/src/bsp/mcu/s7g2/bsp_hw_locks.o
                0x1ffe025b                g_hw_lock_WDT_0U_0U
                0x1ffe025c                __Lock_End = .
                0x1ffe025c                . = ALIGN (0x4)
                0x1ffe025c                __data_end__ = .
                0x0000006c                __Lock_Size = (__Lock_End - __Lock_Start)

.igot.plt       0x1ffe025c        0x0 load address 0x00005764
 .igot.plt      0x00000000        0x0 c:/program files (x86)/gnu tools arm embedded/4.9 2015q3/bin/../lib/gcc/arm-none-eabi/4.9.3/armv7e-m/fpu/crtbegin.o

.qspi_flash     0x60000000        0x0
                0x60000000                __qspi_flash_start__ = .
 *(.qspi_flash*)
                0x60000000                __qspi_flash_end__ = .
                0x00000000                __qspi_flash_code_size__ = (__qspi_flash_end__ - __qspi_flash_start__)
                0x00005764                __qspi_flash_code_addr__ = (__etext + (__data_end__ - __data_start__))

.qspi_non_retentive
                0x60000000        0x0 load address 0x00005764
                0x60000000                __qspi_non_retentive_start__ = .
 *(.qspi_non_retentive*)
                0x60000000                __qspi_non_retentive_end__ = .
                0x00000000                __qspi_non_retentive_size__ = (__qspi_non_retentive_end__ - __qspi_non_retentive_start__)
                0x04000000                __qspi_region_max_size__ = 0x4000000
                0x60000000                __qspi_region_start_address__ = __qspi_flash_start__
                0x64000000                __qspi_region_end_address__ = (__qspi_flash_start__ + __qspi_region_max_size__)

.noinit         0x1ffe025c       0x38 load address 0x00005764
                0x1ffe025c                . = ALIGN (0x4)
                0x1ffe025c                __noinit_start = .
 *(.noinit*)
 .noinit        0x1ffe025c       0x14 ./synergy/ssp/src/driver/r_ioport/r_ioport.o
 .noinit        0x1ffe0270        0x4 ./synergy/ssp/src/driver/r_fmi/r_fmi.o
 .noinit        0x1ffe0274       0x18 ./synergy/ssp/src/driver/r_cgc/hw/hw_cgc.o
 .noinit        0x1ffe028c        0x8 ./synergy/ssp/src/driver/r_cgc/r_cgc.o
                0x1ffe028c                gp_cgc_feature
                0x1ffe0294                __noinit_end = .

.bss            0x1ffe0294       0xe8 load address 0x0000579c
                0x1ffe0294                . = ALIGN (0x4)
                0x1ffe0294                __bss_start__ = .
 *(.bss*)
 .bss           0x1ffe0294       0x1c c:/program files (x86)/gnu tools arm embedded/4.9 2015q3/bin/../lib/gcc/arm-none-eabi/4.9.3/armv7e-m/fpu/crtbegin.o
 .bss.g_protect_pfswe_counter
                0x1ffe02b0        0x2 ./synergy/ssp/src/driver/r_ioport/r_ioport.o
                0x1ffe02b0                g_protect_pfswe_counter
 *fill*         0x1ffe02b2        0x2 
 .bss.gp_elc_reg
                0x1ffe02b4        0x4 ./synergy/ssp/src/driver/r_elc/r_elc.o
 .bss.gp_icu_regs
                0x1ffe02b8        0x4 ./synergy/ssp/src/driver/r_dtc/r_dtc.o
 .bss.gp_dtc_regs
                0x1ffe02bc        0x4 ./synergy/ssp/src/driver/r_dtc/r_dtc.o
 .bss.g_dtc_state_initialized
                0x1ffe02c0        0x1 ./synergy/ssp/src/driver/r_dtc/r_dtc.o
 *fill*         0x1ffe02c1        0x3 
 .bss.g_bsp_group_irq_sources
                0x1ffe02c4       0x30 ./synergy/ssp/src/bsp/mcu/s7g2/bsp_group_irq.o
 .bss.g_vector_information_size
                0x1ffe02f4        0x4 ./synergy/ssp/src/bsp/mcu/all/bsp_irq.o
                0x1ffe02f4                g_vector_information_size
 .bss.g_bsp_lock_lookup_size
                0x1ffe02f8        0x4 ./synergy/ssp/src/bsp/mcu/all/bsp_locking.o
 .bss.gp_bsp_lock_lookup
                0x1ffe02fc        0x4 ./synergy/ssp/src/bsp/mcu/all/bsp_locking.o
 .bss.gp_bsp_locks
                0x1ffe0300        0x4 ./synergy/ssp/src/bsp/mcu/all/bsp_locking.o
 .bss.g_protect_counters
                0x1ffe0304        0x6 ./synergy/ssp/src/bsp/mcu/all/bsp_register_protection.o
 *fill*         0x1ffe030a        0x2 
 .bss.SystemCoreClock
                0x1ffe030c        0x4 ./synergy/ssp/src/bsp/cmsis/Device/RENESAS/S7G2/Source/system_S7G2.o
                0x1ffe030c                SystemCoreClock
 .bss.device_characteristics
                0x1ffe0310        0x3 ./synergy/board/s7g2_sk/bsp_qspi.o
 *fill*         0x1ffe0313        0x1 
 .bss.flag_status1
                0x1ffe0314        0x1 ./synergy/board/s7g2_sk/bsp_qspi.o
 *fill*         0x1ffe0315        0x3 
 .bss.flag_status2
                0x1ffe0318        0x1 ./synergy/board/s7g2_sk/bsp_qspi.o
 *fill*         0x1ffe0319        0x3 
 .bss.gp_ctrl_SCI_3_TEI
                0x1ffe031c        0x4 ./src/synergy_gen/hal_data.o
 .bss.gp_ctrl_SCI_3_TXI
                0x1ffe0320        0x4 ./src/synergy_gen/hal_data.o
 .bss.gp_ctrl_SCI_3_RXI
                0x1ffe0324        0x4 ./src/synergy_gen/hal_data.o
 *(COMMON)
 COMMON         0x1ffe0328       0x4c ./src/synergy_gen/hal_data.o
                0x1ffe0328                g_transfer0_ctrl
                0x1ffe0338                g_transfer1_ctrl
                0x1ffe0348                g_uart3_ctrl
 COMMON         0x1ffe0374        0x8 ./src/hal_entry.o
                0x1ffe0374                openResult
                0x1ffe0378                writeResult
                0x1ffe037c                . = ALIGN (0x4)
                0x1ffe037c                __bss_end__ = .

.heap           0x1ffe0380     0x1000 load address 0x00005888
                0x1ffe0380                . = ALIGN (0x8)
 *(.heap_d1)
                0x1ffe0380                . = ALIGN (0x8)
                0x1ffe0380                __HeapBase = .
                0x1ffe0380                __end__ = .
                0x1ffe0380                end = __end__
 *(.heap*)
 .heap          0x1ffe0380     0x1000 ./synergy/ssp/src/bsp/cmsis/Device/RENESAS/S7G2/Source/startup_S7G2.o
                0x1ffe1380                __HeapLimit = .

.stack_dummy    0x1ffe1380     0x1000 load address 0x00006888
                0x1ffe1380                . = ALIGN (0x8)
                0x1ffe1380                __StackLimit = .
 *(.stack*)
 .stack         0x1ffe1380     0x1000 ./synergy/ssp/src/bsp/cmsis/Device/RENESAS/S7G2/Source/startup_S7G2.o
                0x1ffe2380                __StackTop = .
                0x1ffe2380                PROVIDE (__stack, __StackTop)
                0x1ffe2380                __RAM_segment_used_end__ = ALIGN (__StackTop, 0x4)

.data_flash     0x40100000        0x0
                0x40100000                __Data_Flash_Start = .
 *(.data_flash*)
                0x40100000                __Data_Flash_End = .

.sdram          0x90000000        0x0
                0x90000000                __SDRAM_Start = .
 *(.sdram*)
 *(.frame*)
                0x90000000                __SDRAM_End = .
OUTPUT(UART.elf elf32-littlearm)

.ARM.attributes
                0x00000000       0x30
 .ARM.attributes
                0x00000000       0x22 c:/program files (x86)/gnu tools arm embedded/4.9 2015q3/bin/../lib/gcc/arm-none-eabi/4.9.3/armv7e-m/fpu/crti.o
 .ARM.attributes
                0x00000022       0x34 c:/program files (x86)/gnu tools arm embedded/4.9 2015q3/bin/../lib/gcc/arm-none-eabi/4.9.3/armv7e-m/fpu/crtbegin.o
 .ARM.attributes
                0x00000056       0x39 ./synergy/ssp/src/driver/r_sci_uart/r_sci_uart.o
 .ARM.attributes
                0x0000008f       0x39 ./synergy/ssp/src/driver/r_ioport/r_ioport.o
 .ARM.attributes
                0x000000c8       0x39 ./synergy/ssp/src/driver/r_fmi/r_fmi.o
 .ARM.attributes
                0x00000101       0x39 ./synergy/ssp/src/driver/r_elc/r_elc.o
 .ARM.attributes
                0x0000013a       0x39 ./synergy/ssp/src/driver/r_dtc/r_dtc.o
 .ARM.attributes
                0x00000173       0x39 ./synergy/ssp/src/driver/r_cgc/hw/hw_cgc.o
 .ARM.attributes
                0x000001ac       0x39 ./synergy/ssp/src/driver/r_cgc/r_cgc.o
 .ARM.attributes
                0x000001e5       0x39 ./synergy/ssp/src/bsp/mcu/s7g2/bsp_cache.o
 .ARM.attributes
                0x0000021e       0x39 ./synergy/ssp/src/bsp/mcu/s7g2/bsp_clocks.o
 .ARM.attributes
                0x00000257       0x39 ./synergy/ssp/src/bsp/mcu/s7g2/bsp_feature.o
 .ARM.attributes
                0x00000290       0x39 ./synergy/ssp/src/bsp/mcu/s7g2/bsp_fmi_R7FS7G27H3A01CFC.o
 .ARM.attributes
                0x000002c9       0x39 ./synergy/ssp/src/bsp/mcu/s7g2/bsp_group_irq.o
 .ARM.attributes
                0x00000302       0x39 ./synergy/ssp/src/bsp/mcu/s7g2/bsp_hw_locks.o
 .ARM.attributes
                0x0000033b       0x39 ./synergy/ssp/src/bsp/mcu/s7g2/bsp_module_stop.o
 .ARM.attributes
                0x00000374       0x39 ./synergy/ssp/src/bsp/mcu/s7g2/bsp_rom_registers.o
 .ARM.attributes
                0x000003ad       0x39 ./synergy/ssp/src/bsp/mcu/all/bsp_common.o
 .ARM.attributes
                0x000003e6       0x39 ./synergy/ssp/src/bsp/mcu/all/bsp_common_leds.o
 .ARM.attributes
                0x0000041f       0x39 ./synergy/ssp/src/bsp/mcu/all/bsp_delay.o
 .ARM.attributes
                0x00000458       0x39 ./synergy/ssp/src/bsp/mcu/all/bsp_irq.o
 .ARM.attributes
                0x00000491       0x39 ./synergy/ssp/src/bsp/mcu/all/bsp_locking.o
 .ARM.attributes
                0x000004ca       0x39 ./synergy/ssp/src/bsp/mcu/all/bsp_register_protection.o
 .ARM.attributes
                0x00000503       0x39 ./synergy/ssp/src/bsp/cmsis/Device/RENESAS/S7G2/Source/startup_S7G2.o
 .ARM.attributes
                0x0000053c       0x39 ./synergy/ssp/src/bsp/cmsis/Device/RENESAS/S7G2/Source/system_S7G2.o
 .ARM.attributes
                0x00000575       0x39 ./synergy/board/s7g2_sk/bsp_init.o
 .ARM.attributes
                0x000005ae       0x39 ./synergy/board/s7g2_sk/bsp_leds.o
 .ARM.attributes
                0x000005e7       0x39 ./synergy/board/s7g2_sk/bsp_qspi.o
 .ARM.attributes
                0x00000620       0x39 ./src/synergy_gen/common_data.o
 .ARM.attributes
                0x00000659       0x39 ./src/synergy_gen/hal_data.o
 .ARM.attributes
                0x00000692       0x39 ./src/synergy_gen/main.o
 .ARM.attributes
                0x000006cb       0x39 ./src/synergy_gen/pin_data.o
 .ARM.attributes