Archive member included because of file (symbol)

C:\Users\Cesario\e2_studio\workspace\FirstThreadProject\synergy\ssp\src\framework\el\tx\cm4_gcc\libtx.a(txe_semaphore_create.o)
                              ./src/synergy_gen/led_thread.o (_txe_semaphore_create)
C:\Users\Cesario\e2_studio\workspace\FirstThreadProject\synergy\ssp\src\framework\el\tx\cm4_gcc\libtx.a(txe_semaphore_get.o)
                              ./src/synergy_gen/led_thread.o (_txe_semaphore_get)
C:\Users\Cesario\e2_studio\workspace\FirstThreadProject\synergy\ssp\src\framework\el\tx\cm4_gcc\libtx.a(txe_semaphore_put.o)
                              ./src/synergy_gen/led_thread.o (_txe_semaphore_put)
C:\Users\Cesario\e2_studio\workspace\FirstThreadProject\synergy\ssp\src\framework\el\tx\cm4_gcc\libtx.a(txe_thread_create.o)
                              ./src/synergy_gen/led_thread.o (_txe_thread_create)
C:\Users\Cesario\e2_studio\workspace\FirstThreadProject\synergy\ssp\src\framework\el\tx\cm4_gcc\libtx.a(tx_initialize_high_level.o)
                              C:\Users\Cesario\e2_studio\workspace\FirstThreadProject\synergy\ssp\src\framework\el\tx\cm4_gcc\libtx.a(txe_semaphore_create.o) (_tx_semaphore_created_ptr)
C:\Users\Cesario\e2_studio\workspace\FirstThreadProject\synergy\ssp\src\framework\el\tx\cm4_gcc\libtx.a(tx_initialize_kernel_enter.o)
                              ./src/synergy_gen/main.o (_tx_initialize_kernel_enter)
C:\Users\Cesario\e2_studio\workspace\FirstThreadProject\synergy\ssp\src\framework\el\tx\cm4_gcc\libtx.a(tx_isr_end.o)
                              ./synergy/ssp/src/driver/r_icu/r_icu.o (tx_isr_end)
C:\Users\Cesario\e2_studio\workspace\FirstThreadProject\synergy\ssp\src\framework\el\tx\cm4_gcc\libtx.a(tx_isr_start.o)
                              ./synergy/ssp/src/driver/r_icu/r_icu.o (tx_isr_start)
C:\Users\Cesario\e2_studio\workspace\FirstThreadProject\synergy\ssp\src\framework\el\tx\cm4_gcc\libtx.a(tx_semaphore_create.o)
                              C:\Users\Cesario\e2_studio\workspace\FirstThreadProject\synergy\ssp\src\framework\el\tx\cm4_gcc\libtx.a(txe_semaphore_create.o) (_tx_semaphore_create)
C:\Users\Cesario\e2_studio\workspace\FirstThreadProject\synergy\ssp\src\framework\el\tx\cm4_gcc\libtx.a(tx_semaphore_get.o)
                              C:\Users\Cesario\e2_studio\workspace\FirstThreadProject\synergy\ssp\src\framework\el\tx\cm4_gcc\libtx.a(txe_semaphore_get.o) (_tx_semaphore_get)
C:\Users\Cesario\e2_studio\workspace\FirstThreadProject\synergy\ssp\src\framework\el\tx\cm4_gcc\libtx.a(tx_semaphore_put.o)
                              C:\Users\Cesario\e2_studio\workspace\FirstThreadProject\synergy\ssp\src\framework\el\tx\cm4_gcc\libtx.a(txe_semaphore_put.o) (_tx_semaphore_put)
C:\Users\Cesario\e2_studio\workspace\FirstThreadProject\synergy\ssp\src\framework\el\tx\cm4_gcc\libtx.a(tx_thread_create.o)
                              C:\Users\Cesario\e2_studio\workspace\FirstThreadProject\synergy\ssp\src\framework\el\tx\cm4_gcc\libtx.a(txe_thread_create.o) (_tx_thread_create)
C:\Users\Cesario\e2_studio\workspace\FirstThreadProject\synergy\ssp\src\framework\el\tx\cm4_gcc\libtx.a(tx_thread_initialize.o)
                              C:\Users\Cesario\e2_studio\workspace\FirstThreadProject\synergy\ssp\src\framework\el\tx\cm4_gcc\libtx.a(tx_initialize_high_level.o) (_tx_thread_initialize)
C:\Users\Cesario\e2_studio\workspace\FirstThreadProject\synergy\ssp\src\framework\el\tx\cm4_gcc\libtx.a(tx_thread_shell_entry.o)
                              C:\Users\Cesario\e2_studio\workspace\FirstThreadProject\synergy\ssp\src\framework\el\tx\cm4_gcc\libtx.a(tx_thread_create.o) (_tx_thread_shell_entry)
C:\Users\Cesario\e2_studio\workspace\FirstThreadProject\synergy\ssp\src\framework\el\tx\cm4_gcc\libtx.a(tx_thread_system_preempt_check.o)
                              C:\Users\Cesario\e2_studio\workspace\FirstThreadProject\synergy\ssp\src\framework\el\tx\cm4_gcc\libtx.a(txe_semaphore_create.o) (_tx_thread_system_preempt_check)
C:\Users\Cesario\e2_studio\workspace\FirstThreadProject\synergy\ssp\src\framework\el\tx\cm4_gcc\libtx.a(tx_thread_system_resume.o)
                              C:\Users\Cesario\e2_studio\workspace\FirstThreadProject\synergy\ssp\src\framework\el\tx\cm4_gcc\libtx.a(tx_semaphore_put.o) (_tx_thread_system_resume)
C:\Users\Cesario\e2_studio\workspace\FirstThreadProject\synergy\ssp\src\framework\el\tx\cm4_gcc\libtx.a(tx_thread_system_suspend.o)
                              C:\Users\Cesario\e2_studio\workspace\FirstThreadProject\synergy\ssp\src\framework\el\tx\cm4_gcc\libtx.a(tx_semaphore_get.o) (_tx_thread_system_suspend)
C:\Users\Cesario\e2_studio\workspace\FirstThreadProject\synergy\ssp\src\framework\el\tx\cm4_gcc\libtx.a(tx_thread_timeout.o)
                              C:\Users\Cesario\e2_studio\workspace\FirstThreadProject\synergy\ssp\src\framework\el\tx\cm4_gcc\libtx.a(tx_thread_create.o) (_tx_thread_timeout)
[...]
Memory Configuration

Name             Origin             Length             Attributes
FLASH            0x00000000         0x00400000         xr
RAM              0x1ffe0000         0x000a0000         xrw
DATA_FLASH       0x40100000         0x00010000         xr
QSPI_FLASH       0x60000000         0x04000000         xr
SDRAM            0x90000000         0x02000000         xrw
*default*        0x00000000         0xffffffff

Linker script and memory map

LOAD c:/program files (x86)/gnu tools arm embedded/4.9 2015q3/bin/../lib/gcc/arm-none-eabi/4.9.3/armv7e-m/fpu/crti.o
LOAD c:/program files (x86)/gnu tools arm embedded/4.9 2015q3/bin/../lib/gcc/arm-none-eabi/4.9.3/armv7e-m/fpu/crtbegin.o
LOAD c:/program files (x86)/gnu tools arm embedded/4.9 2015q3/bin/../lib/gcc/arm-none-eabi/4.9.3/../../../../arm-none-eabi/lib/armv7e-m/fpu/rdimon-crt0.o
START GROUP
LOAD ./synergy/ssp/src/driver/r_ioport/r_ioport.o
LOAD ./synergy/ssp/src/driver/r_icu/r_icu.o
LOAD ./synergy/ssp/src/driver/r_fmi/r_fmi.o
LOAD ./synergy/ssp/src/driver/r_elc/r_elc.o
LOAD ./synergy/ssp/src/driver/r_cgc/hw/hw_cgc.o
LOAD ./synergy/ssp/src/driver/r_cgc/r_cgc.o
LOAD ./synergy/ssp/src/bsp/mcu/s7g2/bsp_cache.o
LOAD ./synergy/ssp/src/bsp/mcu/s7g2/bsp_clocks.o
LOAD ./synergy/ssp/src/bsp/mcu/s7g2/bsp_feature.o
LOAD ./synergy/ssp/src/bsp/mcu/s7g2/bsp_fmi_R7FS7G27H3A01CFC.o
LOAD ./synergy/ssp/src/bsp/mcu/s7g2/bsp_group_irq.o
LOAD ./synergy/ssp/src/bsp/mcu/s7g2/bsp_hw_locks.o
LOAD ./synergy/ssp/src/bsp/mcu/s7g2/bsp_module_stop.o
LOAD ./synergy/ssp/src/bsp/mcu/s7g2/bsp_rom_registers.o
LOAD ./synergy/ssp/src/bsp/mcu/all/bsp_common.o
LOAD ./synergy/ssp/src/bsp/mcu/all/bsp_common_leds.o
LOAD ./synergy/ssp/src/bsp/mcu/all/bsp_delay.o
LOAD ./synergy/ssp/src/bsp/mcu/all/bsp_irq.o
LOAD ./synergy/ssp/src/bsp/mcu/all/bsp_locking.o
LOAD ./synergy/ssp/src/bsp/mcu/all/bsp_register_protection.o
LOAD ./synergy/ssp/src/bsp/mcu/all/bsp_sbrk.o
LOAD ./synergy/ssp/src/bsp/cmsis/Device/RENESAS/S7G2/Source/startup_S7G2.o
LOAD ./synergy/ssp/src/bsp/cmsis/Device/RENESAS/S7G2/Source/system_S7G2.o
LOAD ./synergy/board/s7g2_sk/bsp_init.o
LOAD ./synergy/board/s7g2_sk/bsp_leds.o
LOAD ./synergy/board/s7g2_sk/bsp_qspi.o
LOAD ./src/synergy_gen/common_data.o
LOAD ./src/synergy_gen/hal_data.o
LOAD ./src/synergy_gen/led_thread.o
LOAD ./src/synergy_gen/main.o
LOAD ./src/synergy_gen/pin_data.o
LOAD ./src/hal_entry.o
LOAD ./src/led_thread_entry.o
LOAD C:\Users\Cesario\e2_studio\workspace\FirstThreadProject\synergy\ssp\src\bsp\cmsis\DSP_Lib\cm4_gcc\libDSP_Lib.a
LOAD C:\Users\Cesario\e2_studio\workspace\FirstThreadProject\synergy\ssp\src\framework\el\tx\cm4_gcc\libtx.a
END GROUP
START GROUP
LOAD c:/program files (x86)/gnu tools arm embedded/4.9 2015q3/bin/../lib/gcc/arm-none-eabi/4.9.3/armv7e-m/fpu\libgcc.a
LOAD c:/program files (x86)/gnu tools arm embedded/4.9 2015q3/bin/../lib/gcc/arm-none-eabi/4.9.3/../../../../arm-none-eabi/lib/armv7e-m/fpu\libg_nano.a
LOAD c:/program files (x86)/gnu tools arm embedded/4.9 2015q3/bin/../lib/gcc/arm-none-eabi/4.9.3/../../../../arm-none-eabi/lib/armv7e-m/fpu\libc_nano.a
END GROUP
START GROUP
LOAD c:/program files (x86)/gnu tools arm embedded/4.9 2015q3/bin/../lib/gcc/arm-none-eabi/4.9.3/armv7e-m/fpu\libgcc.a
LOAD c:/program files (x86)/gnu tools arm embedded/4.9 2015q3/bin/../lib/gcc/arm-none-eabi/4.9.3/../../../../arm-none-eabi/lib/armv7e-m/fpu\libc_nano.a
LOAD c:/program files (x86)/gnu tools arm embedded/4.9 2015q3/bin/../lib/gcc/arm-none-eabi/4.9.3/../../../../arm-none-eabi/lib/armv7e-m/fpu\librdimon_nano.a
END GROUP
START GROUP
LOAD c:/program files (x86)/gnu tools arm embedded/4.9 2015q3/bin/../lib/gcc/arm-none-eabi/4.9.3/armv7e-m/fpu\libgcc.a
LOAD c:/program files (x86)/gnu tools arm embedded/4.9 2015q3/bin/../lib/gcc/arm-none-eabi/4.9.3/../../../../arm-none-eabi/lib/armv7e-m/fpu\libc_nano.a
LOAD c:/program files (x86)/gnu tools arm embedded/4.9 2015q3/bin/../lib/gcc/arm-none-eabi/4.9.3/../../../../arm-none-eabi/lib/armv7e-m/fpu\librdimon_nano.a
END GROUP
LOAD c:/program files (x86)/gnu tools arm embedded/4.9 2015q3/bin/../lib/gcc/arm-none-eabi/4.9.3/armv7e-m/fpu/crtend.o
LOAD c:/program files (x86)/gnu tools arm embedded/4.9 2015q3/bin/../lib/gcc/arm-none-eabi/4.9.3/armv7e-m/fpu/crtn.o
START GROUP
LOAD c:/program files (x86)/gnu tools arm embedded/4.9 2015q3/bin/../lib/gcc/arm-none-eabi/4.9.3/armv7e-m/fpu\libgcc.a
LOAD c:/program files (x86)/gnu tools arm embedded/4.9 2015q3/bin/../lib/gcc/arm-none-eabi/4.9.3/../../../../arm-none-eabi/lib/armv7e-m/fpu\libc.a
LOAD c:/program files (x86)/gnu tools arm embedded/4.9 2015q3/bin/../lib/gcc/arm-none-eabi/4.9.3/../../../../arm-none-eabi/lib/armv7e-m/fpu\libm.a
LOAD c:/program files (x86)/gnu tools arm embedded/4.9 2015q3/bin/../lib/gcc/arm-none-eabi/4.9.3/../../../../arm-none-eabi/lib/armv7e-m/fpu\libnosys.a
END GROUP

.text           0x00000000     0x50a8
                0x00000000                __ROM_Start = .
 *(.vectors)
 .vectors       0x00000000       0x40 ./synergy/ssp/src/bsp/cmsis/Device/RENESAS/S7G2/Source/startup_S7G2.o
                0x00000000                __Vectors
 *(SORT(.vector.*))
 .vector.ICU_IRQ11
                0x00000040        0x4 ./src/synergy_gen/led_thread.o
                0x00000040                g_vector_ICU_IRQ11
                0x00000044                __Vectors_End = .
                0x00000044                __end__ = .
                0x00000400                . = (__ROM_Start + 0x400)
 *fill*         0x00000044      0x3bc ff
 *(.rom_registers*)
 .rom_registers
                0x00000400       0x3c ./synergy/ssp/src/bsp/mcu/s7g2/bsp_rom_registers.o
                0x00000500                . = (__ROM_Start + 0x500)
 *fill*         0x0000043c       0xc4 ff
                0x00000500                __Vector_Info_Start = .
 *(SORT(.vector_info.*))
 .vector_info.ICU_IRQ11
                0x00000500        0x8 ./src/synergy_gen/led_thread.o
                0x00000500                g_vector_info_ICU_IRQ11
                0x00000508                __Vector_Info_End = .
                0x00000508                __Lock_Lookup_Start = .
 *(SORT(.hw_lock_lookup.*))
 .hw_lock_lookup.ADC_0U_0U
                0x00000508        0x4 ./synergy/ssp/src/bsp/mcu/s7g2/bsp_hw_locks.o
                0x00000508                g_lock_lookup_ADC_0U_0U
 .hw_lock_lookup.ADC_0U_1U
                0x0000050c        0x4 ./synergy/ssp/src/bsp/mcu/s7g2/bsp_hw_locks.o
                0x0000050c                g_lock_lookup_ADC_0U_1U
 .hw_lock_lookup.AGT_0U_0U
                0x00000510        0x4 ./synergy/ssp/src/bsp/mcu/s7g2/bsp_hw_locks.o
                0x00000510                g_lock_lookup_AGT_0U_0U
 .hw_lock_lookup.AGT_0U_1U
                0x00000514        0x4 ./synergy/ssp/src/bsp/mcu/s7g2/bsp_hw_locks.o
                0x00000514                g_lock_lookup_AGT_0U_1U
 .hw_lock_lookup.BSC_0U_1U
                0x00000518        0x4 ./synergy/ssp/src/bsp/mcu/s7g2/bsp_hw_locks.o
                0x00000518                g_lock_lookup_BSC_0U_1U
 .hw_lock_lookup.CAC_0U_0U
                0x0000051c        0x4 ./synergy/ssp/src/bsp/mcu/s7g2/bsp_hw_locks.o
                0x0000051c                g_lock_lookup_CAC_0U_0U
 .hw_lock_lookup.CAN_0U_0U
                0x00000520        0x4 ./synergy/ssp/src/bsp/mcu/s7g2/bsp_hw_locks.o
                0x00000520                g_lock_lookup_CAN_0U_0U
 .hw_lock_lookup.CAN_0U_1U
                0x00000524        0x4 ./synergy/ssp/src/bsp/mcu/s7g2/bsp_hw_locks.o
                0x00000524                g_lock_lookup_CAN_0U_1U
 .hw_lock_lookup.COMP_HS_0U_0U
                0x00000528        0x4 ./synergy/ssp/src/bsp/mcu/s7g2/bsp_hw_locks.o
                0x00000528                g_lock_lookup_COMP_HS_0U_0U
 .hw_lock_lookup.COMP_HS_0U_1U
                0x0000052c        0x4 ./synergy/ssp/src/bsp/mcu/s7g2/bsp_hw_locks.o
                0x0000052c                g_lock_lookup_COMP_HS_0U_1U
 .hw_lock_lookup.COMP_HS_0U_2U
                0x00000530        0x4 ./synergy/ssp/src/bsp/mcu/s7g2/bsp_hw_locks.o
                0x00000530                g_lock_lookup_COMP_HS_0U_2U
 .hw_lock_lookup.COMP_HS_0U_3U
                0x00000534        0x4 ./synergy/ssp/src/bsp/mcu/s7g2/bsp_hw_locks.o
                0x00000534                g_lock_lookup_COMP_HS_0U_3U
 .hw_lock_lookup.COMP_HS_0U_4U
                0x00000538        0x4 ./synergy/ssp/src/bsp/mcu/s7g2/bsp_hw_locks.o
                0x00000538                g_lock_lookup_COMP_HS_0U_4U
 .hw_lock_lookup.COMP_HS_0U_5U
                0x0000053c        0x4 ./synergy/ssp/src/bsp/mcu/s7g2/bsp_hw_locks.o
                0x0000053c                g_lock_lookup_COMP_HS_0U_5U
 .hw_lock_lookup.CRC_0U_0U
                0x00000540        0x4 ./synergy/ssp/src/bsp/mcu/s7g2/bsp_hw_locks.o
                0x00000540                g_lock_lookup_CRC_0U_0U
 .hw_lock_lookup.CTSU_0U_0U
                0x00000544        0x4 ./synergy/ssp/src/bsp/mcu/s7g2/bsp_hw_locks.o
                0x00000544                g_lock_lookup_CTSU_0U_0U
 .hw_lock_lookup.DAAD_0U_0U
                0x00000548        0x4 ./synergy/ssp/src/bsp/mcu/s7g2/bsp_hw_locks.o
                0x00000548                g_lock_lookup_DAAD_0U_0U
 .hw_lock_lookup.DAC_0U_0U
                0x0000054c        0x4 ./synergy/ssp/src/bsp/mcu/s7g2/bsp_hw_locks.o
                0x0000054c                g_lock_lookup_DAC_0U_0U
 .hw_lock_lookup.DAC_0U_1U
                0x00000550        0x4 ./synergy/ssp/src/bsp/mcu/s7g2/bsp_hw_locks.o
                0x00000550                g_lock_lookup_DAC_0U_1U
 .hw_lock_lookup.DMAC_0U_0U
                0x00000554        0x4 ./synergy/ssp/src/bsp/mcu/s7g2/bsp_hw_locks.o
                0x00000554                g_lock_lookup_DMAC_0U_0U
 .hw_lock_lookup.DMAC_0U_1U
                0x00000558        0x4 ./synergy/ssp/src/bsp/mcu/s7g2/bsp_hw_locks.o
                0x00000558                g_lock_lookup_DMAC_0U_1U
 .hw_lock_lookup.DMAC_0U_2U
                0x0000055c        0x4 ./synergy/ssp/src/bsp/mcu/s7g2/bsp_hw_locks.o
                0x0000055c                g_lock_lookup_DMAC_0U_2U
 .hw_lock_lookup.DMAC_0U_3U
                0x00000560        0x4 ./synergy/ssp/src/bsp/mcu/s7g2/bsp_hw_locks.o
                0x00000560                g_lock_lookup_DMAC_0U_3U
 .hw_lock_lookup.DMAC_0U_4U
                0x00000564        0x4 ./synergy/ssp/src/bsp/mcu/s7g2/bsp_hw_locks.o
                0x00000564                g_lock_lookup_DMAC_0U_4U
 .hw_lock_lookup.DMAC_0U_5U
                0x00000568        0x4 ./synergy/ssp/src/bsp/mcu/s7g2/bsp_hw_locks.o
                0x00000568                g_lock_lookup_DMAC_0U_5U
 .hw_lock_lookup.DMAC_0U_6U
                0x0000056c        0x4 ./synergy/ssp/src/bsp/mcu/s7g2/bsp_hw_locks.o
                0x0000056c                g_lock_lookup_DMAC_0U_6U
 .hw_lock_lookup.DMAC_0U_7U
                0x00000570        0x4 ./synergy/ssp/src/bsp/mcu/s7g2/bsp_hw_locks.o
                0x00000570                g_lock_lookup_DMAC_0U_7U
 .hw_lock_lookup.DOC_0U_0U
                0x00000574        0x4 ./synergy/ssp/src/bsp/mcu/s7g2/bsp_hw_locks.o
                0x00000574                g_lock_lookup_DOC_0U_0U
 .hw_lock_lookup.DRW_0U_0U
                0x00000578        0x4 ./synergy/ssp/src/bsp/mcu/s7g2/bsp_hw_locks.o
                0x00000578                g_lock_lookup_DRW_0U_0U
 .hw_lock_lookup.DTC_0U_0U
                0x0000057c        0x4 ./synergy/ssp/src/bsp/mcu/s7g2/bsp_hw_locks.o
                0x0000057c                g_lock_lookup_DTC_0U_0U
 .hw_lock_lookup.ELC_0U_0U
                0x00000580        0x4 ./synergy/ssp/src/bsp/mcu/s7g2/bsp_hw_locks.o
                0x00000580                g_lock_lookup_ELC_0U_0U
 .hw_lock_lookup.EPTPC_0U_0U
                0x00000584        0x4 ./synergy/ssp/src/bsp/mcu/s7g2/bsp_hw_locks.o
                0x00000584                g_lock_lookup_EPTPC_0U_0U
 .hw_lock_lookup.ETHER_0U_0U
                0x00000588        0x4 ./synergy/ssp/src/bsp/mcu/s7g2/bsp_hw_locks.o
                0x00000588                g_lock_lookup_ETHER_0U_0U
 .hw_lock_lookup.ETHER_0U_1U
                0x0000058c        0x4 ./synergy/ssp/src/bsp/mcu/s7g2/bsp_hw_locks.o
                0x0000058c                g_lock_lookup_ETHER_0U_1U
 .hw_lock_lookup.FCU_0U_0U
                0x00000590        0x4 ./synergy/ssp/src/bsp/mcu/s7g2/bsp_hw_locks.o
                0x00000590                g_lock_lookup_FCU_0U_0U
 .hw_lock_lookup.GLCDC_0U_0U
                0x00000594        0x4 ./synergy/ssp/src/bsp/mcu/s7g2/bsp_hw_locks.o
                0x00000594                g_lock_lookup_GLCDC_0U_0U
 .hw_lock_lookup.GPT_0U_0U
                0x00000598        0x4 ./synergy/ssp/src/bsp/mcu/s7g2/bsp_hw_locks.o
                0x00000598                g_lock_lookup_GPT_0U_0U
 .hw_lock_lookup.GPT_0U_10U
                0x0000059c        0x4 ./synergy/ssp/src/bsp/mcu/s7g2/bsp_hw_locks.o
                0x0000059c                g_lock_lookup_GPT_0U_10U
 .hw_lock_lookup.GPT_0U_11U
                0x000005a0        0x4 ./synergy/ssp/src/bsp/mcu/s7g2/bsp_hw_locks.o
                0x000005a0                g_lock_lookup_GPT_0U_11U
 .hw_lock_lookup.GPT_0U_12U
                0x000005a4        0x4 ./synergy/ssp/src/bsp/mcu/s7g2/bsp_hw_locks.o
                0x000005a4                g_lock_lookup_GPT_0U_12U
 .hw_lock_lookup.GPT_0U_13U
                0x000005a8        0x4 ./synergy/ssp/src/bsp/mcu/s7g2/bsp_hw_locks.o
                0x000005a8                g_lock_lookup_GPT_0U_13U
 .hw_lock_lookup.GPT_0U_1U
                0x000005ac        0x4 ./synergy/ssp/src/bsp/mcu/s7g2/bsp_hw_locks.o
                0x000005ac                g_lock_lookup_GPT_0U_1U
 .hw_lock_lookup.GPT_0U_2U
                0x000005b0        0x4 ./synergy/ssp/src/bsp/mcu/s7g2/bsp_hw_locks.o
                0x000005b0                g_lock_lookup_GPT_0U_2U
 .hw_lock_lookup.GPT_0U_3U
                0x000005b4        0x4 ./synergy/ssp/src/bsp/mcu/s7g2/bsp_hw_locks.o
                0x000005b4                g_lock_lookup_GPT_0U_3U
 .hw_lock_lookup.GPT_0U_4U
                0x000005b8        0x4 ./synergy/ssp/src/bsp/mcu/s7g2/bsp_hw_locks.o
                0x000005b8                g_lock_lookup_GPT_0U_4U
 .hw_lock_lookup.GPT_0U_5U
                0x000005bc        0x4 ./synergy/ssp/src/bsp/mcu/s7g2/bsp_hw_locks.o
                0x000005bc                g_lock_lookup_GPT_0U_5U
 .hw_lock_lookup.GPT_0U_6U
                0x000005c0        0x4 ./synergy/ssp/src/bsp/mcu/s7g2/bsp_hw_locks.o
                0x000005c0                g_lock_lookup_GPT_0U_6U
 .hw_lock_lookup.GPT_0U_7U
                0x000005c4        0x4 ./synergy/ssp/src/bsp/mcu/s7g2/bsp_hw_locks.o
                0x000005c4                g_lock_lookup_GPT_0U_7U
 .hw_lock_lookup.GPT_0U_8U
                0x000005c8        0x4 ./synergy/ssp/src/bsp/mcu/s7g2/bsp_hw_locks.o
                0x000005c8                g_lock_lookup_GPT_0U_8U
 .hw_lock_lookup.GPT_0U_9U
                0x000005cc        0x4 ./synergy/ssp/src/bsp/mcu/s7g2/bsp_hw_locks.o
                0x000005cc                g_lock_lookup_GPT_0U_9U
 .hw_lock_lookup.ICU_0U_0U
                0x000005d0        0x4 ./synergy/ssp/src/bsp/mcu/s7g2/bsp_hw_locks.o
                0x000005d0                g_lock_lookup_ICU_0U_0U
 .hw_lock_lookup.ICU_0U_10U
                0x000005d4        0x4 ./synergy/ssp/src/bsp/mcu/s7g2/bsp_hw_locks.o
                0x000005d4                g_lock_lookup_ICU_0U_10U
 .hw_lock_lookup.ICU_0U_11U
                0x000005d8        0x4 ./synergy/ssp/src/bsp/mcu/s7g2/bsp_hw_locks.o
                0x000005d8                g_lock_lookup_ICU_0U_11U
 .hw_lock_lookup.ICU_0U_12U
                0x000005dc        0x4 ./synergy/ssp/src/bsp/mcu/s7g2/bsp_hw_locks.o
                0x000005dc                g_lock_lookup_ICU_0U_12U
 .hw_lock_lookup.ICU_0U_13U
                0x000005e0        0x4 ./synergy/ssp/src/bsp/mcu/s7g2/bsp_hw_locks.o
                0x000005e0                g_lock_lookup_ICU_0U_13U
 .hw_lock_lookup.ICU_0U_14U
                0x000005e4        0x4 ./synergy/ssp/src/bsp/mcu/s7g2/bsp_hw_locks.o
                0x000005e4                g_lock_lookup_ICU_0U_14U
 .hw_lock_lookup.ICU_0U_15U
                0x000005e8        0x4 ./synergy/ssp/src/bsp/mcu/s7g2/bsp_hw_locks.o
                0x000005e8                g_lock_lookup_ICU_0U_15U
 .hw_lock_lookup.ICU_0U_1U
                0x000005ec        0x4 ./synergy/ssp/src/bsp/mcu/s7g2/bsp_hw_locks.o
                0x000005ec                g_lock_lookup_ICU_0U_1U
 .hw_lock_lookup.ICU_0U_2U
                0x000005f0        0x4 ./synergy/ssp/src/bsp/mcu/s7g2/bsp_hw_locks.o
                0x000005f0                g_lock_lookup_ICU_0U_2U
 .hw_lock_lookup.ICU_0U_3U
                0x000005f4        0x4 ./synergy/ssp/src/bsp/mcu/s7g2/bsp_hw_locks.o
                0x000005f4                g_lock_lookup_ICU_0U_3U
 .hw_lock_lookup.ICU_0U_4U
                0x000005f8        0x4 ./synergy/ssp/src/bsp/mcu/s7g2/bsp_hw_locks.o
                0x000005f8                g_lock_lookup_ICU_0U_4U
 .hw_lock_lookup.ICU_0U_5U
                0x000005fc        0x4 ./synergy/ssp/src/bsp/mcu/s7g2/bsp_hw_locks.o
                0x000005fc                g_lock_lookup_ICU_0U_5U
 .hw_lock_lookup.ICU_0U_6U
                0x00000600        0x4 ./synergy/ssp/src/bsp/mcu/s7g2/bsp_hw_locks.o
                0x00000600                g_lock_lookup_ICU_0U_6U
 .hw_lock_lookup.ICU_0U_7U
                0x00000604        0x4 ./synergy/ssp/src/bsp/mcu/s7g2/bsp_hw_locks.o
                0x00000604                g_lock_lookup_ICU_0U_7U
 .hw_lock_lookup.ICU_0U_8U
                0x00000608        0x4 ./synergy/ssp/src/bsp/mcu/s7g2/bsp_hw_locks.o
                0x00000608                g_lock_lookup_ICU_0U_8U
 .hw_lock_lookup.ICU_0U_9U
                0x0000060c        0x4 ./synergy/ssp/src/bsp/mcu/s7g2/bsp_hw_locks.o
                0x0000060c                g_lock_lookup_ICU_0U_9U
 .hw_lock_lookup.IIC_0U_0U
                0x00000610        0x4 ./synergy/ssp/src/bsp/mcu/s7g2/bsp_hw_locks.o
                0x00000610                g_lock_lookup_IIC_0U_0U
 .hw_lock_lookup.IIC_0U_1U
                0x00000614        0x4 ./synergy/ssp/src/bsp/mcu/s7g2/bsp_hw_locks.o
                0x00000614                g_lock_lookup_IIC_0U_1U
 .hw_lock_lookup.IIC_0U_2U
                0x00000618        0x4 ./synergy/ssp/src/bsp/mcu/s7g2/bsp_hw_locks.o
                0x00000618                g_lock_lookup_IIC_0U_2U
 .hw_lock_lookup.IRDA_0U_0U
                0x0000061c        0x4 ./synergy/ssp/src/bsp/mcu/s7g2/bsp_hw_locks.o
                0x0000061c                g_lock_lookup_IRDA_0U_0U
 .hw_lock_lookup.IWDT_0U_0U
                0x00000620        0x4 ./synergy/ssp/src/bsp/mcu/s7g2/bsp_hw_locks.o
                0x00000620                g_lock_lookup_IWDT_0U_0U
 .hw_lock_lookup.JPEG_0U_0U
                0x00000624        0x4 ./synergy/ssp/src/bsp/mcu/s7g2/bsp_hw_locks.o
                0x00000624                g_lock_lookup_JPEG_0U_0U
 .hw_lock_lookup.KEY_0U_0U
                0x00000628        0x4 ./synergy/ssp/src/bsp/mcu/s7g2/bsp_hw_locks.o
                0x00000628                g_lock_lookup_KEY_0U_0U
 .hw_lock_lookup.LPM_1U_0U
                0x0000062c        0x4 ./synergy/ssp/src/bsp/mcu/s7g2/bsp_hw_locks.o
                0x0000062c                g_lock_lookup_LPM_1U_0U
 .hw_lock_lookup.LVD_0U_0U
                0x00000630        0x4 ./synergy/ssp/src/bsp/mcu/s7g2/bsp_hw_locks.o
                0x00000630                g_lock_lookup_LVD_0U_0U
 .hw_lock_lookup.LVD_0U_1U
                0x00000634        0x4 ./synergy/ssp/src/bsp/mcu/s7g2/bsp_hw_locks.o
                0x00000634                g_lock_lookup_LVD_0U_1U
 .hw_lock_lookup.MMF_0U_0U
                0x00000638        0x4 ./synergy/ssp/src/bsp/mcu/s7g2/bsp_hw_locks.o
                0x00000638                g_lock_lookup_MMF_0U_0U
 .hw_lock_lookup.MPU_0U_0U
                0x0000063c        0x4 ./synergy/ssp/src/bsp/mcu/s7g2/bsp_hw_locks.o
                0x0000063c                g_lock_lookup_MPU_0U_0U
 .hw_lock_lookup.OPS_0U_0U
                0x00000640        0x4 ./synergy/ssp/src/bsp/mcu/s7g2/bsp_hw_locks.o
                0x00000640                g_lock_lookup_OPS_0U_0U
 .hw_lock_lookup.PDC_0U_0U
                0x00000644        0x4 ./synergy/ssp/src/bsp/mcu/s7g2/bsp_hw_locks.o
                0x00000644                g_lock_lookup_PDC_0U_0U
 .hw_lock_lookup.POEG_0U_0U
                0x00000648        0x4 ./synergy/ssp/src/bsp/mcu/s7g2/bsp_hw_locks.o
                0x00000648                g_lock_lookup_POEG_0U_0U
 .hw_lock_lookup.POEG_0U_1U
                0x0000064c        0x4 ./synergy/ssp/src/bsp/mcu/s7g2/bsp_hw_locks.o
                0x0000064c                g_lock_lookup_POEG_0U_1U
 .hw_lock_lookup.POEG_0U_2U
                0x00000650        0x4 ./synergy/ssp/src/bsp/mcu/s7g2/bsp_hw_locks.o
                0x00000650                g_lock_lookup_POEG_0U_2U
 .hw_lock_lookup.POEG_0U_3U
                0x00000654        0x4 ./synergy/ssp/src/bsp/mcu/s7g2/bsp_hw_locks.o
                0x00000654                g_lock_lookup_POEG_0U_3U
 .hw_lock_lookup.QSPI_0U_0U
                0x00000658        0x4 ./synergy/ssp/src/bsp/mcu/s7g2/bsp_hw_locks.o
                0x00000658                g_lock_lookup_QSPI_0U_0U
 .hw_lock_lookup.RTC_0U_0U
                0x0000065c        0x4 ./synergy/ssp/src/bsp/mcu/s7g2/bsp_hw_locks.o
                0x0000065c                g_lock_lookup_RTC_0U_0U
 .hw_lock_lookup.SCE_0U_0U
                0x00000660        0x4 ./synergy/ssp/src/bsp/mcu/s7g2/bsp_hw_locks.o
                0x00000660                g_lock_lookup_SCE_0U_0U
 .hw_lock_lookup.SCI_0U_0U
                0x00000664        0x4 ./synergy/ssp/src/bsp/mcu/s7g2/bsp_hw_locks.o
                0x00000664                g_lock_lookup_SCI_0U_0U
 .hw_lock_lookup.SCI_0U_1U
                0x00000668        0x4 ./synergy/ssp/src/bsp/mcu/s7g2/bsp_hw_locks.o
                0x00000668                g_lock_lookup_SCI_0U_1U
 .hw_lock_lookup.SCI_0U_2U
                0x0000066c        0x4 ./synergy/ssp/src/bsp/mcu/s7g2/bsp_hw_locks.o
                0x0000066c                g_lock_lookup_SCI_0U_2U
 .hw_lock_lookup.SCI_0U_3U
                0x00000670        0x4 ./synergy/ssp/src/bsp/mcu/s7g2/bsp_hw_locks.o
                0x00000670                g_lock_lookup_SCI_0U_3U
 .hw_lock_lookup.SCI_0U_4U
                0x00000674        0x4 ./synergy/ssp/src/bsp/mcu/s7g2/bsp_hw_locks.o
                0x00000674                g_lock_lookup_SCI_0U_4U
 .hw_lock_lookup.SCI_0U_5U
                0x00000678        0x4 ./synergy/ssp/src/bsp/mcu/s7g2/bsp_hw_locks.o
                0x00000678                g_lock_lookup_SCI_0U_5U
 .hw_lock_lookup.SCI_0U_6U
                0x0000067c        0x4 ./synergy/ssp/src/bsp/mcu/s7g2/bsp_hw_locks.o
                0x0000067c                g_lock_lookup_SCI_0U_6U
 .hw_lock_lookup.SCI_0U_7U
                0x00000680        0x4 ./synergy/ssp/src/bsp/mcu/s7g2/bsp_hw_locks.o
                0x00000680                g_lock_lookup_SCI_0U_7U
 .hw_lock_lookup.SCI_0U_8U
                0x00000684        0x4 ./synergy/ssp/src/bsp/mcu/s7g2/bsp_hw_locks.o
                0x00000684                g_lock_lookup_SCI_0U_8U
 .hw_lock_lookup.SCI_0U_9U
                0x00000688        0x4 ./synergy/ssp/src/bsp/mcu/s7g2/bsp_hw_locks.o
                0x00000688                g_lock_lookup_SCI_0U_9U
 .hw_lock_lookup.SDHIMMC_0U_0U
                0x0000068c        0x4 ./synergy/ssp/src/bsp/mcu/s7g2/bsp_hw_locks.o
                0x0000068c                g_lock_lookup_SDHIMMC_0U_0U
 .hw_lock_lookup.SDHIMMC_0U_1U
                0x00000690        0x4 ./synergy/ssp/src/bsp/mcu/s7g2/bsp_hw_locks.o
                0x00000690                g_lock_lookup_SDHIMMC_0U_1U
 .hw_lock_lookup.SPI_0U_0U
                0x00000694        0x4 ./synergy/ssp/src/bsp/mcu/s7g2/bsp_hw_locks.o
                0x00000694                g_lock_lookup_SPI_0U_0U
 .hw_lock_lookup.SPI_0U_1U
                0x00000698        0x4 ./synergy/ssp/src/bsp/mcu/s7g2/bsp_hw_locks.o
                0x00000698                g_lock_lookup_SPI_0U_1U
 .hw_lock_lookup.SRC_0U_0U
                0x0000069c        0x4 ./synergy/ssp/src/bsp/mcu/s7g2/bsp_hw_locks.o
                0x0000069c                g_lock_lookup_SRC_0U_0U
 .hw_lock_lookup.SSI_0U_0U
                0x000006a0        0x4 ./synergy/ssp/src/bsp/mcu/s7g2/bsp_hw_locks.o
                0x000006a0                g_lock_lookup_SSI_0U_0U
 .hw_lock_lookup.SSI_0U_1U
                0x000006a4        0x4 ./synergy/ssp/src/bsp/mcu/s7g2/bsp_hw_locks.o
                0x000006a4                g_lock_lookup_SSI_0U_1U
 .hw_lock_lookup.TSN_0U_0U
                0x000006a8        0x4 ./synergy/ssp/src/bsp/mcu/s7g2/bsp_hw_locks.o
                0x000006a8                g_lock_lookup_TSN_0U_0U
 .hw_lock_lookup.USB_0U_0U
                0x000006ac        0x4 ./synergy/ssp/src/bsp/mcu/s7g2/bsp_hw_locks.o
                0x000006ac                g_lock_lookup_USB_0U_0U
 .hw_lock_lookup.USB_1U_0U
                0x000006b0        0x4 ./synergy/ssp/src/bsp/mcu/s7g2/bsp_hw_locks.o
                0x000006b0                g_lock_lookup_USB_1U_0U
 .hw_lock_lookup.WDT_0U_0U
                0x000006b4        0x4 ./synergy/ssp/src/bsp/mcu/s7g2/bsp_hw_locks.o
                0x000006b4                g_lock_lookup_WDT_0U_0U
                0x000006b8                __Lock_Lookup_End = .
 *(.text*)
 .text          0x000006b8       0x5c c:/program files (x86)/gnu tools arm embedded/4.9 2015q3/bin/../lib/gcc/arm-none-eabi/4.9.3/armv7e-m/fpu/crtbegin.o
 .text.R_IOPORT_PinRead
                0x00000714       0x48 ./synergy/ssp/src/driver/r_ioport/r_ioport.o
                0x00000714                R_IOPORT_PinRead
 .text.R_IOPORT_PortRead
                0x0000075c       0x28 ./synergy/ssp/src/driver/r_ioport/r_ioport.o
                0x0000075c                R_IOPORT_PortRead
 .text.R_IOPORT_PortEventInputRead
                0x00000784       0x28 ./synergy/ssp/src/driver/r_ioport/r_ioport.o
                0x00000784                R_IOPORT_PortEventInputRead
 .text.R_IOPORT_PinEventInputRead
                0x000007ac       0x58 ./synergy/ssp/src/driver/r_ioport/r_ioport.o
                0x000007ac                R_IOPORT_PinEventInputRead
 .text.R_IOPORT_PortEventOutputWrite
                0x00000804       0x38 ./synergy/ssp/src/driver/r_ioport/r_ioport.o
                0x00000804                R_IOPORT_PortEventOutputWrite
 .text.R_IOPORT_PinEventOutputWrite
                0x0000083c       0x54 ./synergy/ssp/src/driver/r_ioport/r_ioport.o
                0x0000083c                R_IOPORT_PinEventOutputWrite
 .text.R_IOPORT_VersionGet
                0x00000890       0x18 ./synergy/ssp/src/driver/r_ioport/r_ioport.o
                0x00000890                R_IOPORT_VersionGet
 .text.R_IOPORT_PinDirectionSet
                0x000008a8       0xcc ./synergy/ssp/src/driver/r_ioport/r_ioport.o
                0x000008a8                R_IOPORT_PinDirectionSet
 .text.R_IOPORT_PortWrite
                0x00000974       0x38 ./synergy/ssp/src/driver/r_ioport/r_ioport.o
                0x00000974                R_IOPORT_PortWrite
 .text.R_IOPORT_PortDirectionSet
                0x000009ac       0x40 ./synergy/ssp/src/driver/r_ioport/r_ioport.o
                0x000009ac                R_IOPORT_PortDirectionSet
 .text.bsp_vbatt_init.isra.4
                0x000009ec       0x8c ./synergy/ssp/src/driver/r_ioport/r_ioport.o
 .text.R_IOPORT_EthernetModeCfg
                0x00000a78       0x58 ./synergy/ssp/src/driver/r_ioport/r_ioport.o
                0x00000a78                R_IOPORT_EthernetModeCfg
 .text.R_IOPORT_PinsCfg
                0x00000ad0       0xe0 ./synergy/ssp/src/driver/r_ioport/r_ioport.o
                0x00000ad0                R_IOPORT_PinsCfg
 .text.R_IOPORT_Init
                0x00000bb0       0x78 ./synergy/ssp/src/driver/r_ioport/r_ioport.o
                0x00000bb0                R_IOPORT_Init
 .text.R_IOPORT_PinCfg
                0x00000c28       0xd0 ./synergy/ssp/src/driver/r_ioport/r_ioport.o
                0x00000c28                R_IOPORT_PinCfg
 .text.R_IOPORT_PinWrite
                0x00000cf8       0xcc ./synergy/ssp/src/driver/r_ioport/r_ioport.o
                0x00000cf8                R_IOPORT_PinWrite
 .text.R_ICU_ExternalIrqTriggerSet
                0x00000dc4       0x34 ./synergy/ssp/src/driver/r_icu/r_icu.o
                0x00000dc4                R_ICU_ExternalIrqTriggerSet
 .text.R_ICU_ExternalIrqFilterEnable
                0x00000df8       0x28 ./synergy/ssp/src/driver/r_icu/r_icu.o
                0x00000df8                R_ICU_ExternalIrqFilterEnable
 .text.R_ICU_ExternalIrqFilterDisable
                0x00000e20       0x28 ./synergy/ssp/src/driver/r_icu/r_icu.o
                0x00000e20                R_ICU_ExternalIrqFilterDisable
 .text.R_ICU_ExternalIrqVersionGet
                0x00000e48       0x14 ./synergy/ssp/src/driver/r_icu/r_icu.o
                0x00000e48                R_ICU_ExternalIrqVersionGet
 .text.R_ICU_ExternalIrqEnable
                0x00000e5c       0x40 ./synergy/ssp/src/driver/r_icu/r_icu.o
                0x00000e5c                R_ICU_ExternalIrqEnable
 .text.R_ICU_ExternalIrqDisable
                0x00000e9c       0x40 ./synergy/ssp/src/driver/r_icu/r_icu.o
                0x00000e9c                R_ICU_ExternalIrqDisable
 .text.R_ICU_ExternalIrqClose
                0x00000edc       0x6c ./synergy/ssp/src/driver/r_icu/r_icu.o
                0x00000edc                R_ICU_ExternalIrqClose
 .text.icu_irq_isr
                0x00000f48       0x4c ./synergy/ssp/src/driver/r_icu/r_icu.o
                0x00000f48                icu_irq_isr
 .text.r_icu_externalIRQ_initialize_interrupt
                0x00000f94       0xa0 ./synergy/ssp/src/driver/r_icu/r_icu.o
                0x00000f94                r_icu_externalIRQ_initialize_interrupt
 .text.R_ICU_ExternalIrqOpen
                0x00001034       0xd0 ./synergy/ssp/src/driver/r_icu/r_icu.o
                0x00001034                R_ICU_ExternalIrqOpen
 .text.R_FMI_ProductInfoGet
                0x00001104       0x28 ./synergy/ssp/src/driver/r_fmi/r_fmi.o
 .text.R_FMI_UniqueIdGet
                0x0000112c       0x30 ./synergy/ssp/src/driver/r_fmi/r_fmi.o
 .text.R_FMI_EventInfoGet
                0x0000115c       0x6c ./synergy/ssp/src/driver/r_fmi/r_fmi.o
 .text.R_FMI_VersionGet
                0x000011c8       0x14 ./synergy/ssp/src/driver/r_fmi/r_fmi.o
 .text.R_FMI_Init
                0x000011dc       0xbc ./synergy/ssp/src/driver/r_fmi/r_fmi.o
 .text.R_FMI_FeatureGet
                0x00001298      0x244 ./synergy/ssp/src/driver/r_fmi/r_fmi.o
 .text.R_ELC_LinkSet
                0x000014dc       0x14 ./synergy/ssp/src/driver/r_elc/r_elc.o
                0x000014dc                R_ELC_LinkSet
 .text.R_ELC_LinkBreak
                0x000014f0       0x14 ./synergy/ssp/src/driver/r_elc/r_elc.o
                0x000014f0                R_ELC_LinkBreak
 .text.R_ELC_Enable
                0x00001504       0x14 ./synergy/ssp/src/driver/r_elc/r_elc.o
                0x00001504                R_ELC_Enable
 .text.R_ELC_Disable
                0x00001518       0x14 ./synergy/ssp/src/driver/r_elc/r_elc.o
                0x00001518                R_ELC_Disable
 .text.R_ELC_VersionGet
                0x0000152c       0x14 ./synergy/ssp/src/driver/r_elc/r_elc.o
                0x0000152c                R_ELC_VersionGet
 .text.R_ELC_SoftwareEventGenerate
                0x00001540       0x30 ./synergy/ssp/src/driver/r_elc/r_elc.o
                0x00001540                R_ELC_SoftwareEventGenerate
 .text.R_ELC_Init
                0x00001570       0x80 ./synergy/ssp/src/driver/r_elc/r_elc.o
                0x00001570                R_ELC_Init
 .text.HW_CGC_Init
                0x000015f0       0x34 ./synergy/ssp/src/driver/r_cgc/hw/hw_cgc.o
                0x000015f0                HW_CGC_Init
 .text.HW_CGC_InitPLLFreq
                0x00001624       0xf4 ./synergy/ssp/src/driver/r_cgc/hw/hw_cgc.o
                0x00001624                HW_CGC_InitPLLFreq
 .text.HW_CGC_MainClockDriveSet
                0x00001718       0x3c ./synergy/ssp/src/driver/r_cgc/hw/hw_cgc.o
                0x00001718                HW_CGC_MainClockDriveSet
 .text.HW_CGC_SubClockDriveSet
                0x00001754       0x3c ./synergy/ssp/src/driver/r_cgc/hw/hw_cgc.o
                0x00001754                HW_CGC_SubClockDriveSet
 .text.HW_CGC_ClockStart
                0x00001790       0xa0 ./synergy/ssp/src/driver/r_cgc/hw/hw_cgc.o
                0x00001790                HW_CGC_ClockStart
 .text.HW_CGC_ClockStop
                0x00001830       0xa0 ./synergy/ssp/src/driver/r_cgc/hw/hw_cgc.o
                0x00001830                HW_CGC_ClockStop
 .text.HW_CGC_ClockCheck
                0x000018d0       0x2c ./synergy/ssp/src/driver/r_cgc/hw/hw_cgc.o
                0x000018d0                HW_CGC_ClockCheck
 .text.HW_CGC_ClockRunStateGet
                0x000018fc       0x68 ./synergy/ssp/src/driver/r_cgc/hw/hw_cgc.o
                0x000018fc                HW_CGC_ClockRunStateGet
 .text.HW_CGC_DelayCycles
                0x00001964        0x8 ./synergy/ssp/src/driver/r_cgc/hw/hw_cgc.o
                0x00001964                HW_CGC_DelayCycles
 .text.HW_CGC_MainOscSourceSet
                0x0000196c       0x2c ./synergy/ssp/src/driver/r_cgc/hw/hw_cgc.o
                0x0000196c                HW_CGC_MainOscSourceSet
 .text.HW_CGC_ClockWaitSet
                0x00001998       0x28 ./synergy/ssp/src/driver/r_cgc/hw/hw_cgc.o
                0x00001998                HW_CGC_ClockWaitSet
 .text.HW_CGC_ClockSourceValidCheck
                0x000019c0       0x28 ./synergy/ssp/src/driver/r_cgc/hw/hw_cgc.o
                0x000019c0                HW_CGC_ClockSourceValidCheck
 .text.HW_CGC_SystemClockValidCheck
                0x000019e8        0xc ./synergy/ssp/src/driver/r_cgc/hw/hw_cgc.o
                0x000019e8                HW_CGC_SystemClockValidCheck
 .text.HW_CGC_ClockSourceGet
                0x000019f4        0xc ./synergy/ssp/src/driver/r_cgc/hw/hw_cgc.o
                0x000019f4                HW_CGC_ClockSourceGet
 .text.HW_CGC_ClockSourceSet
                0x00001a00       0x28 ./synergy/ssp/src/driver/r_cgc/hw/hw_cgc.o
                0x00001a00                HW_CGC_ClockSourceSet
 .text.HW_CGC_PLLClockSourceGet
                0x00001a28       0x24 ./synergy/ssp/src/driver/r_cgc/hw/hw_cgc.o
                0x00001a28                HW_CGC_PLLClockSourceGet
 .text.HW_CGC_PLLClockSourceSet
                0x00001a4c       0x28 ./synergy/ssp/src/driver/r_cgc/hw/hw_cgc.o
                0x00001a4c                HW_CGC_PLLClockSourceSet
 .text.HW_CGC_PLLMultiplierSet
                0x00001a74       0x90 ./synergy/ssp/src/driver/r_cgc/hw/hw_cgc.o
                0x00001a74                HW_CGC_PLLMultiplierSet
 .text.HW_CGC_PLLDividerSet
                0x00001b04       0x88 ./synergy/ssp/src/driver/r_cgc/hw/hw_cgc.o
                0x00001b04                HW_CGC_PLLDividerSet
 .text.HW_CGC_SystemDividersSet
                0x00001b8c       0x70 ./synergy/ssp/src/driver/r_cgc/hw/hw_cgc.o
                0x00001b8c                HW_CGC_SystemDividersSet
 .text.HW_CGC_SystemDividersGet
                0x00001bfc       0x3c ./synergy/ssp/src/driver/r_cgc/hw/hw_cgc.o
                0x00001bfc                HW_CGC_SystemDividersGet
 .text.HW_CGC_ClockCfgValidCheck
                0x00001c38       0x58 ./synergy/ssp/src/driver/r_cgc/hw/hw_cgc.o
                0x00001c38                HW_CGC_ClockCfgValidCheck
 .text.HW_CGC_ClockDividerGet
                0x00001c90       0x4c ./synergy/ssp/src/driver/r_cgc/hw/hw_cgc.o
                0x00001c90                HW_CGC_ClockDividerGet
 .text.HW_CGC_ClockHzGet
                0x00001cdc       0x20 ./synergy/ssp/src/driver/r_cgc/hw/hw_cgc.o
                0x00001cdc                HW_CGC_ClockHzGet
 .text.HW_CGC_ClockHzCalculate
                0x00001cfc       0x10 ./synergy/ssp/src/driver/r_cgc/hw/hw_cgc.o
                0x00001cfc                HW_CGC_ClockHzCalculate
 .text.HW_CGC_OperatingModeSet
                0x00001d0c       0xb0 ./synergy/ssp/src/driver/r_cgc/hw/hw_cgc.o
                0x00001d0c                HW_CGC_OperatingModeSet
 .text.HW_CGC_OperatingModeGet
                0x00001dbc       0x14 ./synergy/ssp/src/driver/r_cgc/hw/hw_cgc.o
                0x00001dbc                HW_CGC_OperatingModeGet
 .text.HW_CGC_OscStopDetectEnable
                0x00001dd0       0x2c ./synergy/ssp/src/driver/r_cgc/hw/hw_cgc.o
                0x00001dd0                HW_CGC_OscStopDetectEnable
 .text.HW_CGC_OscStopDetectDisable
                0x00001dfc       0x2c ./synergy/ssp/src/driver/r_cgc/hw/hw_cgc.o
                0x00001dfc                HW_CGC_OscStopDetectDisable
 .text.HW_CGC_OscStopDetectEnabledGet
                0x00001e28        0x8 ./synergy/ssp/src/driver/r_cgc/hw/hw_cgc.o
                0x00001e28                HW_CGC_OscStopDetectEnabledGet
 .text.HW_CGC_OscStopDetectGet
                0x00001e30        0xc ./synergy/ssp/src/driver/r_cgc/hw/hw_cgc.o
                0x00001e30                HW_CGC_OscStopDetectGet
 .text.HW_CGC_OscStopStatusClear
                0x00001e3c       0x30 ./synergy/ssp/src/driver/r_cgc/hw/hw_cgc.o
                0x00001e3c                HW_CGC_OscStopStatusClear
 .text.HW_CGC_BusClockOutCfg
                0x00001e6c       0x28 ./synergy/ssp/src/driver/r_cgc/hw/hw_cgc.o
                0x00001e6c                HW_CGC_BusClockOutCfg
 .text.HW_CGC_BusClockOutEnable
                0x00001e94       0x20 ./synergy/ssp/src/driver/r_cgc/hw/hw_cgc.o
                0x00001e94                HW_CGC_BusClockOutEnable
 .text.HW_CGC_BusClockOutDisable
                0x00001eb4       0x20 ./synergy/ssp/src/driver/r_cgc/hw/hw_cgc.o
                0x00001eb4                HW_CGC_BusClockOutDisable
 .text.HW_CGC_ClockOutCfg
                0x00001ed4       0x4c ./synergy/ssp/src/driver/r_cgc/hw/hw_cgc.o
                0x00001ed4                HW_CGC_ClockOutCfg
 .text.HW_CGC_ClockOutEnable
                0x00001f20       0x20 ./synergy/ssp/src/driver/r_cgc/hw/hw_cgc.o
                0x00001f20                HW_CGC_ClockOutEnable
 .text.HW_CGC_ClockOutDisable
                0x00001f40       0x20 ./synergy/ssp/src/driver/r_cgc/hw/hw_cgc.o
                0x00001f40                HW_CGC_ClockOutDisable
 .text.HW_CGC_SDRAMClockOutEnable
                0x00001f60       0x20 ./synergy/ssp/src/driver/r_cgc/hw/hw_cgc.o
                0x00001f60                HW_CGC_SDRAMClockOutEnable
 .text.HW_CGC_SDRAMClockOutDisable
                0x00001f80       0x20 ./synergy/ssp/src/driver/r_cgc/hw/hw_cgc.o
                0x00001f80                HW_CGC_SDRAMClockOutDisable
 .text.HW_CGC_USBClockCfg
                0x00001fa0       0x2c ./synergy/ssp/src/driver/r_cgc/hw/hw_cgc.o
                0x00001fa0                HW_CGC_USBClockCfg
 .text.HW_CGC_SystickUpdate
                0x00001fcc       0x54 ./synergy/ssp/src/driver/r_cgc/hw/hw_cgc.o
                0x00001fcc                HW_CGC_SystickUpdate
 .text.HW_CGC_LCDClockCfg
                0x00002020       0x14 ./synergy/ssp/src/driver/r_cgc/hw/hw_cgc.o
                0x00002020                HW_CGC_LCDClockCfg
 .text.HW_CGC_LCDClockCfgGet
                0x00002034        0xc ./synergy/ssp/src/driver/r_cgc/hw/hw_cgc.o
                0x00002034                HW_CGC_LCDClockCfgGet
 .text.HW_CGC_LCDClockEnable
                0x00002040       0x10 ./synergy/ssp/src/driver/r_cgc/hw/hw_cgc.o
                0x00002040                HW_CGC_LCDClockEnable
 .text.HW_CGC_LCDClockDisable
                0x00002050       0x10 ./synergy/ssp/src/driver/r_cgc/hw/hw_cgc.o
                0x00002050                HW_CGC_LCDClockDisable
 .text.HW_CGC_LCDClockIsEnabled
                0x00002060        0x8 ./synergy/ssp/src/driver/r_cgc/hw/hw_cgc.o
                0x00002060                HW_CGC_LCDClockIsEnabled
 .text.HW_CGC_HocoWaitControlSet
                0x00002068       0x28 ./synergy/ssp/src/driver/r_cgc/hw/hw_cgc.o
                0x00002068                HW_CGC_HocoWaitControlSet
 .text.R_CGC_VersionGet
                0x00002090       0x10 ./synergy/ssp/src/driver/r_cgc/r_cgc.o
                0x00002090                R_CGC_VersionGet
 .text.R_CGC_Init
                0x000020a0       0xb4 ./synergy/ssp/src/driver/r_cgc/r_cgc.o
                0x000020a0                R_CGC_Init
 .text.R_CGC_SystemClockGet
                0x00002154       0x28 ./synergy/ssp/src/driver/r_cgc/r_cgc.o
                0x00002154                R_CGC_SystemClockGet
 .text.R_CGC_OscStopDetect
                0x0000217c       0xe0 ./synergy/ssp/src/driver/r_cgc/r_cgc.o
                0x0000217c                R_CGC_OscStopDetect
 .text.R_CGC_OscStopStatusClear
                0x0000225c       0x50 ./synergy/ssp/src/driver/r_cgc/r_cgc.o
                0x0000225c                R_CGC_OscStopStatusClear
 .text.R_CGC_BusClockOutCfg
                0x000022ac       0x14 ./synergy/ssp/src/driver/r_cgc/r_cgc.o
                0x000022ac                R_CGC_BusClockOutCfg
 .text.R_CGC_BusClockOutEnable
                0x000022c0       0x14 ./synergy/ssp/src/driver/r_cgc/r_cgc.o
                0x000022c0                R_CGC_BusClockOutEnable
 .text.R_CGC_BusClockOutDisable
                0x000022d4       0x14 ./synergy/ssp/src/driver/r_cgc/r_cgc.o
                0x000022d4                R_CGC_BusClockOutDisable
 .text.R_CGC_ClockOutCfg
                0x000022e8       0x18 ./synergy/ssp/src/driver/r_cgc/r_cgc.o
                0x000022e8                R_CGC_ClockOutCfg
 .text.R_CGC_ClockOutEnable
                0x00002300       0x14 ./synergy/ssp/src/driver/r_cgc/r_cgc.o
                0x00002300                R_CGC_ClockOutEnable
 .text.R_CGC_ClockOutDisable
                0x00002314       0x14 ./synergy/ssp/src/driver/r_cgc/r_cgc.o
                0x00002314                R_CGC_ClockOutDisable
 .text.R_CGC_ClockCheck
                0x00002328       0x70 ./synergy/ssp/src/driver/r_cgc/r_cgc.o
                0x00002328                R_CGC_ClockCheck
 .text.r_cgc_stabilization_wait
                0x00002398       0x30 ./synergy/ssp/src/driver/r_cgc/r_cgc.o
 .text.R_CGC_ClockStart
                0x000023c8      0x18c ./synergy/ssp/src/driver/r_cgc/r_cgc.o
                0x000023c8                R_CGC_ClockStart
 .text.R_CGC_ClockStop
                0x00002554       0xc8 ./synergy/ssp/src/driver/r_cgc/r_cgc.o
                0x00002554                R_CGC_ClockStop
 .text.r_cgc_clock_start_stop
                0x0000261c       0x30 ./synergy/ssp/src/driver/r_cgc/r_cgc.o
 .text.R_CGC_SystemClockFreqGet
                0x0000264c       0x34 ./synergy/ssp/src/driver/r_cgc/r_cgc.o
                0x0000264c                R_CGC_SystemClockFreqGet
 .text.R_CGC_LCDClockEnable
                0x00002680       0x50 ./synergy/ssp/src/driver/r_cgc/r_cgc.o
                0x00002680                R_CGC_LCDClockEnable
 .text.R_CGC_LCDClockDisable
                0x000026d0       0x50 ./synergy/ssp/src/driver/r_cgc/r_cgc.o
                0x000026d0                R_CGC_LCDClockDisable
 .text.R_CGC_LCDClockCfg
                0x00002720       0x80 ./synergy/ssp/src/driver/r_cgc/r_cgc.o
                0x00002720                R_CGC_LCDClockCfg
 .text.R_CGC_SDRAMClockOutEnable
                0x000027a0       0x1c ./synergy/ssp/src/driver/r_cgc/r_cgc.o
                0x000027a0                R_CGC_SDRAMClockOutEnable
 .text.R_CGC_SDRAMClockOutDisable
                0x000027bc       0x1c ./synergy/ssp/src/driver/r_cgc/r_cgc.o
                0x000027bc                R_CGC_SDRAMClockOutDisable
 .text.R_CGC_USBClockCfg
                0x000027d8       0x20 ./synergy/ssp/src/driver/r_cgc/r_cgc.o
                0x000027d8                R_CGC_USBClockCfg
 .text.R_CGC_SystickUpdate.part.11
                0x000027f8       0x44 ./synergy/ssp/src/driver/r_cgc/r_cgc.o
 .text.R_CGC_SystickUpdate
                0x0000283c        0xc ./synergy/ssp/src/driver/r_cgc/r_cgc.o
                0x0000283c                R_CGC_SystickUpdate
 .text.R_CGC_SystemClockSet
                0x00002848      0x1c4 ./synergy/ssp/src/driver/r_cgc/r_cgc.o
                0x00002848                R_CGC_SystemClockSet
 .text.R_CGC_ClocksCfg
                0x00002a0c      0x16c ./synergy/ssp/src/driver/r_cgc/r_cgc.o
                0x00002a0c                R_CGC_ClocksCfg
 .text.R_BSP_CacheOff
                0x00002b78       0x28 ./synergy/ssp/src/bsp/mcu/s7g2/bsp_cache.o
                0x00002b78                R_BSP_CacheOff
 .text.R_BSP_CacheSet
                0x00002ba0       0x48 ./synergy/ssp/src/bsp/mcu/s7g2/bsp_cache.o
                0x00002ba0                R_BSP_CacheSet
 .text.bsp_clock_init
                0x00002be8       0x90 ./synergy/ssp/src/bsp/mcu/s7g2/bsp_clocks.o
                0x00002be8                bsp_clock_init
 .text.bsp_cpu_clock_get
                0x00002c78       0x20 ./synergy/ssp/src/bsp/mcu/s7g2/bsp_clocks.o
                0x00002c78                bsp_cpu_clock_get
 .text.bsp_clock_set_callback
                0x00002c98      0x104 ./synergy/ssp/src/bsp/mcu/s7g2/bsp_clocks.o
                0x00002c98                bsp_clock_set_callback
 .text.R_BSP_FeatureIoportGet
                0x00002d9c        0xc ./synergy/ssp/src/bsp/mcu/s7g2/bsp_feature.o
                0x00002d9c                R_BSP_FeatureIoportGet
 .text.R_BSP_FeatureCgcGet
                0x00002da8        0xc ./synergy/ssp/src/bsp/mcu/s7g2/bsp_feature.o
                0x00002da8                R_BSP_FeatureCgcGet
 .text.bsp_group_interrupt_open
                0x00002db4       0x18 ./synergy/ssp/src/bsp/mcu/s7g2/bsp_group_irq.o
                0x00002db4                bsp_group_interrupt_open
 .text.R_BSP_GroupIrqWrite
                0x00002dcc       0x10 ./synergy/ssp/src/bsp/mcu/s7g2/bsp_group_irq.o
                0x00002dcc                R_BSP_GroupIrqWrite
 .text.NMI_Handler
                0x00002ddc      0x1f4 ./synergy/ssp/src/bsp/mcu/s7g2/bsp_group_irq.o
                0x00002ddc                NMI_Handler
 .text.r_bsp_module_start_stop
                0x00002fd0       0xb4 ./synergy/ssp/src/bsp/mcu/s7g2/bsp_module_stop.o
 .text.R_BSP_ModuleStart
                0x00003084        0x8 ./synergy/ssp/src/bsp/mcu/s7g2/bsp_module_stop.o
                0x00003084                R_BSP_ModuleStart
 .text.R_BSP_LedsGet
                0x0000308c       0x20 ./synergy/ssp/src/bsp/mcu/all/bsp_common_leds.o
                0x0000308c                R_BSP_LedsGet
 .text.software_delay_loop
                0x000030ac        0xc ./synergy/ssp/src/bsp/mcu/all/bsp_delay.o
 .text.R_BSP_SoftwareDelay
                0x000030b8       0x58 ./synergy/ssp/src/bsp/mcu/all/bsp_delay.o
                0x000030b8                R_BSP_SoftwareDelay
 .text.R_BSP_IrqStatusClear
                0x00003110       0x18 ./synergy/ssp/src/bsp/mcu/all/bsp_irq.o
                0x00003110                R_BSP_IrqStatusClear
 .text.bsp_irq_cfg
                0x00003128       0x40 ./synergy/ssp/src/bsp/mcu/all/bsp_irq.o
                0x00003128                bsp_irq_cfg
 .text.R_BSP_HardwareLock
                0x00003168       0x68 ./synergy/ssp/src/bsp/mcu/all/bsp_locking.o
                0x00003168                R_BSP_HardwareLock
 .text.R_BSP_HardwareUnlock
                0x000031d0       0x4c ./synergy/ssp/src/bsp/mcu/all/bsp_locking.o
                0x000031d0                R_BSP_HardwareUnlock
 .text.bsp_init_hardware_locks
                0x0000321c       0x44 ./synergy/ssp/src/bsp/mcu/all/bsp_locking.o
                0x0000321c                bsp_init_hardware_locks
 .text.R_BSP_RegisterProtectEnable
                0x00003260       0x60 ./synergy/ssp/src/bsp/mcu/all/bsp_register_protection.o
                0x00003260                R_BSP_RegisterProtectEnable
 .text.R_BSP_RegisterProtectDisable
                0x000032c0       0x50 ./synergy/ssp/src/bsp/mcu/all/bsp_register_protection.o
                0x000032c0                R_BSP_RegisterProtectDisable
 .text.bsp_register_protect_open
                0x00003310       0x10 ./synergy/ssp/src/bsp/mcu/all/bsp_register_protection.o
                0x00003310                bsp_register_protect_open
 .text.Default_Handler
                0x00003320        0x4 ./synergy/ssp/src/bsp/cmsis/Device/RENESAS/S7G2/Source/startup_S7G2.o
                0x00003320                HardFault_Handler
                0x00003320                UsageFault_Handler
                0x00003320                Default_Handler
                0x00003320                MemManage_Handler
                0x00003320                SVC_Handler
                0x00003320                BusFault_Handler
                0x00003320                DebugMon_Handler
 .text.Reset_Handler
                0x00003324        0xc ./synergy/ssp/src/bsp/cmsis/Device/RENESAS/S7G2/Source/startup_S7G2.o
                0x00003324                Reset_Handler
 .text.R_BSP_WarmStart
                0x00003330        0x4 ./synergy/ssp/src/bsp/cmsis/Device/RENESAS/S7G2/Source/system_S7G2.o
                0x00003330                R_BSP_WarmStart
 .text.SystemInit
                0x00003334       0xe0 ./synergy/ssp/src/bsp/cmsis/Device/RENESAS/S7G2/Source/system_S7G2.o
                0x00003334                SystemInit
 .text.bsp_init
                0x00003414        0x4 ./synergy/board/s7g2_sk/bsp_init.o
                0x00003414                bsp_init
 .text.bsp_qspi_xip_mode
                0x00003418       0x88 ./synergy/board/s7g2_sk/bsp_qspi.o
 .text.bsp_qspi_init
                0x000034a0      0x148 ./synergy/board/s7g2_sk/bsp_qspi.o
                0x000034a0                bsp_qspi_init
 .text.g_common_init
                0x000035e8        0x4 ./src/synergy_gen/common_data.o
                0x000035e8                g_common_init
 .text.g_hal_init
                0x000035ec        0x4 ./src/synergy_gen/hal_data.o
                0x000035ec                g_hal_init
 .text.led_thread_func
                0x000035f0       0x50 ./src/synergy_gen/led_thread.o
 .text.led_thread_create
                0x00003640       0x5c ./src/synergy_gen/led_thread.o
                0x00003640                led_thread_create
 .text.tx_application_define_internal
                0x0000369c        0x4 ./src/synergy_gen/main.o
                0x0000369c                tx_application_define_user
                0x0000369c                tx_application_define_internal
 .text.tx_application_define
                0x000036a0       0x38 ./src/synergy_gen/main.o
                0x000036a0                tx_application_define
 .text.startup.main
                0x000036d8        0xc ./src/synergy_gen/main.o
                0x000036d8                main
 .text.led_thread_entry
                0x000036e4       0x48 ./src/led_thread_entry.o
                0x000036e4                led_thread_entry
 .text.external_irq11_callback
                0x0000372c        0xc ./src/led_thread_entry.o
                0x0000372c                external_irq11_callback
 .text._txe_semaphore_create
                0x00003738       0xa8 C:\Users\Cesario\e2_studio\workspace\FirstThreadProject\synergy\ssp\src\framework\el\tx\cm4_gcc\libtx.a(txe_semaphore_create.o)
                0x00003738                _txe_semaphore_create
 .text._txe_semaphore_get
                0x000037e0       0x2c C:\Users\Cesario\e2_studio\workspace\FirstThreadProject\synergy\ssp\src\framework\el\tx\cm4_gcc\libtx.a(txe_semaphore_get.o)
                0x000037e0                _txe_semaphore_get
 .text._txe_semaphore_put
                0x0000380c       0x18 C:\Users\Cesario\e2_studio\workspace\FirstThreadProject\synergy\ssp\src\framework\el\tx\cm4_gcc\libtx.a(txe_semaphore_put.o)
                0x0000380c                _txe_semaphore_put
 .text._txe_thread_create
                0x00003824      0x144 C:\Users\Cesario\e2_studio\workspace\FirstThreadProject\synergy\ssp\src\framework\el\tx\cm4_gcc\libtx.a(txe_thread_create.o)
                0x00003824                _txe_thread_create
 .text._tx_initialize_high_level
                0x00003968       0x90 C:\Users\Cesario\e2_studio\workspace\FirstThreadProject\synergy\ssp\src\framework\el\tx\cm4_gcc\libtx.a(tx_initialize_high_level.o)
                0x00003968                _tx_initialize_high_level
 .text._tx_initialize_kernel_enter
                0x000039f8       0x3c C:\Users\Cesario\e2_studio\workspace\FirstThreadProject\synergy\ssp\src\framework\el\tx\cm4_gcc\libtx.a(tx_initialize_kernel_enter.o)
                0x000039f8                _tx_initialize_kernel_enter
 .text.tx_isr_end
                0x00003a34        0x4 C:\Users\Cesario\e2_studio\workspace\FirstThreadProject\synergy\ssp\src\framework\el\tx\cm4_gcc\libtx.a(tx_isr_end.o)
                0x00003a34                tx_isr_end
 .text.tx_isr_start
                0x00003a38        0x4 C:\Users\Cesario\e2_studio\workspace\FirstThreadProject\synergy\ssp\src\framework\el\tx\cm4_gcc\libtx.a(tx_isr_start.o)
                0x00003a38                tx_isr_start
 .text._tx_semaphore_create
                0x00003a3c       0x54 C:\Users\Cesario\e2_studio\workspace\FirstThreadProject\synergy\ssp\src\framework\el\tx\cm4_gcc\libtx.a(tx_semaphore_create.o)
                0x00003a3c                _tx_semaphore_create
 .text._tx_semaphore_get
                0x00003a90       0x7c C:\Users\Cesario\e2_studio\workspace\FirstThreadProject\synergy\ssp\src\framework\el\tx\cm4_gcc\libtx.a(tx_semaphore_get.o)
                0x00003a90                _tx_semaphore_get
 .text._tx_semaphore_put
                0x00003b0c       0x54 C:\Users\Cesario\e2_studio\workspace\FirstThreadProject\synergy\ssp\src\framework\el\tx\cm4_gcc\libtx.a(tx_semaphore_put.o)
                0x00003b0c                _tx_semaphore_put
 .text._tx_thread_create
                0x00003b60      0x13c C:\Users\Cesario\e2_studio\workspace\FirstThreadProject\synergy\ssp\src\framework\el\tx\cm4_gcc\libtx.a(tx_thread_create.o)
                0x00003b60                _tx_thread_create
 .text._tx_thread_initialize
                0x00003c9c       0x68 C:\Users\Cesario\e2_studio\workspace\FirstThreadProject\synergy\ssp\src\framework\el\tx\cm4_gcc\libtx.a(tx_thread_initialize.o)
                0x00003c9c                _tx_thread_initialize
 .text._tx_thread_shell_entry
                0x00003d04       0x48 C:\Users\Cesario\e2_studio\workspace\FirstThreadProject\synergy\ssp\src\framework\el\tx\cm4_gcc\libtx.a(tx_thread_shell_entry.o)
                0x00003d04                _tx_thread_shell_entry
 .text._tx_thread_system_preempt_check
                0x00003d4c       0x3c C:\Users\Cesario\e2_studio\workspace\FirstThreadProject\synergy\ssp\src\framework\el\tx\cm4_gcc\libtx.a(tx_thread_system_preempt_check.o)
                0x00003d4c                _tx_thread_system_preempt_check
 .text._tx_thread_system_resume
                0x00003d88       0xec C:\Users\Cesario\e2_studio\workspace\FirstThreadProject\synergy\ssp\src\framework\el\tx\cm4_gcc\libtx.a(tx_thread_system_resume.o)
                0x00003d88                _tx_thread_system_resume
 .text._tx_thread_system_suspend
                0x00003e74      0x104 C:\Users\Cesario\e2_studio\workspace\FirstThreadProject\synergy\ssp\src\framework\el\tx\cm4_gcc\libtx.a(tx_thread_system_suspend.o)
                0x00003e74                _tx_thread_system_suspend
 .text._tx_thread_timeout
                0x00003f78       0x2c C:\Users\Cesario\e2_studio\workspace\FirstThreadProject\synergy\ssp\src\framework\el\tx\cm4_gcc\libtx.a(tx_thread_timeout.o)
                0x00003f78                _tx_thread_timeout
 .text._tx_timer_initialize
                0x00003fa4       0x7c C:\Users\Cesario\e2_studio\workspace\FirstThreadProject\synergy\ssp\src\framework\el\tx\cm4_gcc\libtx.a(tx_timer_initialize.o)
                0x00003fa4                _tx_timer_initialize
 .text._tx_timer_system_activate
                0x00004020       0x54 C:\Users\Cesario\e2_studio\workspace\FirstThreadProject\synergy\ssp\src\framework\el\tx\cm4_gcc\libtx.a(tx_timer_system_activate.o)
                0x00004020                _tx_timer_system_activate
 .text._tx_timer_system_deactivate
                0x00004074       0x2c C:\Users\Cesario\e2_studio\workspace\FirstThreadProject\synergy\ssp\src\framework\el\tx\cm4_gcc\libtx.a(tx_timer_system_deactivate.o)
                0x00004074                _tx_timer_system_deactivate
 .text._tx_initialize_low_level
                0x000040a0       0x80 C:\Users\Cesario\e2_studio\workspace\FirstThreadProject\synergy\ssp\src\framework\el\tx\cm4_gcc\libtx.a(tx_initialize_low_level.o)
                0x000040a0                _tx_initialize_low_level
 .text._tx_thread_schedule
                0x00004120       0x60 C:\Users\Cesario\e2_studio\workspace\FirstThreadProject\synergy\ssp\src\framework\el\tx\cm4_gcc\libtx.a(tx_thread_schedule.o)
                0x00004120                _tx_thread_schedule
 .text.PendSV_Handler
                0x00004180      0x14c C:\Users\Cesario\e2_studio\workspace\FirstThreadProject\synergy\ssp\src\framework\el\tx\cm4_gcc\libtx.a(tx_thread_schedule.o)
                0x00004180                PendSV_Handler
 .text.SysTick_Handler
                0x000042cc        0x4 C:\Users\Cesario\e2_studio\workspace\FirstThreadProject\synergy\ssp\src\framework\el\tx\cm4_gcc\libtx.a(tx_thread_schedule.o)
                0x000042cc                SysTick_Handler
 .text._tx_thread_stack_build
                0x000042d0       0x48 C:\Users\Cesario\e2_studio\workspace\FirstThreadProject\synergy\ssp\src\framework\el\tx\cm4_gcc\libtx.a(tx_thread_stack_build.o)
                0x000042d0                _tx_thread_stack_build
 .text._tx_timer_interrupt
                0x00004318       0xd4 C:\Users\Cesario\e2_studio\workspace\FirstThreadProject\synergy\ssp\src\framework\el\tx\cm4_gcc\libtx.a(tx_timer_interrupt.o)
                0x00004318                _tx_timer_interrupt
 .text._tx_semaphore_cleanup
                0x000043ec       0x6c C:\Users\Cesario\e2_studio\workspace\FirstThreadProject\synergy\ssp\src\framework\el\tx\cm4_gcc\libtx.a(tx_semaphore_cleanup.o)
                0x000043ec                _tx_semaphore_cleanup
 .text._tx_thread_time_slice
                0x00004458       0x74 C:\Users\Cesario\e2_studio\workspace\FirstThreadProject\synergy\ssp\src\framework\el\tx\cm4_gcc\libtx.a(tx_thread_time_slice.o)
                0x00004458                _tx_thread_time_slice
 .text._tx_timer_expiration_process
                0x000044cc      0x10c C:\Users\Cesario\e2_studio\workspace\FirstThreadProject\synergy\ssp\src\framework\el\tx\cm4_gcc\libtx.a(tx_timer_expiration_process.o)
                0x000044cc                _tx_timer_expiration_process
 .text.memset   0x000045d8       0x10 c:/program files (x86)/gnu tools arm embedded/4.9 2015q3/bin/../lib/gcc/arm-none-eabi/4.9.3/../../../../arm-none-eabi/lib/armv7e-m/fpu\libg_nano.a(lib_a-memset.o)
                0x000045d8                memset
 *(.version)
 .version       0x000045e8       0x60 ./synergy/ssp/src/bsp/mcu/all/bsp_common.o
 *(.init)
 .init          0x00004648        0x4 c:/program files (x86)/gnu tools arm embedded/4.9 2015q3/bin/../lib/gcc/arm-none-eabi/4.9.3/armv7e-m/fpu/crti.o
                0x00004648                _init
 .init          0x0000464c        0x8 c:/program files (x86)/gnu tools arm embedded/4.9 2015q3/bin/../lib/gcc/arm-none-eabi/4.9.3/armv7e-m/fpu/crtn.o
 *(.fini)
 .fini          0x00004654        0x4 c:/program files (x86)/gnu tools arm embedded/4.9 2015q3/bin/../lib/gcc/arm-none-eabi/4.9.3/armv7e-m/fpu/crti.o
                0x00004654                _fini
 .fini          0x00004658        0x8 c:/program files (x86)/gnu tools arm embedded/4.9 2015q3/bin/../lib/gcc/arm-none-eabi/4.9.3/armv7e-m/fpu/crtn.o
 *crtbegin.o(.ctors)
 *crtbegin?.o(.ctors)
 *(EXCLUDE_FILE(*crtend.o *crtend?.o) .ctors)
 *(SORT(.ctors.*))
 *(.ctors)
 *crtbegin.o(.dtors)
 *crtbegin?.o(.dtors)
 *(EXCLUDE_FILE(*crtend.o *crtend?.o) .dtors)
 *(SORT(.dtors.*))
 *(.dtors)
 *(.rodata*)
 .rodata.g_ioport_on_ioport
                0x00004660       0x3c ./synergy/ssp/src/driver/r_ioport/r_ioport.o
                0x00004660                g_ioport_on_ioport
 .rodata.g_vbatt_pins_input
                0x0000469c        0x6 ./synergy/ssp/src/driver/r_ioport/r_ioport.o
 *fill*         0x000046a2        0x2 ff
 .rodata.g_external_irq_on_icu
                0x000046a4       0x20 ./synergy/ssp/src/driver/r_icu/r_icu.o
                0x000046a4                g_external_irq_on_icu
 .rodata.g_icu_version
                0x000046c4        0x4 ./synergy/ssp/src/driver/r_icu/r_icu.o
 .rodata.bit_count_mask
                0x000046c8        0x8 ./synergy/ssp/src/driver/r_fmi/r_fmi.o
 .rodata.bit_count
                0x000046d0       0x80 ./synergy/ssp/src/driver/r_fmi/r_fmi.o
 .rodata.g_fmi_on_fmi
                0x00004750       0x18 ./synergy/ssp/src/driver/r_fmi/r_fmi.o
                0x00004750                g_fmi_on_fmi
 .rodata.g_fmi_version
                0x00004768        0x4 ./synergy/ssp/src/driver/r_fmi/r_fmi.o
 .rodata.g_elc_on_elc
                0x0000476c       0x1c ./synergy/ssp/src/driver/r_elc/r_elc.o
                0x0000476c                g_elc_on_elc
 .rodata.s_elc_version
                0x00004788        0x4 ./synergy/ssp/src/driver/r_elc/r_elc.o
 .rodata.g_pllccr2_div_value
                0x0000478c        0x6 ./synergy/ssp/src/driver/r_cgc/hw/hw_cgc.o
 *fill*         0x00004792        0x2 ff
 .rodata.g_pllccr_div_value
                0x00004794        0x6 ./synergy/ssp/src/driver/r_cgc/hw/hw_cgc.o
 *fill*         0x0000479a        0x2 ff
 .rodata.g_pllccr_div_setting
                0x0000479c        0x6 ./synergy/ssp/src/driver/r_cgc/hw/hw_cgc.o
 *fill*         0x000047a2        0x2 ff
 .rodata.g_pllccr2_div_setting
                0x000047a4        0x8 ./synergy/ssp/src/driver/r_cgc/hw/hw_cgc.o
 .rodata.g_cgc_on_cgc
                0x000047ac       0x60 ./synergy/ssp/src/driver/r_cgc/r_cgc.o
                0x000047ac                g_cgc_on_cgc
 .rodata.g_lcd_clock_settings
                0x0000480c        0x6 ./synergy/ssp/src/driver/r_cgc/r_cgc.o
 *fill*         0x00004812        0x2 ff
 .rodata.g_cgc_version
                0x00004814        0x4 ./synergy/ssp/src/driver/r_cgc/r_cgc.o
 .rodata.g_cgc_feature
                0x00004818       0x2c ./synergy/ssp/src/bsp/mcu/s7g2/bsp_feature.o
 .rodata.g_fmi_data
                0x00004844      0x400 ./synergy/ssp/src/bsp/mcu/s7g2/bsp_fmi_R7FS7G27H3A01CFC.o
                0x00004844                g_fmi_data
 .rodata.gp_mstp
                0x00004c44       0x10 ./synergy/ssp/src/bsp/mcu/s7g2/bsp_module_stop.o
 .rodata.g_bsp_module_stop
                0x00004c54       0x46 ./synergy/ssp/src/bsp/mcu/s7g2/bsp_module_stop.o
 *fill*         0x00004c9a        0x2 ff
 .rodata.gp_vector_information
                0x00004c9c        0x4 ./synergy/ssp/src/bsp/mcu/all/bsp_irq.o
                0x00004c9c                gp_vector_information
 .rodata.g_prcr_masks
                0x00004ca0        0x6 ./synergy/ssp/src/bsp/mcu/all/bsp_register_protection.o
 *fill*         0x00004ca6        0x2 ff
 .rodata.g_elc_cfg
                0x00004ca8        0xc ./synergy/ssp/src/bsp/cmsis/Device/RENESAS/S7G2/Source/system_S7G2.o
 .rodata.g_bsp_leds
                0x00004cb4        0x8 ./synergy/board/s7g2_sk/bsp_leds.o
                0x00004cb4                g_bsp_leds
 .rodata.g_bsp_prv_leds
                0x00004cbc        0x6 ./synergy/board/s7g2_sk/bsp_leds.o
 *fill*         0x00004cc2        0x2 ff
 .rodata.g_ioport
                0x00004cc4        0x8 ./src/synergy_gen/common_data.o
                0x00004cc4                g_ioport
 .rodata.g_external_irq11_cfg
                0x00004ccc       0x14 ./src/synergy_gen/led_thread.o
 .rodata.str1.4
                0x00004ce0       0x1b ./src/synergy_gen/led_thread.o
 *fill*         0x00004cfb        0x1 ff
 .rodata.g_external_irq11
                0x00004cfc        0xc ./src/synergy_gen/led_thread.o
                0x00004cfc                g_external_irq11
 .rodata.str1.4
                0x00004d08       0x14 ./src/synergy_gen/main.o
 .rodata.g_bsp_pin_cfg
                0x00004d1c        0x8 ./src/synergy_gen/pin_data.o
                0x00004d1c                g_bsp_pin_cfg
 .rodata.g_bsp_pin_cfg_data
                0x00004d24      0x380 ./src/synergy_gen/pin_data.o
                0x00004d24                g_bsp_pin_cfg_data
                0x000050a4                __usb_dev_descriptor_start_fs = .
 *(.usb_device_desc_fs*)
                0x000050a4                __usb_cfg_descriptor_start_fs = .
 *(.usb_config_desc_fs*)
                0x000050a4                __usb_interface_descriptor_start_fs = .
 *(.usb_interface_desc_fs*)
                0x000050a4                __usb_descriptor_end_fs = .
                0x000050a4                __usb_dev_descriptor_start_hs = .
 *(.usb_device_desc_hs*)
                0x000050a4                __usb_cfg_descriptor_start_hs = .
 *(.usb_config_desc_hs*)
                0x000050a4                __usb_interface_descriptor_start_hs = .
 *(.usb_interface_desc_hs*)
                0x000050a4                __usb_descriptor_end_hs = .
 *(.eh_frame*)
 .eh_frame      0x000050a4        0x0 c:/program files (x86)/gnu tools arm embedded/4.9 2015q3/bin/../lib/gcc/arm-none-eabi/4.9.3/armv7e-m/fpu/crtbegin.o
 .eh_frame      0x000050a4        0x4 c:/program files (x86)/gnu tools arm embedded/4.9 2015q3/bin/../lib/gcc/arm-none-eabi/4.9.3/armv7e-m/fpu/crtend.o
                0x000050a8                __ROM_End = .
                0x00000044                __Vectors_Size = (__Vectors_End - __Vectors)
                0x00000008                __Vector_Info_Size = (__Vector_Info_End - __Vector_Info_Start)
                0x000001b0                __Lock_Lookup_Size = (__Lock_Lookup_End - __Lock_Lookup_Start)

.glue_7         0x000050a8        0x0
 .glue_7        0x00000000        0x0 linker stubs

.glue_7t        0x000050a8        0x0
 .glue_7t       0x00000000        0x0 linker stubs

.vfp11_veneer   0x000050a8        0x0
 .vfp11_veneer  0x00000000        0x0 linker stubs

.v4_bx          0x000050a8        0x0
 .v4_bx         0x00000000        0x0 linker stubs

.iplt           0x000050a8        0x0
 .iplt          0x00000000        0x0 c:/program files (x86)/gnu tools arm embedded/4.9 2015q3/bin/../lib/gcc/arm-none-eabi/4.9.3/armv7e-m/fpu/crtbegin.o

.rel.dyn        0x000050a8        0x0
 .rel.iplt      0x00000000        0x0 c:/program files (x86)/gnu tools arm embedded/4.9 2015q3/bin/../lib/gcc/arm-none-eabi/4.9.3/armv7e-m/fpu/crtbegin.o

.ARM.extab
 *(.ARM.extab* .gnu.linkonce.armextab.*)
                0x000050a8                __exidx_start = .

.ARM.exidx
 *(.ARM.exidx* .gnu.linkonce.armexidx.*)
                0x000050a8                __exidx_end = .
                0x000050a8                __etext = .

.ssp_dtc_vector_table
                0x1ffe0000        0x0
                0x1ffe0000                . = ORIGIN (RAM)
 *(.ssp_dtc_vector_table)

.data           0x1ffe0000       0x7c load address 0x000050a8
                0x1ffe0000                __data_start__ = .
 *(vtable)
 *(.data.*)
 .data._tx_thread_system_state
                0x1ffe0000        0x4 C:\Users\Cesario\e2_studio\workspace\FirstThreadProject\synergy\ssp\src\framework\el\tx\cm4_gcc\libtx.a(tx_thread_initialize.o)
                0x1ffe0000                _tx_thread_system_state
                0x1ffe0004                . = ALIGN (0x4)
                0x1ffe0004                PROVIDE (__preinit_array_start, .)
 *(.preinit_array)
                0x1ffe0004                PROVIDE (__preinit_array_end, .)
                0x1ffe0004                . = ALIGN (0x4)
                0x1ffe0004                PROVIDE (__init_array_start, .)
 *(SORT(.init_array.*))
 *(.init_array)
 .init_array    0x1ffe0004        0x4 c:/program files (x86)/gnu tools arm embedded/4.9 2015q3/bin/../lib/gcc/arm-none-eabi/4.9.3/armv7e-m/fpu/crtbegin.o
                0x1ffe0008                PROVIDE (__init_array_end, .)
                0x1ffe0008                . = ALIGN (0x4)
                0x1ffe0008                PROVIDE (__fini_array_start, .)
 *(SORT(.fini_array.*))
 *(.fini_array)
 .fini_array    0x1ffe0008        0x4 c:/program files (x86)/gnu tools arm embedded/4.9 2015q3/bin/../lib/gcc/arm-none-eabi/4.9.3/armv7e-m/fpu/crtbegin.o
                0x1ffe000c                PROVIDE (__fini_array_end, .)
 *(.jcr*)
 .jcr           0x1ffe000c        0x0 c:/program files (x86)/gnu tools arm embedded/4.9 2015q3/bin/../lib/gcc/arm-none-eabi/4.9.3/armv7e-m/fpu/crtbegin.o
 .jcr           0x1ffe000c        0x4 c:/program files (x86)/gnu tools arm embedded/4.9 2015q3/bin/../lib/gcc/arm-none-eabi/4.9.3/armv7e-m/fpu/crtend.o
                0x1ffe0010                . = ALIGN (0x4)
                0x1ffe0010                __Code_In_RAM_Start = .
 *(.code_in_ram*)
                0x1ffe0010                __Code_In_RAM_End = .
                0x1ffe0010                __Lock_Start = .
 *(SORT(.hw_lock*))
 .hw_lock.ADC_0U_0U
                0x1ffe0010        0x1 ./synergy/ssp/src/bsp/mcu/s7g2/bsp_hw_locks.o
                0x1ffe0010                g_hw_lock_ADC_0U_0U
 .hw_lock.ADC_0U_1U
                0x1ffe0011        0x1 ./synergy/ssp/src/bsp/mcu/s7g2/bsp_hw_locks.o
                0x1ffe0011                g_hw_lock_ADC_0U_1U
 .hw_lock.AGT_0U_0U
                0x1ffe0012        0x1 ./synergy/ssp/src/bsp/mcu/s7g2/bsp_hw_locks.o
                0x1ffe0012                g_hw_lock_AGT_0U_0U
 .hw_lock.AGT_0U_1U
                0x1ffe0013        0x1 ./synergy/ssp/src/bsp/mcu/s7g2/bsp_hw_locks.o
                0x1ffe0013                g_hw_lock_AGT_0U_1U
 .hw_lock.BSC_0U_1U
                0x1ffe0014        0x1 ./synergy/ssp/src/bsp/mcu/s7g2/bsp_hw_locks.o
                0x1ffe0014                g_hw_lock_BSC_0U_1U
 .hw_lock.CAC_0U_0U
                0x1ffe0015        0x1 ./synergy/ssp/src/bsp/mcu/s7g2/bsp_hw_locks.o
                0x1ffe0015                g_hw_lock_CAC_0U_0U
 .hw_lock.CAN_0U_0U
                0x1ffe0016        0x1 ./synergy/ssp/src/bsp/mcu/s7g2/bsp_hw_locks.o
                0x1ffe0016                g_hw_lock_CAN_0U_0U
 .hw_lock.CAN_0U_1U
                0x1ffe0017        0x1 ./synergy/ssp/src/bsp/mcu/s7g2/bsp_hw_locks.o
                0x1ffe0017                g_hw_lock_CAN_0U_1U
 .hw_lock.COMP_HS_0U_0U
                0x1ffe0018        0x1 ./synergy/ssp/src/bsp/mcu/s7g2/bsp_hw_locks.o
                0x1ffe0018                g_hw_lock_COMP_HS_0U_0U
 .hw_lock.COMP_HS_0U_1U
                0x1ffe0019        0x1 ./synergy/ssp/src/bsp/mcu/s7g2/bsp_hw_locks.o
                0x1ffe0019                g_hw_lock_COMP_HS_0U_1U
 .hw_lock.COMP_HS_0U_2U
                0x1ffe001a        0x1 ./synergy/ssp/src/bsp/mcu/s7g2/bsp_hw_locks.o
                0x1ffe001a                g_hw_lock_COMP_HS_0U_2U
 .hw_lock.COMP_HS_0U_3U
                0x1ffe001b        0x1 ./synergy/ssp/src/bsp/mcu/s7g2/bsp_hw_locks.o
                0x1ffe001b                g_hw_lock_COMP_HS_0U_3U
 .hw_lock.COMP_HS_0U_4U
                0x1ffe001c        0x1 ./synergy/ssp/src/bsp/mcu/s7g2/bsp_hw_locks.o
                0x1ffe001c                g_hw_lock_COMP_HS_0U_4U
 .hw_lock.COMP_HS_0U_5U
                0x1ffe001d        0x1 ./synergy/ssp/src/bsp/mcu/s7g2/bsp_hw_locks.o
                0x1ffe001d                g_hw_lock_COMP_HS_0U_5U
 .hw_lock.CRC_0U_0U
                0x1ffe001e        0x1 ./synergy/ssp/src/bsp/mcu/s7g2/bsp_hw_locks.o
                0x1ffe001e                g_hw_lock_CRC_0U_0U
 .hw_lock.CTSU_0U_0U
                0x1ffe001f        0x1 ./synergy/ssp/src/bsp/mcu/s7g2/bsp_hw_locks.o
                0x1ffe001f                g_hw_lock_CTSU_0U_0U
 .hw_lock.DAAD_0U_0U
                0x1ffe0020        0x1 ./synergy/ssp/src/bsp/mcu/s7g2/bsp_hw_locks.o
                0x1ffe0020                g_hw_lock_DAAD_0U_0U
 .hw_lock.DAC_0U_0U
                0x1ffe0021        0x1 ./synergy/ssp/src/bsp/mcu/s7g2/bsp_hw_locks.o
                0x1ffe0021                g_hw_lock_DAC_0U_0U
 .hw_lock.DAC_0U_1U
                0x1ffe0022        0x1 ./synergy/ssp/src/bsp/mcu/s7g2/bsp_hw_locks.o
                0x1ffe0022                g_hw_lock_DAC_0U_1U
 .hw_lock.DMAC_0U_0U
                0x1ffe0023        0x1 ./synergy/ssp/src/bsp/mcu/s7g2/bsp_hw_locks.o
                0x1ffe0023                g_hw_lock_DMAC_0U_0U
 .hw_lock.DMAC_0U_1U
                0x1ffe0024        0x1 ./synergy/ssp/src/bsp/mcu/s7g2/bsp_hw_locks.o
                0x1ffe0024                g_hw_lock_DMAC_0U_1U
 .hw_lock.DMAC_0U_2U
                0x1ffe0025        0x1 ./synergy/ssp/src/bsp/mcu/s7g2/bsp_hw_locks.o
                0x1ffe0025                g_hw_lock_DMAC_0U_2U
 .hw_lock.DMAC_0U_3U
                0x1ffe0026        0x1 ./synergy/ssp/src/bsp/mcu/s7g2/bsp_hw_locks.o
                0x1ffe0026                g_hw_lock_DMAC_0U_3U
 .hw_lock.DMAC_0U_4U
                0x1ffe0027        0x1 ./synergy/ssp/src/bsp/mcu/s7g2/bsp_hw_locks.o
                0x1ffe0027                g_hw_lock_DMAC_0U_4U
 .hw_lock.DMAC_0U_5U
                0x1ffe0028        0x1 ./synergy/ssp/src/bsp/mcu/s7g2/bsp_hw_locks.o
                0x1ffe0028                g_hw_lock_DMAC_0U_5U
 .hw_lock.DMAC_0U_6U
                0x1ffe0029        0x1 ./synergy/ssp/src/bsp/mcu/s7g2/bsp_hw_locks.o
                0x1ffe0029                g_hw_lock_DMAC_0U_6U
 .hw_lock.DMAC_0U_7U
                0x1ffe002a        0x1 ./synergy/ssp/src/bsp/mcu/s7g2/bsp_hw_locks.o
                0x1ffe002a                g_hw_lock_DMAC_0U_7U
 .hw_lock.DOC_0U_0U
                0x1ffe002b        0x1 ./synergy/ssp/src/bsp/mcu/s7g2/bsp_hw_locks.o
                0x1ffe002b                g_hw_lock_DOC_0U_0U
 .hw_lock.DRW_0U_0U
                0x1ffe002c        0x1 ./synergy/ssp/src/bsp/mcu/s7g2/bsp_hw_locks.o
                0x1ffe002c                g_hw_lock_DRW_0U_0U
 .hw_lock.DTC_0U_0U
                0x1ffe002d        0x1 ./synergy/ssp/src/bsp/mcu/s7g2/bsp_hw_locks.o
                0x1ffe002d                g_hw_lock_DTC_0U_0U
 .hw_lock.ELC_0U_0U
                0x1ffe002e        0x1 ./synergy/ssp/src/bsp/mcu/s7g2/bsp_hw_locks.o
                0x1ffe002e                g_hw_lock_ELC_0U_0U
 .hw_lock.EPTPC_0U_0U
                0x1ffe002f        0x1 ./synergy/ssp/src/bsp/mcu/s7g2/bsp_hw_locks.o
                0x1ffe002f                g_hw_lock_EPTPC_0U_0U
 .hw_lock.ETHER_0U_0U
                0x1ffe0030        0x1 ./synergy/ssp/src/bsp/mcu/s7g2/bsp_hw_locks.o
                0x1ffe0030                g_hw_lock_ETHER_0U_0U
 .hw_lock.ETHER_0U_1U
                0x1ffe0031        0x1 ./synergy/ssp/src/bsp/mcu/s7g2/bsp_hw_locks.o
                0x1ffe0031                g_hw_lock_ETHER_0U_1U
 .hw_lock.FCU_0U_0U
                0x1ffe0032        0x1 ./synergy/ssp/src/bsp/mcu/s7g2/bsp_hw_locks.o
                0x1ffe0032                g_hw_lock_FCU_0U_0U
 .hw_lock.GLCDC_0U_0U
                0x1ffe0033        0x1 ./synergy/ssp/src/bsp/mcu/s7g2/bsp_hw_locks.o
                0x1ffe0033                g_hw_lock_GLCDC_0U_0U
 .hw_lock.GPT_0U_0U
                0x1ffe0034        0x1 ./synergy/ssp/src/bsp/mcu/s7g2/bsp_hw_locks.o
                0x1ffe0034                g_hw_lock_GPT_0U_0U
 .hw_lock.GPT_0U_10U
                0x1ffe0035        0x1 ./synergy/ssp/src/bsp/mcu/s7g2/bsp_hw_locks.o
                0x1ffe0035                g_hw_lock_GPT_0U_10U
 .hw_lock.GPT_0U_11U
                0x1ffe0036        0x1 ./synergy/ssp/src/bsp/mcu/s7g2/bsp_hw_locks.o
                0x1ffe0036                g_hw_lock_GPT_0U_11U
 .hw_lock.GPT_0U_12U
                0x1ffe0037        0x1 ./synergy/ssp/src/bsp/mcu/s7g2/bsp_hw_locks.o
                0x1ffe0037                g_hw_lock_GPT_0U_12U
 .hw_lock.GPT_0U_13U
                0x1ffe0038        0x1 ./synergy/ssp/src/bsp/mcu/s7g2/bsp_hw_locks.o
                0x1ffe0038                g_hw_lock_GPT_0U_13U
 .hw_lock.GPT_0U_1U
                0x1ffe0039        0x1 ./synergy/ssp/src/bsp/mcu/s7g2/bsp_hw_locks.o
                0x1ffe0039                g_hw_lock_GPT_0U_1U
 .hw_lock.GPT_0U_2U
                0x1ffe003a        0x1 ./synergy/ssp/src/bsp/mcu/s7g2/bsp_hw_locks.o
                0x1ffe003a                g_hw_lock_GPT_0U_2U
 .hw_lock.GPT_0U_3U
                0x1ffe003b        0x1 ./synergy/ssp/src/bsp/mcu/s7g2/bsp_hw_locks.o
                0x1ffe003b                g_hw_lock_GPT_0U_3U
 .hw_lock.GPT_0U_4U
                0x1ffe003c        0x1 ./synergy/ssp/src/bsp/mcu/s7g2/bsp_hw_locks.o
                0x1ffe003c                g_hw_lock_GPT_0U_4U
 .hw_lock.GPT_0U_5U
                0x1ffe003d        0x1 ./synergy/ssp/src/bsp/mcu/s7g2/bsp_hw_locks.o
                0x1ffe003d                g_hw_lock_GPT_0U_5U
 .hw_lock.GPT_0U_6U
                0x1ffe003e        0x1 ./synergy/ssp/src/bsp/mcu/s7g2/bsp_hw_locks.o
                0x1ffe003e                g_hw_lock_GPT_0U_6U
 .hw_lock.GPT_0U_7U
                0x1ffe003f        0x1 ./synergy/ssp/src/bsp/mcu/s7g2/bsp_hw_locks.o
                0x1ffe003f                g_hw_lock_GPT_0U_7U
 .hw_lock.GPT_0U_8U
                0x1ffe0040        0x1 ./synergy/ssp/src/bsp/mcu/s7g2/bsp_hw_locks.o
                0x1ffe0040                g_hw_lock_GPT_0U_8U
 .hw_lock.GPT_0U_9U
                0x1ffe0041        0x1 ./synergy/ssp/src/bsp/mcu/s7g2/bsp_hw_locks.o
                0x1ffe0041                g_hw_lock_GPT_0U_9U
 .hw_lock.ICU_0U_0U
                0x1ffe0042        0x1 ./synergy/ssp/src/bsp/mcu/s7g2/bsp_hw_locks.o
                0x1ffe0042                g_hw_lock_ICU_0U_0U
 .hw_lock.ICU_0U_10U
                0x1ffe0043        0x1 ./synergy/ssp/src/bsp/mcu/s7g2/bsp_hw_locks.o
                0x1ffe0043                g_hw_lock_ICU_0U_10U
 .hw_lock.ICU_0U_11U
                0x1ffe0044        0x1 ./synergy/ssp/src/bsp/mcu/s7g2/bsp_hw_locks.o
                0x1ffe0044                g_hw_lock_ICU_0U_11U
 .hw_lock.ICU_0U_12U
                0x1ffe0045        0x1 ./synergy/ssp/src/bsp/mcu/s7g2/bsp_hw_locks.o
                0x1ffe0045                g_hw_lock_ICU_0U_12U
 .hw_lock.ICU_0U_13U
                0x1ffe0046        0x1 ./synergy/ssp/src/bsp/mcu/s7g2/bsp_hw_locks.o
                0x1ffe0046                g_hw_lock_ICU_0U_13U
 .hw_lock.ICU_0U_14U
                0x1ffe0047        0x1 ./synergy/ssp/src/bsp/mcu/s7g2/bsp_hw_locks.o
                0x1ffe0047                g_hw_lock_ICU_0U_14U
 .hw_lock.ICU_0U_15U
                0x1ffe0048        0x1 ./synergy/ssp/src/bsp/mcu/s7g2/bsp_hw_locks.o
                0x1ffe0048                g_hw_lock_ICU_0U_15U
 .hw_lock.ICU_0U_1U
                0x1ffe0049        0x1 ./synergy/ssp/src/bsp/mcu/s7g2/bsp_hw_locks.o
                0x1ffe0049                g_hw_lock_ICU_0U_1U
 .hw_lock.ICU_0U_2U
                0x1ffe004a        0x1 ./synergy/ssp/src/bsp/mcu/s7g2/bsp_hw_locks.o
                0x1ffe004a                g_hw_lock_ICU_0U_2U
 .hw_lock.ICU_0U_3U
                0x1ffe004b        0x1 ./synergy/ssp/src/bsp/mcu/s7g2/bsp_hw_locks.o
                0x1ffe004b                g_hw_lock_ICU_0U_3U
 .hw_lock.ICU_0U_4U
                0x1ffe004c        0x1 ./synergy/ssp/src/bsp/mcu/s7g2/bsp_hw_locks.o
                0x1ffe004c                g_hw_lock_ICU_0U_4U
 .hw_lock.ICU_0U_5U
                0x1ffe004d        0x1 ./synergy/ssp/src/bsp/mcu/s7g2/bsp_hw_locks.o
                0x1ffe004d                g_hw_lock_ICU_0U_5U
 .hw_lock.ICU_0U_6U
                0x1ffe004e        0x1 ./synergy/ssp/src/bsp/mcu/s7g2/bsp_hw_locks.o
                0x1ffe004e                g_hw_lock_ICU_0U_6U
 .hw_lock.ICU_0U_7U
                0x1ffe004f        0x1 ./synergy/ssp/src/bsp/mcu/s7g2/bsp_hw_locks.o
                0x1ffe004f                g_hw_lock_ICU_0U_7U
 .hw_lock.ICU_0U_8U
                0x1ffe0050        0x1 ./synergy/ssp/src/bsp/mcu/s7g2/bsp_hw_locks.o
                0x1ffe0050                g_hw_lock_ICU_0U_8U
 .hw_lock.ICU_0U_9U
                0x1ffe0051        0x1 ./synergy/ssp/src/bsp/mcu/s7g2/bsp_hw_locks.o
                0x1ffe0051                g_hw_lock_ICU_0U_9U
 .hw_lock.IIC_0U_0U
                0x1ffe0052        0x1 ./synergy/ssp/src/bsp/mcu/s7g2/bsp_hw_locks.o
                0x1ffe0052                g_hw_lock_IIC_0U_0U
 .hw_lock.IIC_0U_1U
                0x1ffe0053        0x1 ./synergy/ssp/src/bsp/mcu/s7g2/bsp_hw_locks.o
                0x1ffe0053                g_hw_lock_IIC_0U_1U
 .hw_lock.IIC_0U_2U
                0x1ffe0054        0x1 ./synergy/ssp/src/bsp/mcu/s7g2/bsp_hw_locks.o
                0x1ffe0054                g_hw_lock_IIC_0U_2U
 .hw_lock.IRDA_0U_0U
                0x1ffe0055        0x1 ./synergy/ssp/src/bsp/mcu/s7g2/bsp_hw_locks.o
                0x1ffe0055                g_hw_lock_IRDA_0U_0U
 .hw_lock.IWDT_0U_0U
                0x1ffe0056        0x1 ./synergy/ssp/src/bsp/mcu/s7g2/bsp_hw_locks.o
                0x1ffe0056                g_hw_lock_IWDT_0U_0U
 .hw_lock.JPEG_0U_0U
                0x1ffe0057        0x1 ./synergy/ssp/src/bsp/mcu/s7g2/bsp_hw_locks.o
                0x1ffe0057                g_hw_lock_JPEG_0U_0U
 .hw_lock.KEY_0U_0U
                0x1ffe0058        0x1 ./synergy/ssp/src/bsp/mcu/s7g2/bsp_hw_locks.o
                0x1ffe0058                g_hw_lock_KEY_0U_0U
 .hw_lock.LPM_1U_0U
                0x1ffe0059        0x1 ./synergy/ssp/src/bsp/mcu/s7g2/bsp_hw_locks.o
                0x1ffe0059                g_hw_lock_LPM_1U_0U
 .hw_lock.LVD_0U_0U
                0x1ffe005a        0x1 ./synergy/ssp/src/bsp/mcu/s7g2/bsp_hw_locks.o
                0x1ffe005a                g_hw_lock_LVD_0U_0U
 .hw_lock.LVD_0U_1U
                0x1ffe005b        0x1 ./synergy/ssp/src/bsp/mcu/s7g2/bsp_hw_locks.o
                0x1ffe005b                g_hw_lock_LVD_0U_1U
 .hw_lock.MMF_0U_0U
                0x1ffe005c        0x1 ./synergy/ssp/src/bsp/mcu/s7g2/bsp_hw_locks.o
                0x1ffe005c                g_hw_lock_MMF_0U_0U
 .hw_lock.MPU_0U_0U
                0x1ffe005d        0x1 ./synergy/ssp/src/bsp/mcu/s7g2/bsp_hw_locks.o
                0x1ffe005d                g_hw_lock_MPU_0U_0U
 .hw_lock.OPS_0U_0U
                0x1ffe005e        0x1 ./synergy/ssp/src/bsp/mcu/s7g2/bsp_hw_locks.o
                0x1ffe005e                g_hw_lock_OPS_0U_0U
 .hw_lock.PDC_0U_0U
                0x1ffe005f        0x1 ./synergy/ssp/src/bsp/mcu/s7g2/bsp_hw_locks.o
                0x1ffe005f                g_hw_lock_PDC_0U_0U
 .hw_lock.POEG_0U_0U
                0x1ffe0060        0x1 ./synergy/ssp/src/bsp/mcu/s7g2/bsp_hw_locks.o
                0x1ffe0060                g_hw_lock_POEG_0U_0U
 .hw_lock.POEG_0U_1U
                0x1ffe0061        0x1 ./synergy/ssp/src/bsp/mcu/s7g2/bsp_hw_locks.o
                0x1ffe0061                g_hw_lock_POEG_0U_1U
 .hw_lock.POEG_0U_2U
                0x1ffe0062        0x1 ./synergy/ssp/src/bsp/mcu/s7g2/bsp_hw_locks.o
                0x1ffe0062                g_hw_lock_POEG_0U_2U
 .hw_lock.POEG_0U_3U
                0x1ffe0063        0x1 ./synergy/ssp/src/bsp/mcu/s7g2/bsp_hw_locks.o
                0x1ffe0063                g_hw_lock_POEG_0U_3U
 .hw_lock.QSPI_0U_0U
                0x1ffe0064        0x1 ./synergy/ssp/src/bsp/mcu/s7g2/bsp_hw_locks.o
                0x1ffe0064                g_hw_lock_QSPI_0U_0U
 .hw_lock.RTC_0U_0U
                0x1ffe0065        0x1 ./synergy/ssp/src/bsp/mcu/s7g2/bsp_hw_locks.o
                0x1ffe0065                g_hw_lock_RTC_0U_0U
 .hw_lock.SCE_0U_0U
                0x1ffe0066        0x1 ./synergy/ssp/src/bsp/mcu/s7g2/bsp_hw_locks.o
                0x1ffe0066                g_hw_lock_SCE_0U_0U
 .hw_lock.SCI_0U_0U
                0x1ffe0067        0x1 ./synergy/ssp/src/bsp/mcu/s7g2/bsp_hw_locks.o
                0x1ffe0067                g_hw_lock_SCI_0U_0U
 .hw_lock.SCI_0U_1U
                0x1ffe0068        0x1 ./synergy/ssp/src/bsp/mcu/s7g2/bsp_hw_locks.o
                0x1ffe0068                g_hw_lock_SCI_0U_1U
 .hw_lock.SCI_0U_2U
                0x1ffe0069        0x1 ./synergy/ssp/src/bsp/mcu/s7g2/bsp_hw_locks.o
                0x1ffe0069                g_hw_lock_SCI_0U_2U
 .hw_lock.SCI_0U_3U
                0x1ffe006a        0x1 ./synergy/ssp/src/bsp/mcu/s7g2/bsp_hw_locks.o
                0x1ffe006a                g_hw_lock_SCI_0U_3U
 .hw_lock.SCI_0U_4U
                0x1ffe006b        0x1 ./synergy/ssp/src/bsp/mcu/s7g2/bsp_hw_locks.o
                0x1ffe006b                g_hw_lock_SCI_0U_4U
 .hw_lock.SCI_0U_5U
                0x1ffe006c        0x1 ./synergy/ssp/src/bsp/mcu/s7g2/bsp_hw_locks.o
                0x1ffe006c                g_hw_lock_SCI_0U_5U
 .hw_lock.SCI_0U_6U
                0x1ffe006d        0x1 ./synergy/ssp/src/bsp/mcu/s7g2/bsp_hw_locks.o
                0x1ffe006d                g_hw_lock_SCI_0U_6U
 .hw_lock.SCI_0U_7U
                0x1ffe006e        0x1 ./synergy/ssp/src/bsp/mcu/s7g2/bsp_hw_locks.o
                0x1ffe006e                g_hw_lock_SCI_0U_7U
 .hw_lock.SCI_0U_8U
                0x1ffe006f        0x1 ./synergy/ssp/src/bsp/mcu/s7g2/bsp_hw_locks.o
                0x1ffe006f                g_hw_lock_SCI_0U_8U
 .hw_lock.SCI_0U_9U
                0x1ffe0070        0x1 ./synergy/ssp/src/bsp/mcu/s7g2/bsp_hw_locks.o
                0x1ffe0070                g_hw_lock_SCI_0U_9U
 .hw_lock.SDHIMMC_0U_0U
                0x1ffe0071        0x1 ./synergy/ssp/src/bsp/mcu/s7g2/bsp_hw_locks.o
                0x1ffe0071                g_hw_lock_SDHIMMC_0U_0U
 .hw_lock.SDHIMMC_0U_1U
                0x1ffe0072        0x1 ./synergy/ssp/src/bsp/mcu/s7g2/bsp_hw_locks.o
                0x1ffe0072                g_hw_lock_SDHIMMC_0U_1U
 .hw_lock.SPI_0U_0U
                0x1ffe0073        0x1 ./synergy/ssp/src/bsp/mcu/s7g2/bsp_hw_locks.o
                0x1ffe0073                g_hw_lock_SPI_0U_0U
 .hw_lock.SPI_0U_1U
                0x1ffe0074        0x1 ./synergy/ssp/src/bsp/mcu/s7g2/bsp_hw_locks.o
                0x1ffe0074                g_hw_lock_SPI_0U_1U
 .hw_lock.SRC_0U_0U
                0x1ffe0075        0x1 ./synergy/ssp/src/bsp/mcu/s7g2/bsp_hw_locks.o
                0x1ffe0075                g_hw_lock_SRC_0U_0U
 .hw_lock.SSI_0U_0U
                0x1ffe0076        0x1 ./synergy/ssp/src/bsp/mcu/s7g2/bsp_hw_locks.o
                0x1ffe0076                g_hw_lock_SSI_0U_0U
 .hw_lock.SSI_0U_1U
                0x1ffe0077        0x1 ./synergy/ssp/src/bsp/mcu/s7g2/bsp_hw_locks.o
                0x1ffe0077                g_hw_lock_SSI_0U_1U
 .hw_lock.TSN_0U_0U
                0x1ffe0078        0x1 ./synergy/ssp/src/bsp/mcu/s7g2/bsp_hw_locks.o
                0x1ffe0078                g_hw_lock_TSN_0U_0U
 .hw_lock.USB_0U_0U
                0x1ffe0079        0x1 ./synergy/ssp/src/bsp/mcu/s7g2/bsp_hw_locks.o
                0x1ffe0079                g_hw_lock_USB_0U_0U
 .hw_lock.USB_1U_0U
                0x1ffe007a        0x1 ./synergy/ssp/src/bsp/mcu/s7g2/bsp_hw_locks.o
                0x1ffe007a                g_hw_lock_USB_1U_0U
 .hw_lock.WDT_0U_0U
                0x1ffe007b        0x1 ./synergy/ssp/src/bsp/mcu/s7g2/bsp_hw_locks.o
                0x1ffe007b                g_hw_lock_WDT_0U_0U
                0x1ffe007c                __Lock_End = .
                0x1ffe007c                . = ALIGN (0x4)
                0x1ffe007c                __data_end__ = .
                0x0000006c                __Lock_Size = (__Lock_End - __Lock_Start)

.igot.plt       0x1ffe007c        0x0 load address 0x00005124
 .igot.plt      0x00000000        0x0 c:/program files (x86)/gnu tools arm embedded/4.9 2015q3/bin/../lib/gcc/arm-none-eabi/4.9.3/armv7e-m/fpu/crtbegin.o

.qspi_flash     0x60000000        0x0
                0x60000000                __qspi_flash_start__ = .
 *(.qspi_flash*)
                0x60000000                __qspi_flash_end__ = .
                0x00000000                __qspi_flash_code_size__ = (__qspi_flash_end__ - __qspi_flash_start__)
                0x00005124                __qspi_flash_code_addr__ = (__etext + (__data_end__ - __data_start__))

.qspi_non_retentive
                0x60000000        0x0 load address 0x00005124
                0x60000000                __qspi_non_retentive_start__ = .
 *(.qspi_non_retentive*)
                0x60000000                __qspi_non_retentive_end__ = .
                0x00000000                __qspi_non_retentive_size__ = (__qspi_non_retentive_end__ - __qspi_non_retentive_start__)
                0x04000000                __qspi_region_max_size__ = 0x4000000
                0x60000000                __qspi_region_start_address__ = __qspi_flash_start__
                0x64000000                __qspi_region_end_address__ = (__qspi_flash_start__ + __qspi_region_max_size__)

.noinit         0x1ffe007c       0x38 load address 0x00005124
                0x1ffe007c                . = ALIGN (0x4)
                0x1ffe007c                __noinit_start = .
 *(.noinit*)
 .noinit        0x1ffe007c       0x14 ./synergy/ssp/src/driver/r_ioport/r_ioport.o
 .noinit        0x1ffe0090        0x4 ./synergy/ssp/src/driver/r_fmi/r_fmi.o
 .noinit        0x1ffe0094       0x18 ./synergy/ssp/src/driver/r_cgc/hw/hw_cgc.o
 .noinit        0x1ffe00ac        0x8 ./synergy/ssp/src/driver/r_cgc/r_cgc.o
                0x1ffe00ac                gp_cgc_feature
                0x1ffe00b4                __noinit_end = .

.bss            0x1ffe00b4      0x31c load address 0x0000515c
                0x1ffe00b4                . = ALIGN (0x4)
                0x1ffe00b4                __bss_start__ = .
 *(.bss*)
 .bss           0x1ffe00b4       0x1c c:/program files (x86)/gnu tools arm embedded/4.9 2015q3/bin/../lib/gcc/arm-none-eabi/4.9.3/armv7e-m/fpu/crtbegin.o
 .bss.g_protect_pfswe_counter
                0x1ffe00d0        0x2 ./synergy/ssp/src/driver/r_ioport/r_ioport.o
                0x1ffe00d0                g_protect_pfswe_counter
 *fill*         0x1ffe00d2        0x2 
 .bss.gp_elc_reg
                0x1ffe00d4        0x4 ./synergy/ssp/src/driver/r_elc/r_elc.o
 .bss.g_bsp_group_irq_sources
                0x1ffe00d8       0x30 ./synergy/ssp/src/bsp/mcu/s7g2/bsp_group_irq.o
 .bss.g_vector_information_size
                0x1ffe0108        0x4 ./synergy/ssp/src/bsp/mcu/all/bsp_irq.o
                0x1ffe0108                g_vector_information_size
 .bss.g_bsp_lock_lookup_size
                0x1ffe010c        0x4 ./synergy/ssp/src/bsp/mcu/all/bsp_locking.o
 .bss.gp_bsp_lock_lookup
                0x1ffe0110        0x4 ./synergy/ssp/src/bsp/mcu/all/bsp_locking.o
 .bss.gp_bsp_locks
                0x1ffe0114        0x4 ./synergy/ssp/src/bsp/mcu/all/bsp_locking.o
 .bss.g_protect_counters
                0x1ffe0118        0x6 ./synergy/ssp/src/bsp/mcu/all/bsp_register_protection.o
 *fill*         0x1ffe011e        0x2 
 .bss.SystemCoreClock
                0x1ffe0120        0x4 ./synergy/ssp/src/bsp/cmsis/Device/RENESAS/S7G2/Source/system_S7G2.o
                0x1ffe0120                SystemCoreClock
 .bss.device_characteristics
                0x1ffe0124        0x3 ./synergy/board/s7g2_sk/bsp_qspi.o
 *fill*         0x1ffe0127        0x1 
 .bss.flag_status1
                0x1ffe0128        0x1 ./synergy/board/s7g2_sk/bsp_qspi.o
 *fill*         0x1ffe0129        0x3 
 .bss.flag_status2
                0x1ffe012c        0x1 ./synergy/board/s7g2_sk/bsp_qspi.o
 *fill*         0x1ffe012d        0x3 
 .bss.g_external_irq11_ctrl
                0x1ffe0130       0x14 ./src/synergy_gen/led_thread.o
 .bss.gp_ctrl_ICU_IRQ11
                0x1ffe0144        0x4 ./src/synergy_gen/led_thread.o
 .bss.g_prcr    0x1ffe0148        0x4 C:\Users\Cesario\e2_studio\workspace\FirstThreadProject\synergy\ssp\src\framework\el\tx\cm4_gcc\libtx.a(tx_thread_schedule.o)
 .bss.g_sbycr_ssby
                0x1ffe014c        0x4 C:\Users\Cesario\e2_studio\workspace\FirstThreadProject\synergy\ssp\src\framework\el\tx\cm4_gcc\libtx.a(tx_thread_schedule.o)
 *(COMMON)
 COMMON         0x1ffe0150       0xcc ./src/synergy_gen/led_thread.o
                0x1ffe0150                g_sw4_semaphore
                0x1ffe016c                led_thread
 COMMON         0x1ffe021c       0x24 ./src/synergy_gen/main.o
                0x1ffe021c                g_ssp_common_initialized
                0x1ffe0220                g_ssp_common_initialized_semaphore
                0x1ffe023c                g_ssp_common_thread_count
 COMMON         0x1ffe0240        0x8 ./src/led_thread_entry.o
                0x1ffe0240                LEDS
 COMMON         0x1ffe0248       0x34 C:\Users\Cesario\e2_studio\workspace\FirstThreadProject\synergy\ssp\src\framework\el\tx\cm4_gcc\libtx.a(tx_initialize_high_level.o)
                0x1ffe0248                _tx_event_flags_created_ptr
                0x1ffe024c                _tx_mutex_created_count
                0x1ffe0250                _tx_mutex_created_ptr
                0x1ffe0254                _tx_queue_created_count
                0x1ffe0258                _tx_semaphore_created_ptr
                0x1ffe025c                _tx_byte_pool_created_ptr
                0x1ffe0260                _tx_initialize_unused_memory
                0x1ffe0264                _tx_block_pool_created_count
                0x1ffe0268                _tx_semaphore_created_count
                0x1ffe026c                _tx_event_flags_created_count
                0x1ffe0270                _tx_block_pool_created_ptr
                0x1ffe0274                _tx_queue_created_ptr
                0x1ffe0278                _tx_byte_pool_created_count
 COMMON         0x1ffe027c       0xa8 C:\Users\Cesario\e2_studio\workspace\FirstThreadProject\synergy\ssp\src\framework\el\tx\cm4_gcc\libtx.a(tx_thread_initialize.o)
                0x1ffe027c                _tx_thread_priority_list
                0x1ffe02fc                _tx_thread_mutex_release
                0x1ffe0300                _tx_thread_priority_maps
                0x1ffe0304                _tx_thread_created_ptr
                0x1ffe0308                _tx_build_options
                0x1ffe030c                _tx_thread_created_count
                0x1ffe0310                _tx_thread_system_stack_ptr
                0x1ffe0314                _tx_thread_preempt_disable
                0x1ffe0318                _tx_thread_current_ptr
                0x1ffe031c                _tx_thread_execute_ptr
                0x1ffe0320                _tx_thread_highest_priority
 COMMON         0x1ffe0324       0xac C:\Users\Cesario\e2_studio\workspace\FirstThreadProject\synergy\ssp\src\framework\el\tx\cm4_gcc\libtx.a(tx_timer_initialize.o)